Microchip MPLAB XC8 Compiler V1.45 ()

Linker command line:

-W-3 --edf=C:\Program Files (x86)\Microchip\xc8\v1.45\dat\en_msgs.txt -cs \
  -h+dist/default/production\AVC_b.X.production.sym \
  --cmf=dist/default/production\AVC_b.X.production.cmf -z -Q18F4550 \
  -oC:\Users\ryan\AppData\Local\Temp\sbls.2 \
  -Mdist/default/production/AVC_b.X.production.map -E1 -ver=XC8 \
  -ASTACK=060h-07ffh -pstack=STACK -ACODE=00h-07FFFh -ACONST=00h-07FFFh \
  -ASMALLCONST=0800h-08FFhx120 -AMEDIUMCONST=0800h-07FFFh -ACOMRAM=01h-05Fh \
  -AABS1=00h-07FFh -ABIGRAM=01h-07FFh -ARAM=060h-0FFh,0100h-01FFhx7 \
  -ABANK0=060h-0FFh -ABANK1=0100h-01FFh -ABANK2=0200h-02FFh \
  -ABANK3=0300h-03FFh -ABANK4=0400h-04FFh -ABANK5=0500h-05FFh \
  -ABANK6=0600h-06FFh -ABANK7=0700h-07FFh -ASFR=0F60h-0FFFh \
  -preset_vec=00h,intcode,intcodelo,powerup,init -pramtop=0800h \
  -psmallconst=SMALLCONST -pmediumconst=MEDIUMCONST -pconst=CONST \
  -AFARRAM=00h-00h -ACONFIG=0300000h-030000Dh -pconfig=CONFIG \
  -AIDLOC=0200000h-0200007h -pidloc=IDLOC -AEEDATA=0F00000h-0F000FFh \
  -peeprom_data=EEDATA \
  -prdata=COMRAM,nvrram=COMRAM,nvbit=COMRAM,rbss=COMRAM,rbit=COMRAM \
  -pfarbss=FARRAM,fardata=FARRAM,nvFARRAM=FARRAM \
  -pintsave_regs=BIGRAM,bigbss=BIGRAM,bigdata=BIGRAM -pbss=RAM \
  -pidata=CODE,irdata=CODE,ibigdata=CODE,ifardata=CODE -prparam=COMRAM \
  C:\Users\ryan\AppData\Local\Temp\sbls.obj \
  dist/default/production\AVC_b.X.production.obj 

Object code version is 3.11

Machine type is 18F4550

Call graph: (short form)




                Name                               Link     Load   Length Selector   Space Scale
C:\Users\ryan\AppData\Local\Temp\sbls.obj
                init                                  0        0        4        0       0
                idloc                            200000   200000        8   200000       0
                config                           300000   300000        E   300000       0
dist/default/production\AVC_b.X.production.obj
                mediumconst                        76CC     76CC      934     3B66       0
                text33                             6B5C     6B5C        8     35AE       0
                text32                             6B64     6B64        A     35B2       0
                text31                             6CB0     6CB0       1C     3658       0
                text30                             6B6E     6B6E       12     35B7       0
                text29                             6D7C     6D7C       4C     36BE       0
                text28                             6D2C     6D2C       26     3696       0
                text27                             7228     7228       EA     3914       0
                text26                             6C14     6C14       1A     360A       0
                text25                             6BA4     6BA4       16     35D2       0
                text24                             6DC8     6DC8       5A     36E4       0
                text23                             6C2E     6C2E       1A     3617       0
                text22                             700E     700E       86     3807       0
                text21                             6C48     6C48       1A     3624       0
                text20                             6C62     6C62       1A     3631       0
                text19                             6C7C     6C7C       1A     363E       0
                text18                             6F90     6F90       7E     37C8       0
                text17                             6BBA     6BBA       16     35DD       0
                text16                             6C96     6C96       1A     364B       0
                text15                             6BD0     6BD0       16     35E8       0
                text14                             6F14     6F14       7C     378A       0
                text13                             6CCC     6CCC       1E     3666       0
                text12                             6B80     6B80       12     35C0       0
                text11                             6CEA     6CEA       1E     3675       0
                text10                             7094     7094       AE     384A       0
                text9                              6E22     6E22       78     3711       0
                text8                              7520     7520      1AC     3A90       0
                text7                              7142     7142       E6     38A1       0
                text6                              7312     7312       F4     3989       0
                text5                              6E9A     6E9A       7A     374D       0
                text4                              6D08     6D08       24     3684       0
                text3                              6BFC     6BFC       18     35FE       0
                text2                              6B92     6B92       12     35C9       0
                text1                              6D52     6D52       2A     36A9       0
                text0                              7406     7406      11A     3A03       0
                cstackCOMRAM                          1        1       3D        1       1
                bssCOMRAM                            3E       3E       11        1       1
                cinit                              6BE6     6BE6       16     35F3       0

TOTAL           Name                               Link     Load   Length     Space
        CLASS   STACK          

        CLASS   CODE           
                init                                  0        0        4         0
                text33                             6B5C     6B5C        8         0
                text32                             6B64     6B64        A         0
                text31                             6CB0     6CB0       1C         0
                text30                             6B6E     6B6E       12         0
                text29                             6D7C     6D7C       4C         0
                text28                             6D2C     6D2C       26         0
                text27                             7228     7228       EA         0
                text26                             6C14     6C14       1A         0
                text25                             6BA4     6BA4       16         0
                text24                             6DC8     6DC8       5A         0
                text23                             6C2E     6C2E       1A         0
                text22                             700E     700E       86         0
                text21                             6C48     6C48       1A         0
                text20                             6C62     6C62       1A         0
                text19                             6C7C     6C7C       1A         0
                text18                             6F90     6F90       7E         0
                text17                             6BBA     6BBA       16         0
                text16                             6C96     6C96       1A         0
                text15                             6BD0     6BD0       16         0
                text14                             6F14     6F14       7C         0
                text13                             6CCC     6CCC       1E         0
                text12                             6B80     6B80       12         0
                text11                             6CEA     6CEA       1E         0
                text10                             7094     7094       AE         0
                text9                              6E22     6E22       78         0
                text8                              7520     7520      1AC         0
                text7                              7142     7142       E6         0
                text6                              7312     7312       F4         0
                text5                              6E9A     6E9A       7A         0
                text4                              6D08     6D08       24         0
                text3                              6BFC     6BFC       18         0
                text2                              6B92     6B92       12         0
                text1                              6D52     6D52       2A         0
                text0                              7406     7406      11A         0
                cinit                              6BE6     6BE6       16         0

        CLASS   CONST          

        CLASS   SMALLCONST     

        CLASS   MEDIUMCONST    
                mediumconst                        76CC     76CC      934         0

        CLASS   COMRAM         
                cstackCOMRAM                          1        1       3D         1
                bssCOMRAM                            3E       3E       11         1

        CLASS   ABS1           

        CLASS   BIGRAM         

        CLASS   RAM            

        CLASS   BANK0          

        CLASS   BANK1          

        CLASS   BANK2          

        CLASS   BANK3          

        CLASS   BANK4          

        CLASS   BANK5          

        CLASS   BANK6          

        CLASS   BANK7          

        CLASS   SFR            

        CLASS   FARRAM         

        CLASS   CONFIG         
                config                           300000   300000        E         0

        CLASS   IDLOC          
                idloc                            200000   200000        8         0

        CLASS   EEDATA         



SEGMENTS        Name                           Load    Length   Top    Selector   Space  Class

                reset_vec                      000000  000004  000004         0       0  CODE    
                cstackCOMRAM                   000001  00004E  00004F         1       1  COMRAM  
                text33                         006B5C  000008  006B64      35AE       0  CODE    
                text32                         006B64  00000A  006B6E      35B2       0  CODE    
                text30                         006B6E  000012  006B80      35B7       0  CODE    
                text12                         006B80  000012  006B92      35C0       0  CODE    
                text2                          006B92  000012  006BA4      35C9       0  CODE    
                text25                         006BA4  000016  006BBA      35D2       0  CODE    
                text17                         006BBA  000016  006BD0      35DD       0  CODE    
                text15                         006BD0  000016  006BE6      35E8       0  CODE    
                cinit                          006BE6  000016  006BFC      35F3       0  CODE    
                text3                          006BFC  000018  006C14      35FE       0  CODE    
                text26                         006C14  00001A  006C2E      360A       0  CODE    
                text23                         006C2E  00001A  006C48      3617       0  CODE    
                text21                         006C48  00001A  006C62      3624       0  CODE    
                text20                         006C62  00001A  006C7C      3631       0  CODE    
                text19                         006C7C  00001A  006C96      363E       0  CODE    
                text16                         006C96  00001A  006CB0      364B       0  CODE    
                text31                         006CB0  00001C  006CCC      3658       0  CODE    
                text13                         006CCC  00001E  006CEA      3666       0  CODE    
                text11                         006CEA  00001E  006D08      3675       0  CODE    
                text4                          006D08  000024  006D2C      3684       0  CODE    
                text28                         006D2C  000026  006D52      3696       0  CODE    
                text1                          006D52  00002A  006D7C      36A9       0  CODE    
                text29                         006D7C  00004C  006DC8      36BE       0  CODE    
                text24                         006DC8  00005A  006E22      36E4       0  CODE    
                text9                          006E22  000078  006E9A      3711       0  CODE    
                text5                          006E9A  00007A  006F14      374D       0  CODE    
                text14                         006F14  00007C  006F90      378A       0  CODE    
                text18                         006F90  00007E  00700E      37C8       0  CODE    
                text22                         00700E  000086  007094      3807       0  CODE    
                text10                         007094  0000AE  007142      384A       0  CODE    
                text7                          007142  0000E6  007228      38A1       0  CODE    
                text27                         007228  0000EA  007312      3914       0  CODE    
                text6                          007312  0000F4  007406      3989       0  CODE    
                text0                          007406  00011A  007520      3A03       0  CODE    
                text8                          007520  0001AC  0076CC      3A90       0  CODE    
                mediumconst                    0076CC  000934  008000      3B66       0  MEDIUMCO
                idloc                          200000  000008  200008    200000       0  IDLOC   
                config                         300000  00000E  30000E    300000       0  CONFIG  


UNUSED ADDRESS RANGES

        Name                Unused          Largest block    Delta
        BANK0            000060-0000FF               A0
        BANK1            000100-0001FF              100
        BANK2            000200-0002FF              100
        BANK3            000300-0003FF              100
        BANK4            000400-0004FF              100
        BANK5            000500-0005FF              100
        BANK6            000600-0006FF              100
        BANK7            000700-0007FF              100
        BIGRAM           00004F-0007FF              7B1
        CODE             000004-006B5B             6B58
        COMRAM           00004F-00005F               11
        CONST            000004-006B5B             6B58
        EEDATA           F00000-F000FF              100
        MEDIUMCONST      000800-006B5B             635C
        RAM              000060-0007FF              100
        SFR              000F60-000FFF               A0
        SMALLCONST       000800-006B5B              100
        STACK            000060-0007FF              7A0

                                  Symbol Table

?_MPU6050_dmpGetFIFOPacketSize           cstackCOMRAM 000001
?___altoft                               cstackCOMRAM 000009
?___ftadd                                cstackCOMRAM 000022
?___ftdiv                                cstackCOMRAM 000013
?___ftpack                               cstackCOMRAM 000001
?___fttol                                cstackCOMRAM 000001
?___wmul                                 cstackCOMRAM 000001
?_printf                                 cstackCOMRAM 000002
I2Cdev_readBits@b                        cstackCOMRAM 000022
I2Cdev_readBits@bitStart                 cstackCOMRAM 000018
I2Cdev_readBits@count                    cstackCOMRAM 00001F
I2Cdev_readBits@data                     cstackCOMRAM 00001A
I2Cdev_readBits@devAddr                  cstackCOMRAM 000020
I2Cdev_readBits@length                   cstackCOMRAM 000019
I2Cdev_readBits@mask                     cstackCOMRAM 000021
I2Cdev_readBits@regAddr                  cstackCOMRAM 000017
I2Cdev_readByte@data                     cstackCOMRAM 000014
I2Cdev_readByte@devAddr                  cstackCOMRAM 000016
I2Cdev_readByte@regAddr                  cstackCOMRAM 000013
I2Cdev_readBytes@count                   cstackCOMRAM 000012
I2Cdev_readBytes@data                    cstackCOMRAM 000009
I2Cdev_readBytes@devAddr                 cstackCOMRAM 000011
I2Cdev_readBytes@length                  cstackCOMRAM 000008
I2Cdev_readBytes@regAddr                 cstackCOMRAM 000007
I2Cdev_writeBit@b                        cstackCOMRAM 000022
I2Cdev_writeBit@bitNum                   cstackCOMRAM 000018
I2Cdev_writeBit@data                     cstackCOMRAM 000019
I2Cdev_writeBit@devAddr                  cstackCOMRAM 000021
I2Cdev_writeBit@regAddr                  cstackCOMRAM 000017
I2Cdev_writeBits@b                       cstackCOMRAM 000020
I2Cdev_writeBits@bitStart                cstackCOMRAM 000018
I2Cdev_writeBits@data                    cstackCOMRAM 00001A
I2Cdev_writeBits@devAddr                 cstackCOMRAM 00001E
I2Cdev_writeBits@length                  cstackCOMRAM 000019
I2Cdev_writeBits@mask                    cstackCOMRAM 00001F
I2Cdev_writeBits@regAddr                 cstackCOMRAM 000017
I2Cdev_writeByte@data                    cstackCOMRAM 00000A
I2Cdev_writeByte@devAddr                 cstackCOMRAM 00000B
I2Cdev_writeByte@regAddr                 cstackCOMRAM 000009
I2Cdev_writeBytes@data                   cstackCOMRAM 000005
I2Cdev_writeBytes@devAddr                cstackCOMRAM 000007
I2Cdev_writeBytes@i                      cstackCOMRAM 000008
I2Cdev_writeBytes@length                 cstackCOMRAM 000004
I2Cdev_writeBytes@regAddr                cstackCOMRAM 000003
MPU6050@address                          cstackCOMRAM 000001
MPU6050_setClockSource@source            cstackCOMRAM 000021
MPU6050_setDMPEnabled@enabled            cstackCOMRAM 000023
MPU6050_setFullScaleAccelRange@range     cstackCOMRAM 000021
MPU6050_setFullScaleGyroRange@range      cstackCOMRAM 000021
MPU6050_setSleepEnabled@enabled          cstackCOMRAM 000023
OpenI2C@slew                             cstackCOMRAM 000001
OpenI2C@sync_mode                        cstackCOMRAM 000002
USART_Init@baud_rate                     cstackCOMRAM 00002E
USART_Init@temp                          cstackCOMRAM 000032
WriteI2C@data_out                        cstackCOMRAM 000002
_CCP1CON                                 (abs)        000FBD
_I2Cdev_readBits                         text14       006F14
_I2Cdev_readByte                         text26       006C14
_I2Cdev_readBytes                        text27       007228
_I2Cdev_writeBit                         text18       006F90
_I2Cdev_writeBit$488                     cstackCOMRAM 00001F
_I2Cdev_writeBits                        text22       00700E
_I2Cdev_writeByte                        text23       006C2E
_I2Cdev_writeBytes                       text24       006DC8
_IdleI2C                                 text30       006B6E
_LATCbits                                (abs)        000F8B
_MPU6050                                 text33       006B5C
_MPU6050_dmpGetFIFOPacketSize            text32       006B64
_MPU6050_getDeviceID                     text13       006CCC
_MPU6050_getIntStatus                    text25       006BA4
_MPU6050_initialize                      text16       006C96
_MPU6050_setClockSource                  text21       006C48
_MPU6050_setDMPEnabled                   text15       006BD0
_MPU6050_setFullScaleAccelRange          text20       006C62
_MPU6050_setFullScaleGyroRange           text19       006C7C
_MPU6050_setSleepEnabled                 text17       006BBA
_MPU6050_testConnection                  text12       006B80
_OSCCON                                  (abs)        000FD3
_OpenI2C                                 text11       006CEA
_PIR1bits                                (abs)        000F9E
_RCIF                                    (abs)        007CF5
_RCREG                                   (abs)        000FAE
_RCSTA                                   (abs)        000FAB
_ReadI2C                                 text31       006CB0
_SPBRG                                   (abs)        000FAF
_SSPADD                                  (abs)        000FC8
_SSPBUF                                  (abs)        000FC9
_SSPCON1                                 (abs)        000FC6
_SSPCON1bits                             (abs)        000FC6
_SSPCON2                                 (abs)        000FC5
_SSPCON2bits                             (abs)        000FC5
_SSPSTAT                                 (abs)        000FC7
_SSPSTATbits                             (abs)        000FC7
_TRISA                                   (abs)        000F92
_TRISB                                   (abs)        000F93
_TRISBbits                               (abs)        000F93
_TRISC2                                  (abs)        007CA2
_TRISC6                                  (abs)        007CA6
_TRISC7                                  (abs)        007CA7
_TRISCbits                               (abs)        000F94
_TRISD                                   (abs)        000F95
_TRISDbits                               (abs)        000F95
_TRISE                                   (abs)        000F96
_TXIF                                    (abs)        007CF4
_TXREG1                                  (abs)        000FAD
_TXSTA                                   (abs)        000FAC
_TXSTA1bits                              (abs)        000FAC
_USART_Init                              text5        006E9A
_WriteI2C                                text29       006D7C
__CFG_BOR$OFF                            (abs)        000000
__CFG_CCP2MX$OFF                         (abs)        000000
__CFG_FCMEN$OFF                          (abs)        000000
__CFG_FOSC$INTOSC_EC                     (abs)        000000
__CFG_IESO$OFF                           (abs)        000000
__CFG_LPT1OSC$ON                         (abs)        000000
__CFG_LVP$OFF                            (abs)        000000
__CFG_MCLRE$ON                           (abs)        000000
__CFG_PBADEN$OFF                         (abs)        000000
__CFG_PLLDIV$2                           (abs)        000000
__CFG_PWRT$ON                            (abs)        000000
__CFG_STVREN$ON                          (abs)        000000
__CFG_WDT$OFF                            (abs)        000000
__CFG_XINST$OFF                          (abs)        000000
__HRAM                                   (abs)        000000
__Habs1                                  abs1         000000
__Hbank0                                 bank0        000000
__Hbank1                                 bank1        000000
__Hbank2                                 bank2        000000
__Hbank3                                 bank3        000000
__Hbank4                                 bank4        000000
__Hbank5                                 bank5        000000
__Hbank6                                 bank6        000000
__Hbank7                                 bank7        000000
__Hbigbss                                bigbss       000000
__Hbigdata                               bigdata      000000
__Hbigram                                bigram       000000
__Hbss                                   bss          000000
__HbssCOMRAM                             bssCOMRAM    000000
__Hcinit                                 cinit        000000
__Hclrtext                               clrtext      000000
__Hcomram                                comram       000000
__Hconfig                                config       30000E
__Hconst                                 const        000000
__HcstackCOMRAM                          cstackCOMRAM 000000
__Hdata                                  data         000000
__Heeprom_data                           eeprom_data  000000
__Hfarbss                                farbss       000000
__Hfardata                               fardata      000000
__Hibigdata                              ibigdata     000000
__Hidata                                 idata        000000
__Hidloc                                 idloc        200008
__Hifardata                              ifardata     000000
__Hinit                                  init         000004
__Hintcode                               intcode      000000
__Hintcode_body                          intcode_body 000000
__Hintcodelo                             intcodelo    000000
__Hintentry                              intentry     000000
__Hintret                                intret       000000
__Hintsave_regs                          intsave_regs 000000
__Hirdata                                irdata       000000
__Hmediumconst                           mediumconst  008000
__HnvFARRAM                              nvFARRAM     000000
__Hnvbit                                 nvbit        000000
__Hnvrram                                nvrram       000000
__Hparam                                 rparam       000000
__Hpowerup                               powerup      000000
__Hram                                   ram          000000
__Hramtop                                ramtop       000800
__Hrbit                                  rbit         000000
__Hrbss                                  rbss         000000
__Hrdata                                 rdata        000000
__Hreset_vec                             reset_vec    000000
__Hrparam                                rparam       000000
__Hsfr                                   sfr          000000
__Hsmallconst                            smallconst   000000
__Hspace_0                               (abs)        30000E
__Hspace_1                               (abs)        00004F
__Hspace_2                               (abs)        000000
__Hstack                                 stack        000000
__Hstruct                                struct       000000
__Htemp                                  temp         000000
__Htext                                  text         000000
__Htext0                                 text0        000000
__Htext1                                 text1        000000
__Htext10                                text10       000000
__Htext11                                text11       000000
__Htext12                                text12       000000
__Htext13                                text13       000000
__Htext14                                text14       000000
__Htext15                                text15       000000
__Htext16                                text16       000000
__Htext17                                text17       000000
__Htext18                                text18       000000
__Htext19                                text19       000000
__Htext2                                 text2        000000
__Htext20                                text20       000000
__Htext21                                text21       000000
__Htext22                                text22       000000
__Htext23                                text23       000000
__Htext24                                text24       000000
__Htext25                                text25       000000
__Htext26                                text26       000000
__Htext27                                text27       000000
__Htext28                                text28       000000
__Htext29                                text29       000000
__Htext3                                 text3        000000
__Htext30                                text30       000000
__Htext31                                text31       000000
__Htext32                                text32       000000
__Htext33                                text33       000000
__Htext4                                 text4        000000
__Htext5                                 text5        000000
__Htext6                                 text6        000000
__Htext7                                 text7        000000
__Htext8                                 text8        000000
__Htext9                                 text9        000000
__LRAM                                   (abs)        000001
__Labs1                                  abs1         000000
__Lbank0                                 bank0        000000
__Lbank1                                 bank1        000000
__Lbank2                                 bank2        000000
__Lbank3                                 bank3        000000
__Lbank4                                 bank4        000000
__Lbank5                                 bank5        000000
__Lbank6                                 bank6        000000
__Lbank7                                 bank7        000000
__Lbigbss                                bigbss       000000
__Lbigdata                               bigdata      000000
__Lbigram                                bigram       000000
__Lbss                                   bss          000000
__LbssCOMRAM                             bssCOMRAM    000000
__Lcinit                                 cinit        000000
__Lclrtext                               clrtext      000000
__Lcomram                                comram       000000
__Lconfig                                config       300000
__Lconst                                 const        000000
__LcstackCOMRAM                          cstackCOMRAM 000000
__Ldata                                  data         000000
__Leeprom_data                           eeprom_data  000000
__Lfarbss                                farbss       000000
__Lfardata                               fardata      000000
__Libigdata                              ibigdata     000000
__Lidata                                 idata        000000
__Lidloc                                 idloc        200000
__Lifardata                              ifardata     000000
__Linit                                  init         000000
__Lintcode                               intcode      000000
__Lintcode_body                          intcode_body 000000
__Lintcodelo                             intcodelo    000000
__Lintentry                              intentry     000000
__Lintret                                intret       000000
__Lintsave_regs                          intsave_regs 000000
__Lirdata                                irdata       000000
__Lmediumconst                           mediumconst  0076CC
__LnvFARRAM                              nvFARRAM     000000
__Lnvbit                                 nvbit        000000
__Lnvrram                                nvrram       000000
__Lparam                                 rparam       000000
__Lpowerup                               powerup      000000
__Lram                                   ram          000000
__Lramtop                                ramtop       000800
__Lrbit                                  rbit         000000
__Lrbss                                  rbss         000000
__Lrdata                                 rdata        000000
__Lreset_vec                             reset_vec    000000
__Lrparam                                rparam       000000
__Lsfr                                   sfr          000000
__Lsmallconst                            smallconst   000000
__Lspace_0                               (abs)        000000
__Lspace_1                               (abs)        000000
__Lspace_2                               (abs)        000000
__Lstack                                 stack        000000
__Lstruct                                struct       000000
__Ltemp                                  temp         000000
__Ltext                                  text         000000
__Ltext0                                 text0        000000
__Ltext1                                 text1        000000
__Ltext10                                text10       000000
__Ltext11                                text11       000000
__Ltext12                                text12       000000
__Ltext13                                text13       000000
__Ltext14                                text14       000000
__Ltext15                                text15       000000
__Ltext16                                text16       000000
__Ltext17                                text17       000000
__Ltext18                                text18       000000
__Ltext19                                text19       000000
__Ltext2                                 text2        000000
__Ltext20                                text20       000000
__Ltext21                                text21       000000
__Ltext22                                text22       000000
__Ltext23                                text23       000000
__Ltext24                                text24       000000
__Ltext25                                text25       000000
__Ltext26                                text26       000000
__Ltext27                                text27       000000
__Ltext28                                text28       000000
__Ltext29                                text29       000000
__Ltext3                                 text3        000000
__Ltext30                                text30       000000
__Ltext31                                text31       000000
__Ltext32                                text32       000000
__Ltext33                                text33       000000
__Ltext4                                 text4        000000
__Ltext5                                 text5        000000
__Ltext6                                 text6        000000
__Ltext7                                 text7        000000
__Ltext8                                 text8        000000
__Ltext9                                 text9        000000
__S0                                     (abs)        30000E
__S1                                     (abs)        00004F
__S2                                     (abs)        000000
___altoft                                text9        006E22
___altoft@c                              cstackCOMRAM 000009
___altoft@exp                            cstackCOMRAM 000011
___altoft@sign                           cstackCOMRAM 000012
___ftadd                                 text8        007520
___ftadd@exp1                            cstackCOMRAM 00002D
___ftadd@exp2                            cstackCOMRAM 00002C
___ftadd@f1                              cstackCOMRAM 000022
___ftadd@f2                              cstackCOMRAM 000025
___ftadd@sign                            cstackCOMRAM 00002B
___ftdiv                                 text7        007142
___ftdiv@cntr                            cstackCOMRAM 00001C
___ftdiv@exp                             cstackCOMRAM 000020
___ftdiv@f1                              cstackCOMRAM 000013
___ftdiv@f2                              cstackCOMRAM 000016
___ftdiv@f3                              cstackCOMRAM 00001D
___ftdiv@sign                            cstackCOMRAM 000021
___ftpack                                text10       007094
___ftpack@arg                            cstackCOMRAM 000001
___ftpack@exp                            cstackCOMRAM 000004
___ftpack@sign                           cstackCOMRAM 000005
___fttol                                 text6        007312
___fttol@exp1                            cstackCOMRAM 00000F
___fttol@f1                              cstackCOMRAM 000001
___fttol@lval                            cstackCOMRAM 00000B
___fttol@sign1                           cstackCOMRAM 00000A
___inthi_sp                              stack        000000
___intlo_sp                              stack        000000
___param_bank                            (abs)        000000
___rparam_used                           (abs)        000001
___sp                                    stack        000000
___wmul                                  text28       006D2C
___wmul@multiplicand                     cstackCOMRAM 000003
___wmul@multiplier                       cstackCOMRAM 000001
___wmul@product                          cstackCOMRAM 000005
__accesstop                              (abs)        000060
__activetblptr                           (abs)        000002
__end_of_I2Cdev_readBits                 text14       006F90
__end_of_I2Cdev_readByte                 text26       006C2E
__end_of_I2Cdev_readBytes                text27       007312
__end_of_I2Cdev_writeBit                 text18       00700E
__end_of_I2Cdev_writeBits                text22       007094
__end_of_I2Cdev_writeByte                text23       006C48
__end_of_I2Cdev_writeBytes               text24       006E22
__end_of_IdleI2C                         text30       006B80
__end_of_MPU6050                         text33       006B64
__end_of_MPU6050_dmpGetFIFOPacketSize    text32       006B6E
__end_of_MPU6050_getDeviceID             text13       006CEA
__end_of_MPU6050_getIntStatus            text25       006BBA
__end_of_MPU6050_initialize              text16       006CB0
__end_of_MPU6050_setClockSource          text21       006C62
__end_of_MPU6050_setDMPEnabled           text15       006BE6
__end_of_MPU6050_setFullScaleAccelRange  text20       006C7C
__end_of_MPU6050_setFullScaleGyroRange   text19       006C96
__end_of_MPU6050_setSleepEnabled         text17       006BD0
__end_of_MPU6050_testConnection          text12       006B92
__end_of_OpenI2C                         text11       006D08
__end_of_ReadI2C                         text31       006CCC
__end_of_USART_Init                      text5        006F14
__end_of_WriteI2C                        text29       006DC8
__end_of___altoft                        text9        006E9A
__end_of___ftadd                         text8        0076CC
__end_of___ftdiv                         text7        007228
__end_of___ftpack                        text10       007142
__end_of___fttol                         text6        007406
__end_of___wmul                          text28       006D52
__end_of__initialization                 cinit        006BF2
__end_of_dmpConfig                       mediumconst  007F45
__end_of_dmpMemory                       mediumconst  007E85
__end_of_dmpUpdates                      mediumconst  0076FC
__end_of_initBT                          text4        006D2C
__end_of_initIO                          text3        006C14
__end_of_main                            text0        007520
__end_of_printf                          text1        006D7C
__end_of_putch                           text2        006BA4
__initialization                         cinit        006BE6
__mediumconst                            mediumconst  0076CC
__pbssCOMRAM                             bssCOMRAM    00003E
__pcinit                                 cinit        006BE6
__pcstackCOMRAM                          cstackCOMRAM 000001
__pmediumconst                           mediumconst  0076CC
__ptext0                                 text0        007406
__ptext1                                 text1        006D52
__ptext10                                text10       007094
__ptext11                                text11       006CEA
__ptext12                                text12       006B80
__ptext13                                text13       006CCC
__ptext14                                text14       006F14
__ptext15                                text15       006BD0
__ptext16                                text16       006C96
__ptext17                                text17       006BBA
__ptext18                                text18       006F90
__ptext19                                text19       006C7C
__ptext2                                 text2        006B92
__ptext20                                text20       006C62
__ptext21                                text21       006C48
__ptext22                                text22       00700E
__ptext23                                text23       006C2E
__ptext24                                text24       006DC8
__ptext25                                text25       006BA4
__ptext26                                text26       006C14
__ptext27                                text27       007228
__ptext28                                text28       006D2C
__ptext29                                text29       006D7C
__ptext3                                 text3        006BFC
__ptext30                                text30       006B6E
__ptext31                                text31       006CB0
__ptext32                                text32       006B64
__ptext33                                text33       006B5C
__ptext4                                 text4        006D08
__ptext5                                 text5        006E9A
__ptext6                                 text6        007312
__ptext7                                 text7        007142
__ptext8                                 text8        007520
__ptext9                                 text9        006E22
__ramtop                                 ramtop       000800
__size_of_I2Cdev_readBits                (abs)        000000
__size_of_I2Cdev_readByte                (abs)        000000
__size_of_I2Cdev_readBytes               (abs)        000000
__size_of_I2Cdev_writeBit                (abs)        000000
__size_of_I2Cdev_writeBits               (abs)        000000
__size_of_I2Cdev_writeByte               (abs)        000000
__size_of_I2Cdev_writeBytes              (abs)        000000
__size_of_IdleI2C                        (abs)        000000
__size_of_MPU6050                        (abs)        000000
__size_of_MPU6050_dmpGetFIFOPacketSize   (abs)        000000
__size_of_MPU6050_getDeviceID            (abs)        000000
__size_of_MPU6050_getIntStatus           (abs)        000000
__size_of_MPU6050_initialize             (abs)        000000
__size_of_MPU6050_setClockSource         (abs)        000000
__size_of_MPU6050_setDMPEnabled          (abs)        000000
__size_of_MPU6050_setFullScaleAccelRange (abs)        000000
__size_of_MPU6050_setFullScaleGyroRange  (abs)        000000
__size_of_MPU6050_setSleepEnabled        (abs)        000000
__size_of_MPU6050_testConnection         (abs)        000000
__size_of_OpenI2C                        (abs)        000000
__size_of_ReadI2C                        (abs)        000000
__size_of_USART_Init                     (abs)        000000
__size_of_WriteI2C                       (abs)        000000
__size_of___altoft                       (abs)        000000
__size_of___ftadd                        (abs)        000000
__size_of___ftdiv                        (abs)        000000
__size_of___ftpack                       (abs)        000000
__size_of___fttol                        (abs)        000000
__size_of___wmul                         (abs)        000000
__size_of_initBT                         (abs)        000000
__size_of_initIO                         (abs)        000000
__size_of_main                           (abs)        000000
__size_of_printf                         (abs)        000000
__size_of_putch                          (abs)        000000
__smallconst                             smallconst   000000
_dmpConfig                               mediumconst  007E85
_dmpMemory                               mediumconst  0076FC
_dmpPacketSize                           bssCOMRAM    00003E
_dmpUpdates                              mediumconst  0076CD
_initBT                                  text4        006D08
_initIO                                  text3        006BFC
_main                                    text0        007406
_mpu6050                                 bssCOMRAM    000040
_printf                                  text1        006D52
_putch                                   text2        006B92
end_of_initialization                    cinit        006BF2
intlevel0                                text         000000
intlevel1                                text         000000
intlevel2                                text         000000
intlevel3                                text         000000
main@data_in                             cstackCOMRAM 00003A
main@devStatus                           cstackCOMRAM 00003D
main@dmpReady                            cstackCOMRAM 00003C
main@mpuIntStatus                        cstackCOMRAM 00003B
main@packetSize                          cstackCOMRAM 000038
printf@ap                                cstackCOMRAM 000004
printf@c                                 cstackCOMRAM 000006
printf@f                                 cstackCOMRAM 000002
putch@byte                               cstackCOMRAM 000001
stackhi                                  (abs)        0007FF
stacklo                                  (abs)        000060
start                                    init         000000
start_initialization                     cinit        006BE6


FUNCTION INFORMATION:

 *************** function _main *****************
 Defined at:
		line 29 in file "main.c"
 Parameters:    Size  Location     Type
		None
 Auto vars:     Size  Location     Type
  packetSize      2   55[COMRAM] unsigned int 
  gz              2    0        int 
  gy              2    0        int 
  gx              2    0        int 
  az              2    0        int 
  ay              2    0        int 
  ax              2    0        int 
  devStatus       1   60[COMRAM] unsigned char 
  dmpReady        1   59[COMRAM] unsigned char 
  mpuIntStatus    1   58[COMRAM] unsigned char 
  data_in         1   57[COMRAM] unsigned char 
 Return value:  Size  Location     Type
                  2   40[None  ] int 
 Registers used:
		wreg, fsr2l, fsr2h, status,2, status,0, tblptrl, tblptrh, tblptru, prodl, prodh, cstack
 Tracked objects:
		On entry : 
		On exit  : 
		Unchanged: 
 Data sizes:     COMRAM   BANK0   BANK1   BANK2   BANK3   BANK4   BANK5   BANK6   BANK7
      Params:         0       0       0       0       0       0       0       0       0
      Locals:         6       0       0       0       0       0       0       0       0
      Temps:          2       0       0       0       0       0       0       0       0
      Totals:         8       0       0       0       0       0       0       0       0
Total ram usage:        8 bytes
 Hardware stack levels required when called:    7
 This function calls:
		_MPU6050
		_MPU6050_dmpGetFIFOPacketSize
		_MPU6050_getIntStatus
		_MPU6050_initialize
		_MPU6050_setDMPEnabled
		_MPU6050_testConnection
		_OpenI2C
		_initBT
		_initIO
		_printf
 This function is called by:
		Startup code after reset
 This function uses a non-reentrant model


 *************** function _printf *****************
 Defined at:
		line 464 in file "C:\Program Files (x86)\Microchip\xc8\v1.45\sources\common\doprnt.c"
 Parameters:    Size  Location     Type
  f               2    1[COMRAM] PTR const unsigned char 
		 -> STR_10(26), STR_9(18), STR_8(8), STR_7(18), 
		 -> STR_6(34), STR_5(17), STR_4(25), STR_3(17), 
		 -> STR_2(11), STR_1(12), 
 Auto vars:     Size  Location     Type
  tmpval          4    0        struct .
  cp              3    0        PTR const unsigned char 
  ap              2    3[COMRAM] PTR void [1]
		 -> ?_printf(2), 
  len             2    0        unsigned int 
  val             2    0        unsigned int 
  c               1    5[COMRAM] char 
  flag            1    0        unsigned char 
  prec            1    0        char 
 Return value:  Size  Location     Type
                  2    1[COMRAM] int 
 Registers used:
		wreg, status,2, status,0, tblptrl, tblptrh, tblptru, cstack
 Tracked objects:
		On entry : 
		On exit  : 
		Unchanged: 
 Data sizes:     COMRAM   BANK0   BANK1   BANK2   BANK3   BANK4   BANK5   BANK6   BANK7
      Params:         2       0       0       0       0       0       0       0       0
      Locals:         3       0       0       0       0       0       0       0       0
      Temps:          0       0       0       0       0       0       0       0       0
      Totals:         5       0       0       0       0       0       0       0       0
Total ram usage:        5 bytes
 Hardware stack levels used:    1
 Hardware stack levels required when called:    1
 This function calls:
		_putch
 This function is called by:
		_main
		_MPU6050_dmpInitialize
 This function uses a non-reentrant model


 *************** function _putch *****************
 Defined at:
		line 19 in file "USART_Source_File.c"
 Parameters:    Size  Location     Type
  byte            1    wreg     unsigned char 
 Auto vars:     Size  Location     Type
  byte            1    0[COMRAM] unsigned char 
 Return value:  Size  Location     Type
                  1    wreg      void 
 Registers used:
		wreg
 Tracked objects:
		On entry : 
		On exit  : 
		Unchanged: 
 Data sizes:     COMRAM   BANK0   BANK1   BANK2   BANK3   BANK4   BANK5   BANK6   BANK7
      Params:         0       0       0       0       0       0       0       0       0
      Locals:         1       0       0       0       0       0       0       0       0
      Temps:          0       0       0       0       0       0       0       0       0
      Totals:         1       0       0       0       0       0       0       0       0
Total ram usage:        1 bytes
 Hardware stack levels used:    1
 This function calls:
		Nothing
 This function is called by:
		_printf
 This function uses a non-reentrant model


 *************** function _initIO *****************
 Defined at:
		line 14 in file "Inits.c"
 Parameters:    Size  Location     Type
		None
 Auto vars:     Size  Location     Type
		None
 Return value:  Size  Location     Type
                  1    wreg      void 
 Registers used:
		wreg, status,2
 Tracked objects:
		On entry : 
		On exit  : 
		Unchanged: 
 Data sizes:     COMRAM   BANK0   BANK1   BANK2   BANK3   BANK4   BANK5   BANK6   BANK7
      Params:         0       0       0       0       0       0       0       0       0
      Locals:         0       0       0       0       0       0       0       0       0
      Temps:          0       0       0       0       0       0       0       0       0
      Totals:         0       0       0       0       0       0       0       0       0
Total ram usage:        0 bytes
 Hardware stack levels used:    1
 This function calls:
		Nothing
 This function is called by:
		_main
 This function uses a non-reentrant model


 *************** function _initBT *****************
 Defined at:
		line 24 in file "Inits.c"
 Parameters:    Size  Location     Type
		None
 Auto vars:     Size  Location     Type
		None
 Return value:  Size  Location     Type
                  1    wreg      void 
 Registers used:
		wreg, status,2, status,0, cstack
 Tracked objects:
		On entry : 
		On exit  : 
		Unchanged: 
 Data sizes:     COMRAM   BANK0   BANK1   BANK2   BANK3   BANK4   BANK5   BANK6   BANK7
      Params:         0       0       0       0       0       0       0       0       0
      Locals:         0       0       0       0       0       0       0       0       0
      Temps:          1       0       0       0       0       0       0       0       0
      Totals:         1       0       0       0       0       0       0       0       0
Total ram usage:        1 bytes
 Hardware stack levels used:    1
 Hardware stack levels required when called:    3
 This function calls:
		_USART_Init
 This function is called by:
		_main
 This function uses a non-reentrant model


 *************** function _USART_Init *****************
 Defined at:
		line 8 in file "USART_Source_File.c"
 Parameters:    Size  Location     Type
  baud_rate       4   45[COMRAM] long 
 Auto vars:     Size  Location     Type
  temp            3   49[COMRAM] float 
 Return value:  Size  Location     Type
                  1    wreg      void 
 Registers used:
		wreg, status,2, status,0, cstack
 Tracked objects:
		On entry : 
		On exit  : 
		Unchanged: 
 Data sizes:     COMRAM   BANK0   BANK1   BANK2   BANK3   BANK4   BANK5   BANK6   BANK7
      Params:         4       0       0       0       0       0       0       0       0
      Locals:         3       0       0       0       0       0       0       0       0
      Temps:          0       0       0       0       0       0       0       0       0
      Totals:         7       0       0       0       0       0       0       0       0
Total ram usage:        7 bytes
 Hardware stack levels used:    1
 Hardware stack levels required when called:    2
 This function calls:
		___altoft
		___ftadd
		___ftdiv
		___fttol
 This function is called by:
		_initBT
 This function uses a non-reentrant model


 *************** function ___fttol *****************
 Defined at:
		line 44 in file "C:\Program Files (x86)\Microchip\xc8\v1.45\sources\common\fttol.c"
 Parameters:    Size  Location     Type
  f1              3    0[COMRAM] float 
 Auto vars:     Size  Location     Type
  lval            4   10[COMRAM] unsigned long 
  exp1            1   14[COMRAM] unsigned char 
  sign1           1    9[COMRAM] unsigned char 
 Return value:  Size  Location     Type
                  4    0[COMRAM] long 
 Registers used:
		wreg, status,2, status,0
 Tracked objects:
		On entry : 
		On exit  : 
		Unchanged: 
 Data sizes:     COMRAM   BANK0   BANK1   BANK2   BANK3   BANK4   BANK5   BANK6   BANK7
      Params:         4       0       0       0       0       0       0       0       0
      Locals:         6       0       0       0       0       0       0       0       0
      Temps:          5       0       0       0       0       0       0       0       0
      Totals:        15       0       0       0       0       0       0       0       0
Total ram usage:       15 bytes
 Hardware stack levels used:    1
 This function calls:
		Nothing
 This function is called by:
		_USART_Init
 This function uses a non-reentrant model


 *************** function ___ftdiv *****************
 Defined at:
		line 54 in file "C:\Program Files (x86)\Microchip\xc8\v1.45\sources\common\ftdiv.c"
 Parameters:    Size  Location     Type
  f1              3   18[COMRAM] float 
  f2              3   21[COMRAM] float 
 Auto vars:     Size  Location     Type
  f3              3   28[COMRAM] float 
  sign            1   32[COMRAM] unsigned char 
  exp             1   31[COMRAM] unsigned char 
  cntr            1   27[COMRAM] unsigned char 
 Return value:  Size  Location     Type
                  3   18[COMRAM] float 
 Registers used:
		wreg, status,2, status,0, cstack
 Tracked objects:
		On entry : 
		On exit  : 
		Unchanged: 
 Data sizes:     COMRAM   BANK0   BANK1   BANK2   BANK3   BANK4   BANK5   BANK6   BANK7
      Params:         6       0       0       0       0       0       0       0       0
      Locals:         6       0       0       0       0       0       0       0       0
      Temps:          3       0       0       0       0       0       0       0       0
      Totals:        15       0       0       0       0       0       0       0       0
Total ram usage:       15 bytes
 Hardware stack levels used:    1
 Hardware stack levels required when called:    1
 This function calls:
		___ftpack
 This function is called by:
		_USART_Init
 This function uses a non-reentrant model


 *************** function ___ftadd *****************
 Defined at:
		line 86 in file "C:\Program Files (x86)\Microchip\xc8\v1.45\sources\common\ftadd.c"
 Parameters:    Size  Location     Type
  f1              3   33[COMRAM] float 
  f2              3   36[COMRAM] float 
 Auto vars:     Size  Location     Type
  exp1            1   44[COMRAM] unsigned char 
  exp2            1   43[COMRAM] unsigned char 
  sign            1   42[COMRAM] unsigned char 
 Return value:  Size  Location     Type
                  3   33[COMRAM] float 
 Registers used:
		wreg, status,2, status,0, cstack
 Tracked objects:
		On entry : 
		On exit  : 
		Unchanged: 
 Data sizes:     COMRAM   BANK0   BANK1   BANK2   BANK3   BANK4   BANK5   BANK6   BANK7
      Params:         6       0       0       0       0       0       0       0       0
      Locals:         3       0       0       0       0       0       0       0       0
      Temps:          3       0       0       0       0       0       0       0       0
      Totals:        12       0       0       0       0       0       0       0       0
Total ram usage:       12 bytes
 Hardware stack levels used:    1
 Hardware stack levels required when called:    1
 This function calls:
		___ftpack
 This function is called by:
		_USART_Init
 This function uses a non-reentrant model


 *************** function ___altoft *****************
 Defined at:
		line 42 in file "C:\Program Files (x86)\Microchip\xc8\v1.45\sources\common\altoft.c"
 Parameters:    Size  Location     Type
  c               4    8[COMRAM] long 
 Auto vars:     Size  Location     Type
  sign            1   17[COMRAM] unsigned char 
  exp             1   16[COMRAM] unsigned char 
 Return value:  Size  Location     Type
                  3    8[COMRAM] float 
 Registers used:
		wreg, status,2, status,0, cstack
 Tracked objects:
		On entry : 
		On exit  : 
		Unchanged: 
 Data sizes:     COMRAM   BANK0   BANK1   BANK2   BANK3   BANK4   BANK5   BANK6   BANK7
      Params:         4       0       0       0       0       0       0       0       0
      Locals:         2       0       0       0       0       0       0       0       0
      Temps:          4       0       0       0       0       0       0       0       0
      Totals:        10       0       0       0       0       0       0       0       0
Total ram usage:       10 bytes
 Hardware stack levels used:    1
 Hardware stack levels required when called:    1
 This function calls:
		___ftpack
 This function is called by:
		_USART_Init
 This function uses a non-reentrant model


 *************** function ___ftpack *****************
 Defined at:
		line 62 in file "C:\Program Files (x86)\Microchip\xc8\v1.45\sources\common\float.c"
 Parameters:    Size  Location     Type
  arg             3    0[COMRAM] unsigned um
  exp             1    3[COMRAM] unsigned char 
  sign            1    4[COMRAM] unsigned char 
 Auto vars:     Size  Location     Type
		None
 Return value:  Size  Location     Type
                  3    0[COMRAM] float 
 Registers used:
		wreg, status,2, status,0
 Tracked objects:
		On entry : 
		On exit  : 
		Unchanged: 
 Data sizes:     COMRAM   BANK0   BANK1   BANK2   BANK3   BANK4   BANK5   BANK6   BANK7
      Params:         5       0       0       0       0       0       0       0       0
      Locals:         0       0       0       0       0       0       0       0       0
      Temps:          3       0       0       0       0       0       0       0       0
      Totals:         8       0       0       0       0       0       0       0       0
Total ram usage:        8 bytes
 Hardware stack levels used:    1
 This function calls:
		Nothing
 This function is called by:
		___altoft
		___ftadd
		___ftdiv
 This function uses a non-reentrant model


 *************** function _OpenI2C *****************
 Defined at:
		line 14 in file "C:\Program Files (x86)\Microchip\xc8\v1.45\sources\pic18\plib\i2c\i2c_open.c"
 Parameters:    Size  Location     Type
  sync_mode       1    wreg     unsigned char 
  slew            1    0[COMRAM] unsigned char 
 Auto vars:     Size  Location     Type
  sync_mode       1    1[COMRAM] unsigned char 
 Return value:  Size  Location     Type
                  1    wreg      void 
 Registers used:
		wreg, status,2, status,0
 Tracked objects:
		On entry : 
		On exit  : 
		Unchanged: 
 Data sizes:     COMRAM   BANK0   BANK1   BANK2   BANK3   BANK4   BANK5   BANK6   BANK7
      Params:         1       0       0       0       0       0       0       0       0
      Locals:         1       0       0       0       0       0       0       0       0
      Temps:          0       0       0       0       0       0       0       0       0
      Totals:         2       0       0       0       0       0       0       0       0
Total ram usage:        2 bytes
 Hardware stack levels used:    1
 This function calls:
		Nothing
 This function is called by:
		_main
 This function uses a non-reentrant model


 *************** function _MPU6050_testConnection *****************
 Defined at:
		line 76 in file "MPU6050.c"
 Parameters:    Size  Location     Type
		None
 Auto vars:     Size  Location     Type
		None
 Return value:  Size  Location     Type
                  1    wreg      unsigned char 
 Registers used:
		wreg, fsr2l, fsr2h, status,2, status,0, prodl, prodh, cstack
 Tracked objects:
		On entry : 
		On exit  : 
		Unchanged: 
 Data sizes:     COMRAM   BANK0   BANK1   BANK2   BANK3   BANK4   BANK5   BANK6   BANK7
      Params:         0       0       0       0       0       0       0       0       0
      Locals:         0       0       0       0       0       0       0       0       0
      Temps:          0       0       0       0       0       0       0       0       0
      Totals:         0       0       0       0       0       0       0       0       0
Total ram usage:        0 bytes
 Hardware stack levels used:    1
 Hardware stack levels required when called:    6
 This function calls:
		_MPU6050_getDeviceID
 This function is called by:
		_main
 This function uses a non-reentrant model


 *************** function _MPU6050_getDeviceID *****************
 Defined at:
		line 2699 in file "MPU6050.c"
 Parameters:    Size  Location     Type
		None
 Auto vars:     Size  Location     Type
		None
 Return value:  Size  Location     Type
                  1    wreg      unsigned char 
 Registers used:
		wreg, fsr2l, fsr2h, status,2, status,0, prodl, prodh, cstack
 Tracked objects:
		On entry : 
		On exit  : 
		Unchanged: 
 Data sizes:     COMRAM   BANK0   BANK1   BANK2   BANK3   BANK4   BANK5   BANK6   BANK7
      Params:         0       0       0       0       0       0       0       0       0
      Locals:         0       0       0       0       0       0       0       0       0
      Temps:          0       0       0       0       0       0       0       0       0
      Totals:         0       0       0       0       0       0       0       0       0
Total ram usage:        0 bytes
 Hardware stack levels used:    1
 Hardware stack levels required when called:    5
 This function calls:
		_I2Cdev_readBits
 This function is called by:
		_MPU6050_testConnection
 This function uses a non-reentrant model


 *************** function _I2Cdev_readBits *****************
 Defined at:
		line 206 in file "I2Cdev.c"
 Parameters:    Size  Location     Type
  devAddr         1    wreg     unsigned char 
  regAddr         1   22[COMRAM] unsigned char 
  bitStart        1   23[COMRAM] unsigned char 
  length          1   24[COMRAM] unsigned char 
  data            2   25[COMRAM] PTR unsigned char 
		 -> mpu6050(15), 
 Auto vars:     Size  Location     Type
  devAddr         1   31[COMRAM] unsigned char 
  mask            1   32[COMRAM] unsigned char 
  b               1   33[COMRAM] unsigned char 
  count           1   30[COMRAM] unsigned char 
 Return value:  Size  Location     Type
                  1    wreg      char 
 Registers used:
		wreg, fsr2l, fsr2h, status,2, status,0, prodl, prodh, cstack
 Tracked objects:
		On entry : 
		On exit  : 
		Unchanged: 
 Data sizes:     COMRAM   BANK0   BANK1   BANK2   BANK3   BANK4   BANK5   BANK6   BANK7
      Params:         5       0       0       0       0       0       0       0       0
      Locals:         4       0       0       0       0       0       0       0       0
      Temps:          3       0       0       0       0       0       0       0       0
      Totals:        12       0       0       0       0       0       0       0       0
Total ram usage:       12 bytes
 Hardware stack levels used:    1
 Hardware stack levels required when called:    4
 This function calls:
		_I2Cdev_readByte
 This function is called by:
		_MPU6050_getDeviceID
		_MPU6050_getExternalFrameSync
		_MPU6050_getDLPFMode
		_MPU6050_getFullScaleGyroRange
		_MPU6050_getFullScaleAccelRange
		_MPU6050_getDHPFMode
		_MPU6050_getMasterClockSpeed
		_MPU6050_getSlaveDataLength
		_MPU6050_getSlave4MasterDelay
		_MPU6050_getAccelerometerPowerOnDelay
		_MPU6050_getFreefallDetectionCounterDecrement
		_MPU6050_getMotionDetectionCounterDecrement
		_MPU6050_getClockSource
		_MPU6050_getWakeFrequency
		_MPU6050_getXGyroOffsetTC
		_MPU6050_getYGyroOffsetTC
		_MPU6050_getZGyroOffsetTC
 This function uses a non-reentrant model


 *************** function _MPU6050_setDMPEnabled *****************
 Defined at:
		line 2906 in file "MPU6050.c"
 Parameters:    Size  Location     Type
  enabled         1    wreg     unsigned char 
 Auto vars:     Size  Location     Type
  enabled         1   34[COMRAM] unsigned char 
 Return value:  Size  Location     Type
                  1    wreg      void 
 Registers used:
		wreg, fsr2l, fsr2h, status,2, status,0, prodl, prodh, cstack
 Tracked objects:
		On entry : 
		On exit  : 
		Unchanged: 
 Data sizes:     COMRAM   BANK0   BANK1   BANK2   BANK3   BANK4   BANK5   BANK6   BANK7
      Params:         0       0       0       0       0       0       0       0       0
      Locals:         1       0       0       0       0       0       0       0       0
      Temps:          0       0       0       0       0       0       0       0       0
      Totals:         1       0       0       0       0       0       0       0       0
Total ram usage:        1 bytes
 Hardware stack levels used:    1
 Hardware stack levels required when called:    5
 This function calls:
		_I2Cdev_writeBit
 This function is called by:
		_main
		_MPU6050_dmpInitialize
 This function uses a non-reentrant model


 *************** function _MPU6050_initialize *****************
 Defined at:
		line 65 in file "MPU6050.c"
 Parameters:    Size  Location     Type
		None
 Auto vars:     Size  Location     Type
		None
 Return value:  Size  Location     Type
                  1    wreg      void 
 Registers used:
		wreg, fsr2l, fsr2h, status,2, status,0, prodl, prodh, cstack
 Tracked objects:
		On entry : 
		On exit  : 
		Unchanged: 
 Data sizes:     COMRAM   BANK0   BANK1   BANK2   BANK3   BANK4   BANK5   BANK6   BANK7
      Params:         0       0       0       0       0       0       0       0       0
      Locals:         0       0       0       0       0       0       0       0       0
      Temps:          0       0       0       0       0       0       0       0       0
      Totals:         0       0       0       0       0       0       0       0       0
Total ram usage:        0 bytes
 Hardware stack levels used:    1
 Hardware stack levels required when called:    6
 This function calls:
		_MPU6050_setClockSource
		_MPU6050_setFullScaleAccelRange
		_MPU6050_setFullScaleGyroRange
		_MPU6050_setSleepEnabled
 This function is called by:
		_main
 This function uses a non-reentrant model


 *************** function _MPU6050_setSleepEnabled *****************
 Defined at:
		line 2385 in file "MPU6050.c"
 Parameters:    Size  Location     Type
  enabled         1    wreg     unsigned char 
 Auto vars:     Size  Location     Type
  enabled         1   34[COMRAM] unsigned char 
 Return value:  Size  Location     Type
                  1    wreg      void 
 Registers used:
		wreg, fsr2l, fsr2h, status,2, status,0, prodl, prodh, cstack
 Tracked objects:
		On entry : 
		On exit  : 
		Unchanged: 
 Data sizes:     COMRAM   BANK0   BANK1   BANK2   BANK3   BANK4   BANK5   BANK6   BANK7
      Params:         0       0       0       0       0       0       0       0       0
      Locals:         1       0       0       0       0       0       0       0       0
      Temps:          0       0       0       0       0       0       0       0       0
      Totals:         1       0       0       0       0       0       0       0       0
Total ram usage:        1 bytes
 Hardware stack levels used:    1
 Hardware stack levels required when called:    5
 This function calls:
		_I2Cdev_writeBit
 This function is called by:
		_MPU6050_initialize
		_MPU6050_dmpInitialize
 This function uses a non-reentrant model


 *************** function _I2Cdev_writeBit *****************
 Defined at:
		line 344 in file "I2Cdev.c"
 Parameters:    Size  Location     Type
  devAddr         1    wreg     unsigned char 
  regAddr         1   22[COMRAM] unsigned char 
  bitNum          1   23[COMRAM] unsigned char 
  data            1   24[COMRAM] unsigned char 
 Auto vars:     Size  Location     Type
  devAddr         1   32[COMRAM] unsigned char 
  b               1   33[COMRAM] unsigned char 
 Return value:  Size  Location     Type
                  1    wreg      unsigned char 
 Registers used:
		wreg, fsr2l, fsr2h, status,2, status,0, prodl, prodh, cstack
 Tracked objects:
		On entry : 
		On exit  : 
		Unchanged: 
 Data sizes:     COMRAM   BANK0   BANK1   BANK2   BANK3   BANK4   BANK5   BANK6   BANK7
      Params:         3       0       0       0       0       0       0       0       0
      Locals:         4       0       0       0       0       0       0       0       0
      Temps:          5       0       0       0       0       0       0       0       0
      Totals:        12       0       0       0       0       0       0       0       0
Total ram usage:       12 bytes
 Hardware stack levels used:    1
 Hardware stack levels required when called:    4
 This function calls:
		_I2Cdev_readByte
		_I2Cdev_writeByte
 This function is called by:
		_MPU6050_setSleepEnabled
		_MPU6050_setDMPEnabled
		_MPU6050_setAuxVDDIOLevel
		_MPU6050_setAccelXSelfTest
		_MPU6050_setAccelYSelfTest
		_MPU6050_setAccelZSelfTest
		_MPU6050_setTempFIFOEnabled
		_MPU6050_setXGyroFIFOEnabled
		_MPU6050_setYGyroFIFOEnabled
		_MPU6050_setZGyroFIFOEnabled
		_MPU6050_setAccelFIFOEnabled
		_MPU6050_setSlave2FIFOEnabled
		_MPU6050_setSlave1FIFOEnabled
		_MPU6050_setSlave0FIFOEnabled
		_MPU6050_setMultiMasterEnabled
		_MPU6050_setWaitForExternalSensorEnabled
		_MPU6050_setSlave3FIFOEnabled
		_MPU6050_setSlaveReadWriteTransitionEnabled
		_MPU6050_setSlaveEnabled
		_MPU6050_setSlaveWordByteSwap
		_MPU6050_setSlaveWriteMode
		_MPU6050_setSlaveWordGroupOffset
		_MPU6050_setSlave4Enabled
		_MPU6050_setSlave4InterruptEnabled
		_MPU6050_setSlave4WriteMode
		_MPU6050_setInterruptMode
		_MPU6050_setInterruptDrive
		_MPU6050_setInterruptLatch
		_MPU6050_setInterruptLatchClear
		_MPU6050_setFSyncInterruptLevel
		_MPU6050_setFSyncInterruptEnabled
		_MPU6050_setI2CBypassEnabled
		_MPU6050_setClockOutputEnabled
		_MPU6050_setIntFreefallEnabled
		_MPU6050_setIntMotionEnabled
		_MPU6050_setIntZeroMotionEnabled
		_MPU6050_setIntFIFOBufferOverflowEnabled
		_MPU6050_setIntI2CMasterEnabled
		_MPU6050_setIntDataReadyEnabled
		_MPU6050_setExternalShadowDelayEnabled
		_MPU6050_setSlaveDelayEnabled
		_MPU6050_resetGyroscopePath
		_MPU6050_resetAccelerometerPath
		_MPU6050_resetTemperaturePath
		_MPU6050_setFIFOEnabled
		_MPU6050_setI2CMasterModeEnabled
		_MPU6050_switchSPIEnabled
		_MPU6050_resetFIFO
		_MPU6050_resetI2CMaster
		_MPU6050_resetSensors
		_MPU6050_reset
		_MPU6050_setWakeCycleEnabled
		_MPU6050_setTempSensorEnabled
		_MPU6050_setStandbyXAccelEnabled
		_MPU6050_setStandbyYAccelEnabled
		_MPU6050_setStandbyZAccelEnabled
		_MPU6050_setStandbyXGyroEnabled
		_MPU6050_setStandbyYGyroEnabled
		_MPU6050_setStandbyZGyroEnabled
		_MPU6050_setOTPBankValid
		_MPU6050_setIntPLLReadyEnabled
		_MPU6050_setIntDMPEnabled
		_MPU6050_resetDMP
 This function uses a non-reentrant model


 *************** function _MPU6050_setFullScaleGyroRange *****************
 Defined at:
		line 254 in file "MPU6050.c"
 Parameters:    Size  Location     Type
  range           1    wreg     unsigned char 
 Auto vars:     Size  Location     Type
  range           1   32[COMRAM] unsigned char 
 Return value:  Size  Location     Type
                  1    wreg      void 
 Registers used:
		wreg, fsr2l, fsr2h, status,2, status,0, prodl, prodh, cstack
 Tracked objects:
		On entry : 
		On exit  : 
		Unchanged: 
 Data sizes:     COMRAM   BANK0   BANK1   BANK2   BANK3   BANK4   BANK5   BANK6   BANK7
      Params:         0       0       0       0       0       0       0       0       0
      Locals:         1       0       0       0       0       0       0       0       0
      Temps:          0       0       0       0       0       0       0       0       0
      Totals:         1       0       0       0       0       0       0       0       0
Total ram usage:        1 bytes
 Hardware stack levels used:    1
 Hardware stack levels required when called:    5
 This function calls:
		_I2Cdev_writeBits
 This function is called by:
		_MPU6050_initialize
		_MPU6050_dmpInitialize
 This function uses a non-reentrant model


 *************** function _MPU6050_setFullScaleAccelRange *****************
 Defined at:
		line 330 in file "MPU6050.c"
 Parameters:    Size  Location     Type
  range           1    wreg     unsigned char 
 Auto vars:     Size  Location     Type
  range           1   32[COMRAM] unsigned char 
 Return value:  Size  Location     Type
                  1    wreg      void 
 Registers used:
		wreg, fsr2l, fsr2h, status,2, status,0, prodl, prodh, cstack
 Tracked objects:
		On entry : 
		On exit  : 
		Unchanged: 
 Data sizes:     COMRAM   BANK0   BANK1   BANK2   BANK3   BANK4   BANK5   BANK6   BANK7
      Params:         0       0       0       0       0       0       0       0       0
      Locals:         1       0       0       0       0       0       0       0       0
      Temps:          0       0       0       0       0       0       0       0       0
      Totals:         1       0       0       0       0       0       0       0       0
Total ram usage:        1 bytes
 Hardware stack levels used:    1
 Hardware stack levels required when called:    5
 This function calls:
		_I2Cdev_writeBits
 This function is called by:
		_MPU6050_initialize
 This function uses a non-reentrant model


 *************** function _MPU6050_setClockSource *****************
 Defined at:
		line 2478 in file "MPU6050.c"
 Parameters:    Size  Location     Type
  source          1    wreg     unsigned char 
 Auto vars:     Size  Location     Type
  source          1   32[COMRAM] unsigned char 
 Return value:  Size  Location     Type
                  1    wreg      void 
 Registers used:
		wreg, fsr2l, fsr2h, status,2, status,0, prodl, prodh, cstack
 Tracked objects:
		On entry : 
		On exit  : 
		Unchanged: 
 Data sizes:     COMRAM   BANK0   BANK1   BANK2   BANK3   BANK4   BANK5   BANK6   BANK7
      Params:         0       0       0       0       0       0       0       0       0
      Locals:         1       0       0       0       0       0       0       0       0
      Temps:          0       0       0       0       0       0       0       0       0
      Totals:         1       0       0       0       0       0       0       0       0
Total ram usage:        1 bytes
 Hardware stack levels used:    1
 Hardware stack levels required when called:    5
 This function calls:
		_I2Cdev_writeBits
 This function is called by:
		_MPU6050_initialize
		_MPU6050_dmpInitialize
 This function uses a non-reentrant model


 *************** function _I2Cdev_writeBits *****************
 Defined at:
		line 373 in file "I2Cdev.c"
 Parameters:    Size  Location     Type
  devAddr         1    wreg     unsigned char 
  regAddr         1   22[COMRAM] unsigned char 
  bitStart        1   23[COMRAM] unsigned char 
  length          1   24[COMRAM] unsigned char 
  data            1   25[COMRAM] unsigned char 
 Auto vars:     Size  Location     Type
  devAddr         1   29[COMRAM] unsigned char 
  mask            1   30[COMRAM] unsigned char 
  b               1   31[COMRAM] unsigned char 
 Return value:  Size  Location     Type
                  1    wreg      unsigned char 
 Registers used:
		wreg, fsr2l, fsr2h, status,2, status,0, prodl, prodh, cstack
 Tracked objects:
		On entry : 
		On exit  : 
		Unchanged: 
 Data sizes:     COMRAM   BANK0   BANK1   BANK2   BANK3   BANK4   BANK5   BANK6   BANK7
      Params:         4       0       0       0       0       0       0       0       0
      Locals:         3       0       0       0       0       0       0       0       0
      Temps:          3       0       0       0       0       0       0       0       0
      Totals:        10       0       0       0       0       0       0       0       0
Total ram usage:       10 bytes
 Hardware stack levels used:    1
 Hardware stack levels required when called:    4
 This function calls:
		_I2Cdev_readByte
		_I2Cdev_writeByte
 This function is called by:
		_MPU6050_setFullScaleGyroRange
		_MPU6050_setFullScaleAccelRange
		_MPU6050_setClockSource
		_MPU6050_setExternalFrameSync
		_MPU6050_setDLPFMode
		_MPU6050_setDHPFMode
		_MPU6050_setMasterClockSpeed
		_MPU6050_setSlaveDataLength
		_MPU6050_setSlave4MasterDelay
		_MPU6050_setAccelerometerPowerOnDelay
		_MPU6050_setFreefallDetectionCounterDecrement
		_MPU6050_setMotionDetectionCounterDecrement
		_MPU6050_setWakeFrequency
		_MPU6050_setDeviceID
		_MPU6050_setXGyroOffsetTC
		_MPU6050_setYGyroOffsetTC
		_MPU6050_setZGyroOffsetTC
 This function uses a non-reentrant model


 *************** function _I2Cdev_writeByte *****************
 Defined at:
		line 286 in file "I2Cdev.c"
 Parameters:    Size  Location     Type
  devAddr         1    wreg     unsigned char 
  regAddr         1    8[COMRAM] unsigned char 
  data            1    9[COMRAM] unsigned char 
 Auto vars:     Size  Location     Type
  devAddr         1   10[COMRAM] unsigned char 
 Return value:  Size  Location     Type
                  1    wreg      unsigned char 
 Registers used:
		wreg, fsr2l, fsr2h, status,2, status,0, prodl, prodh, cstack
 Tracked objects:
		On entry : 
		On exit  : 
		Unchanged: 
 Data sizes:     COMRAM   BANK0   BANK1   BANK2   BANK3   BANK4   BANK5   BANK6   BANK7
      Params:         2       0       0       0       0       0       0       0       0
      Locals:         1       0       0       0       0       0       0       0       0
      Temps:          0       0       0       0       0       0       0       0       0
      Totals:         3       0       0       0       0       0       0       0       0
Total ram usage:        3 bytes
 Hardware stack levels used:    1
 Hardware stack levels required when called:    3
 This function calls:
		_I2Cdev_writeBytes
 This function is called by:
		_I2Cdev_writeBit
		_I2Cdev_writeBits
		_MPU6050_setRate
		_MPU6050_setFreefallDetectionThreshold
		_MPU6050_setFreefallDetectionDuration
		_MPU6050_setMotionDetectionThreshold
		_MPU6050_setMotionDetectionDuration
		_MPU6050_setZeroMotionDetectionThreshold
		_MPU6050_setZeroMotionDetectionDuration
		_MPU6050_setSlaveAddress
		_MPU6050_setSlaveRegister
		_MPU6050_setSlave4Address
		_MPU6050_setSlave4Register
		_MPU6050_setSlave4OutputByte
		_MPU6050_setIntEnabled
		_MPU6050_setSlaveOutputByte
		_MPU6050_setFIFOByte
		_MPU6050_setXFineGain
		_MPU6050_setYFineGain
		_MPU6050_setZFineGain
		_MPU6050_setMemoryBank
		_MPU6050_setMemoryStartAddress
		_MPU6050_writeMemoryByte
		_MPU6050_writeDMPConfigurationSet
		_MPU6050_setDMPConfig1
		_MPU6050_setDMPConfig2
 This function uses a non-reentrant model


 *************** function _I2Cdev_writeBytes *****************
 Defined at:
		line 254 in file "I2Cdev.c"
 Parameters:    Size  Location     Type
  devAddr         1    wreg     unsigned char 
  regAddr         1    2[COMRAM] unsigned char 
  length          1    3[COMRAM] unsigned char 
  data            2    4[COMRAM] PTR unsigned char 
		 -> MPU6050_writeMemoryBlock@progBuffer(16), I2Cdev_writeByte@data(1), 
 Auto vars:     Size  Location     Type
  devAddr         1    6[COMRAM] unsigned char 
  i               1    7[COMRAM] unsigned char 
 Return value:  Size  Location     Type
                  1    wreg      unsigned char 
 Registers used:
		wreg, fsr2l, fsr2h, status,2, status,0, prodl, prodh, cstack
 Tracked objects:
		On entry : 
		On exit  : 
		Unchanged: 
 Data sizes:     COMRAM   BANK0   BANK1   BANK2   BANK3   BANK4   BANK5   BANK6   BANK7
      Params:         4       0       0       0       0       0       0       0       0
      Locals:         2       0       0       0       0       0       0       0       0
      Temps:          0       0       0       0       0       0       0       0       0
      Totals:         6       0       0       0       0       0       0       0       0
Total ram usage:        6 bytes
 Hardware stack levels used:    1
 Hardware stack levels required when called:    2
 This function calls:
		_IdleI2C
		_WriteI2C
 This function is called by:
		_I2Cdev_writeByte
		_MPU6050_writeMemoryBlock
 This function uses a non-reentrant model


 *************** function _MPU6050_getIntStatus *****************
 Defined at:
		line 1630 in file "MPU6050.c"
 Parameters:    Size  Location     Type
		None
 Auto vars:     Size  Location     Type
		None
 Return value:  Size  Location     Type
                  1    wreg      unsigned char 
 Registers used:
		wreg, fsr2l, fsr2h, status,2, status,0, prodl, prodh, cstack
 Tracked objects:
		On entry : 
		On exit  : 
		Unchanged: 
 Data sizes:     COMRAM   BANK0   BANK1   BANK2   BANK3   BANK4   BANK5   BANK6   BANK7
      Params:         0       0       0       0       0       0       0       0       0
      Locals:         0       0       0       0       0       0       0       0       0
      Temps:          0       0       0       0       0       0       0       0       0
      Totals:         0       0       0       0       0       0       0       0       0
Total ram usage:        0 bytes
 Hardware stack levels used:    1
 Hardware stack levels required when called:    4
 This function calls:
		_I2Cdev_readByte
 This function is called by:
		_main
		_MPU6050_dmpInitialize
 This function uses a non-reentrant model


 *************** function _I2Cdev_readByte *****************
 Defined at:
		line 95 in file "I2Cdev.c"
 Parameters:    Size  Location     Type
  devAddr         1    wreg     unsigned char 
  regAddr         1   18[COMRAM] unsigned char 
  data            2   19[COMRAM] PTR unsigned char 
		 -> mpu6050(15), I2Cdev_writeBits@b(1), I2Cdev_writeBit@b(1), I2Cdev_readBits@b(1), 
		 -> I2Cdev_readBit@b(1), 
 Auto vars:     Size  Location     Type
  devAddr         1   21[COMRAM] unsigned char 
 Return value:  Size  Location     Type
                  1    wreg      char 
 Registers used:
		wreg, fsr2l, fsr2h, status,2, status,0, prodl, prodh, cstack
 Tracked objects:
		On entry : 
		On exit  : 
		Unchanged: 
 Data sizes:     COMRAM   BANK0   BANK1   BANK2   BANK3   BANK4   BANK5   BANK6   BANK7
      Params:         3       0       0       0       0       0       0       0       0
      Locals:         1       0       0       0       0       0       0       0       0
      Temps:          0       0       0       0       0       0       0       0       0
      Totals:         4       0       0       0       0       0       0       0       0
Total ram usage:        4 bytes
 Hardware stack levels used:    1
 Hardware stack levels required when called:    3
 This function calls:
		_I2Cdev_readBytes
 This function is called by:
		_I2Cdev_readBits
		_I2Cdev_writeBit
		_I2Cdev_writeBits
		_MPU6050_getIntStatus
		_I2Cdev_readBit
		_MPU6050_getRate
		_MPU6050_getFreefallDetectionThreshold
		_MPU6050_getFreefallDetectionDuration
		_MPU6050_getMotionDetectionThreshold
		_MPU6050_getMotionDetectionDuration
		_MPU6050_getZeroMotionDetectionThreshold
		_MPU6050_getZeroMotionDetectionDuration
		_MPU6050_getSlaveAddress
		_MPU6050_getSlaveRegister
		_MPU6050_getSlave4Address
		_MPU6050_getSlave4Register
		_MPU6050_getSlate4InputByte
		_MPU6050_getIntEnabled
		_MPU6050_getExternalSensorByte
		_MPU6050_getFIFOByte
		_MPU6050_getXFineGain
		_MPU6050_getYFineGain
		_MPU6050_getZFineGain
		_MPU6050_readMemoryByte
		_MPU6050_getDMPConfig1
		_MPU6050_getDMPConfig2
 This function uses a non-reentrant model


 *************** function _I2Cdev_readBytes *****************
 Defined at:
		line 43 in file "I2Cdev.c"
 Parameters:    Size  Location     Type
  devAddr         1    wreg     unsigned char 
  regAddr         1    6[COMRAM] unsigned char 
  length          1    7[COMRAM] unsigned char 
  data            2    8[COMRAM] PTR unsigned char 
		 -> MPU6050_dmpInitialize@fifoBuffer(128), MPU6050_dmpInitialize@dmpUpdate(16), mpu6050(15), I2Cdev_writeBits@b(1), 
		 -> I2Cdev_writeBit@b(1), I2Cdev_readBits@b(1), I2Cdev_readBit@b(1), 
 Auto vars:     Size  Location     Type
  devAddr         1   16[COMRAM] unsigned char 
  count           1   17[COMRAM] char 
 Return value:  Size  Location     Type
                  1    wreg      char 
 Registers used:
		wreg, fsr2l, fsr2h, status,2, status,0, prodl, prodh, cstack
 Tracked objects:
		On entry : 
		On exit  : 
		Unchanged: 
 Data sizes:     COMRAM   BANK0   BANK1   BANK2   BANK3   BANK4   BANK5   BANK6   BANK7
      Params:         4       0       0       0       0       0       0       0       0
      Locals:         2       0       0       0       0       0       0       0       0
      Temps:          6       0       0       0       0       0       0       0       0
      Totals:        12       0       0       0       0       0       0       0       0
Total ram usage:       12 bytes
 Hardware stack levels used:    1
 Hardware stack levels required when called:    2
 This function calls:
		_IdleI2C
		_ReadI2C
		_WriteI2C
		___wmul
 This function is called by:
		_I2Cdev_readByte
		_MPU6050_getMotion6
		_MPU6050_getAcceleration
		_MPU6050_getAccelerationX
		_MPU6050_getAccelerationY
		_MPU6050_getAccelerationZ
		_MPU6050_getTemperature
		_MPU6050_getRotation
		_MPU6050_getRotationX
		_MPU6050_getRotationY
		_MPU6050_getRotationZ
		_MPU6050_getExternalSensorWord
		_MPU6050_getExternalSensorDWord
		_MPU6050_getFIFOCount
		_MPU6050_getFIFOBytes
		_MPU6050_getXAccelOffset
		_MPU6050_getYAccelOffset
		_MPU6050_getZAccelOffset
		_MPU6050_getXGyroOffset
		_MPU6050_getYGyroOffset
		_MPU6050_getZGyroOffset
		_MPU6050_readMemoryBlock
 This function uses a non-reentrant model


 *************** function ___wmul *****************
 Defined at:
		line 15 in file "C:\Program Files (x86)\Microchip\xc8\v1.45\sources\common\Umul16.c"
 Parameters:    Size  Location     Type
  multiplier      2    0[COMRAM] unsigned int 
  multiplicand    2    2[COMRAM] unsigned int 
 Auto vars:     Size  Location     Type
  product         2    4[COMRAM] unsigned int 
 Return value:  Size  Location     Type
                  2    0[COMRAM] unsigned int 
 Registers used:
		wreg, status,2, status,0, prodl, prodh
 Tracked objects:
		On entry : 
		On exit  : 
		Unchanged: 
 Data sizes:     COMRAM   BANK0   BANK1   BANK2   BANK3   BANK4   BANK5   BANK6   BANK7
      Params:         4       0       0       0       0       0       0       0       0
      Locals:         2       0       0       0       0       0       0       0       0
      Temps:          0       0       0       0       0       0       0       0       0
      Totals:         6       0       0       0       0       0       0       0       0
Total ram usage:        6 bytes
 Hardware stack levels used:    1
 This function calls:
		Nothing
 This function is called by:
		_I2Cdev_readBytes
		_I2Cdev_readWords
 This function uses a non-reentrant model


 *************** function _WriteI2C *****************
 Defined at:
		line 12 in file "C:\Program Files (x86)\Microchip\xc8\v1.45\sources\pic18\plib\i2c\i2c_writ.c"
 Parameters:    Size  Location     Type
  data_out        1    wreg     unsigned char 
 Auto vars:     Size  Location     Type
  data_out        1    1[COMRAM] unsigned char 
 Return value:  Size  Location     Type
                  1    wreg      char 
 Registers used:
		wreg, status,2, status,0, cstack
 Tracked objects:
		On entry : 
		On exit  : 
		Unchanged: 
 Data sizes:     COMRAM   BANK0   BANK1   BANK2   BANK3   BANK4   BANK5   BANK6   BANK7
      Params:         0       0       0       0       0       0       0       0       0
      Locals:         1       0       0       0       0       0       0       0       0
      Temps:          0       0       0       0       0       0       0       0       0
      Totals:         1       0       0       0       0       0       0       0       0
Total ram usage:        1 bytes
 Hardware stack levels used:    1
 Hardware stack levels required when called:    1
 This function calls:
		_IdleI2C
 This function is called by:
		_I2Cdev_readBytes
		_I2Cdev_writeBytes
		_I2Cdev_readWords
		_I2Cdev_writeWords
 This function uses a non-reentrant model


 *************** function _IdleI2C *****************
 Defined at:
		line 24 in file "C:\Program Files (x86)\Microchip\xc8\v1.45\sources\pic18\plib\i2c\i2c_idle.c"
 Parameters:    Size  Location     Type
		None
 Auto vars:     Size  Location     Type
		None
 Return value:  Size  Location     Type
                  1    wreg      void 
 Registers used:
		wreg, status,2, status,0
 Tracked objects:
		On entry : 
		On exit  : 
		Unchanged: 
 Data sizes:     COMRAM   BANK0   BANK1   BANK2   BANK3   BANK4   BANK5   BANK6   BANK7
      Params:         0       0       0       0       0       0       0       0       0
      Locals:         0       0       0       0       0       0       0       0       0
      Temps:          1       0       0       0       0       0       0       0       0
      Totals:         1       0       0       0       0       0       0       0       0
Total ram usage:        1 bytes
 Hardware stack levels used:    1
 This function calls:
		Nothing
 This function is called by:
		_I2Cdev_readBytes
		_I2Cdev_writeBytes
		_WriteI2C
		_I2Cdev_readWords
		_I2Cdev_writeWords
 This function uses a non-reentrant model


 *************** function _ReadI2C *****************
 Defined at:
		line 11 in file "C:\Program Files (x86)\Microchip\xc8\v1.45\sources\pic18\plib\i2c\i2c_read.c"
 Parameters:    Size  Location     Type
		None
 Auto vars:     Size  Location     Type
		None
 Return value:  Size  Location     Type
                  1    wreg      unsigned char 
 Registers used:
		wreg, status,2, status,0
 Tracked objects:
		On entry : 
		On exit  : 
		Unchanged: 
 Data sizes:     COMRAM   BANK0   BANK1   BANK2   BANK3   BANK4   BANK5   BANK6   BANK7
      Params:         0       0       0       0       0       0       0       0       0
      Locals:         0       0       0       0       0       0       0       0       0
      Temps:          0       0       0       0       0       0       0       0       0
      Totals:         0       0       0       0       0       0       0       0       0
Total ram usage:        0 bytes
 Hardware stack levels used:    1
 This function calls:
		Nothing
 This function is called by:
		_I2Cdev_readBytes
		_I2Cdev_readWords
 This function uses a non-reentrant model


 *************** function _MPU6050_dmpGetFIFOPacketSize *****************
 Defined at:
		line 3383 in file "MPU6050.c"
 Parameters:    Size  Location     Type
		None
 Auto vars:     Size  Location     Type
		None
 Return value:  Size  Location     Type
                  2    0[COMRAM] unsigned int 
 Registers used:
		None
 Tracked objects:
		On entry : 
		On exit  : 
		Unchanged: 
 Data sizes:     COMRAM   BANK0   BANK1   BANK2   BANK3   BANK4   BANK5   BANK6   BANK7
      Params:         2       0       0       0       0       0       0       0       0
      Locals:         0       0       0       0       0       0       0       0       0
      Temps:          0       0       0       0       0       0       0       0       0
      Totals:         2       0       0       0       0       0       0       0       0
Total ram usage:        2 bytes
 Hardware stack levels used:    1
 This function calls:
		Nothing
 This function is called by:
		_main
 This function uses a non-reentrant model


 *************** function _MPU6050 *****************
 Defined at:
		line 54 in file "MPU6050.c"
 Parameters:    Size  Location     Type
  address         1    wreg     unsigned char 
 Auto vars:     Size  Location     Type
  address         1    0[COMRAM] unsigned char 
 Return value:  Size  Location     Type
                  1    wreg      void 
 Registers used:
		wreg
 Tracked objects:
		On entry : 
		On exit  : 
		Unchanged: 
 Data sizes:     COMRAM   BANK0   BANK1   BANK2   BANK3   BANK4   BANK5   BANK6   BANK7
      Params:         0       0       0       0       0       0       0       0       0
      Locals:         1       0       0       0       0       0       0       0       0
      Temps:          0       0       0       0       0       0       0       0       0
      Totals:         1       0       0       0       0       0       0       0       0
Total ram usage:        1 bytes
 Hardware stack levels used:    1
 This function calls:
		Nothing
 This function is called by:
		_main
 This function uses a non-reentrant model



MODULE INFORMATION

Module		Function		Class		Link	Load	Size
MPU6050.c
		_MPU6050_getIntStatus		CODE           	6BA4	0000	23
		_MPU6050_initialize		CODE           	6C96	0000	27
		_MPU6050_setDMPEnabled		CODE           	6BD0	0000	23
		_MPU6050_getDeviceID		CODE           	6CCC	0000	31
		_MPU6050_setFullScaleGyroRange		CODE           	6C7C	0000	27
		_MPU6050_setSleepEnabled		CODE           	6BBA	0000	23
		_MPU6050       		CODE           	6B5C	0000	9
		_MPU6050_setClockSource		CODE           	6C48	0000	27
		_MPU6050_setFullScaleAccelRange		CODE           	6C62	0000	27
		_MPU6050_testConnection		CODE           	6B80	0000	19
		_MPU6050_dmpGetFIFOPacketSize		CODE           	6B64	0000	11

MPU6050.c estimated size: 247

C:\Program Files (x86)\Microchip\xc8\v1.45\sources\common\float.c
		___ftpack      		CODE           	7094	0000	175

C:\Program Files (x86)\Microchip\xc8\v1.45\sources\common\float.c estimated size: 175

C:\Program Files (x86)\Microchip\xc8\v1.45\sources\common\doprnt.c
		_printf        		CODE           	6D52	0000	43

C:\Program Files (x86)\Microchip\xc8\v1.45\sources\common\doprnt.c estimated size: 43

USART_Source_File.c
		_putch         		CODE           	6B92	0000	19
		_USART_Init    		CODE           	6E9A	0000	123

USART_Source_File.c estimated size: 142

C:\Program Files (x86)\Microchip\xc8\v1.45\sources\common\Umul16.c
		___wmul        		CODE           	6D2C	0000	39

C:\Program Files (x86)\Microchip\xc8\v1.45\sources\common\Umul16.c estimated size: 39

Inits.c
		_initBT        		CODE           	6D08	0000	37
		_initIO        		CODE           	6BFC	0000	25

Inits.c estimated size: 62

C:\Program Files (x86)\Microchip\xc8\v1.45\sources\common\ftdiv.c
		___ftdiv       		CODE           	7142	0000	231

C:\Program Files (x86)\Microchip\xc8\v1.45\sources\common\ftdiv.c estimated size: 231

C:\Program Files (x86)\Microchip\xc8\v1.45\sources\pic18\plib\i2c\i2c_open.c
		_OpenI2C       		CODE           	6CEA	0000	31

C:\Program Files (x86)\Microchip\xc8\v1.45\sources\pic18\plib\i2c\i2c_open.c estimated size: 31

shared
		_dmpUpdates    		MEDIUMCONST    	76CD	0000	48
		_dmpMemory     		MEDIUMCONST    	76FC	0000	1930
		_dmpConfig     		MEDIUMCONST    	7E85	0000	193
		__initialization		CODE           	6BE6	0000	13

shared estimated size: 2184

C:\Program Files (x86)\Microchip\xc8\v1.45\sources\pic18\plib\i2c\i2c_writ.c
		_WriteI2C      		CODE           	6D7C	0000	77

C:\Program Files (x86)\Microchip\xc8\v1.45\sources\pic18\plib\i2c\i2c_writ.c estimated size: 77

C:\Program Files (x86)\Microchip\xc8\v1.45\sources\common\fttol.c
		___fttol       		CODE           	7312	0000	245

C:\Program Files (x86)\Microchip\xc8\v1.45\sources\common\fttol.c estimated size: 245

C:\Program Files (x86)\Microchip\xc8\v1.45\sources\common\ftadd.c
		___ftadd       		CODE           	7520	0000	429

C:\Program Files (x86)\Microchip\xc8\v1.45\sources\common\ftadd.c estimated size: 429

C:\Program Files (x86)\Microchip\xc8\v1.45\sources\pic18\plib\i2c\i2c_read.c
		_ReadI2C       		CODE           	6CB0	0000	29

C:\Program Files (x86)\Microchip\xc8\v1.45\sources\pic18\plib\i2c\i2c_read.c estimated size: 29

main.c
		_main          		CODE           	7406	0000	283

main.c estimated size: 283

I2Cdev.c
		_I2Cdev_writeBytes		CODE           	6DC8	0000	91
		_I2Cdev_readByte		CODE           	6C14	0000	27
		_I2Cdev_writeBit		CODE           	6F90	0000	127
		_I2Cdev_readBits		CODE           	6F14	0000	125
		_I2Cdev_writeByte		CODE           	6C2E	0000	27
		_I2Cdev_readBytes		CODE           	7228	0000	235
		_I2Cdev_writeBits		CODE           	700E	0000	135

I2Cdev.c estimated size: 767

C:\Program Files (x86)\Microchip\xc8\v1.45\sources\common\altoft.c
		___altoft      		CODE           	6E22	0000	121

C:\Program Files (x86)\Microchip\xc8\v1.45\sources\common\altoft.c estimated size: 121

C:\Program Files (x86)\Microchip\xc8\v1.45\sources\pic18\plib\i2c\i2c_idle.c
		_IdleI2C       		CODE           	6B6E	0000	19

C:\Program Files (x86)\Microchip\xc8\v1.45\sources\pic18\plib\i2c\i2c_idle.c estimated size: 19

