Microchip MPLAB XC8 Compiler V1.45 ()

Linker command line:

-W-3 --edf=C:\Program Files (x86)\Microchip\xc8\v1.45\dat\en_msgs.txt -cs \
  -h+dist/default/production\Servo-Stabilizer.production.sym \
  --cmf=dist/default/production\Servo-Stabilizer.production.cmf -z \
  -Q18F4550 -oC:\Users\ryan\AppData\Local\Temp\s3r4.2 \
  -Mdist/default/production/Servo-Stabilizer.production.map -E1 -ver=XC8 \
  -ASTACK=0147h-07ffh -pstack=STACK -ACODE=00h-07FFFh -ACONST=00h-07FFFh \
  -ASMALLCONST=0800h-08FFhx120 -AMEDIUMCONST=0800h-07FFFh -ACOMRAM=01h-05Fh \
  -AABS1=00h-07FFh -ABIGRAM=01h-07FFh -ARAM=060h-0FFh,0100h-01FFhx7 \
  -ABANK0=060h-0FFh -ABANK1=0100h-01FFh -ABANK2=0200h-02FFh \
  -ABANK3=0300h-03FFh -ABANK4=0400h-04FFh -ABANK5=0500h-05FFh \
  -ABANK6=0600h-06FFh -ABANK7=0700h-07FFh -ASFR=0F60h-0FFFh \
  -preset_vec=00h,intcode,intcodelo,powerup,init -pramtop=0800h \
  -psmallconst=SMALLCONST -pmediumconst=MEDIUMCONST -pconst=CONST \
  -AFARRAM=00h-00h -ACONFIG=0300000h-030000Dh -pconfig=CONFIG \
  -AIDLOC=0200000h-0200007h -pidloc=IDLOC -AEEDATA=0F00000h-0F000FFh \
  -peeprom_data=EEDATA \
  -prdata=COMRAM,nvrram=COMRAM,nvbit=COMRAM,rbss=COMRAM,rbit=COMRAM \
  -pfarbss=FARRAM,fardata=FARRAM,nvFARRAM=FARRAM \
  -pintsave_regs=BIGRAM,bigbss=BIGRAM,bigdata=BIGRAM -pbss=RAM \
  -pidata=CODE,irdata=CODE,ibigdata=CODE,ifardata=CODE -prparam=COMRAM \
  C:\Users\ryan\AppData\Local\Temp\s3r4.obj \
  dist/default/production\Servo-Stabilizer.production.obj 

Object code version is 3.11

Machine type is 18F4550

Call graph: (short form)




                Name                               Link     Load   Length Selector   Space Scale
C:\Users\ryan\AppData\Local\Temp\s3r4.obj
                init                                  0        0        4        0       0
                idloc                            200000   200000        8   200000       0
                config                           300000   300000        E   300000       0
dist/default/production\Servo-Stabilizer.production.obj
                mediumconst                        7EF4     7EF4      10C     3F7A       0
                text64                             49B0     49B0        8     24D8       0
                text63                             4A96     4A96       1C     254B       0
                text62                             4A0C     4A0C       12     2506       0
                text61                             4CC2     4CC2       4C     2661       0
                text60                             4BCE     4BCE       26     25E7       0
                text59                             57FC     57FC       EA     2BFE       0
                text58                             4A48     4A48       1A     2524       0
                text57                             4D0E     4D0E       5A     2687       0
                text56                             4A62     4A62       1A     2531       0
                text55                             524C     524C       86     2926       0
                text54                             4AB2     4AB2       1C     2559       0
                text53                             4ACE     4ACE       1C     2567       0
                text52                             4AEA     4AEA       1C     2575       0
                text51                             50C8     50C8       7E     2864       0
                text50                             4A30     4A30       18     2518       0
                text49                             4A7C     4A7C       1A     253E       0
                text48                             504C     504C       7C     2826       0
                text47                             4B44     4B44       22     25A2       0
                text46                             4A1E     4A1E       12     250F       0
                text45                             4B06     4B06       1E     2583       0
                text44                             53F2     53F2       AE     29F9       0
                text43                             5716     5716       E6     2B8B       0
                text42                             52D2     52D2       90     2969       0
                text41                             6250     6250      1AC     3128       0
                text40                             58E6     58E6       F4     2C73       0
                text39                             5566     5566       D2     2AB3       0
                text38                             4BAA     4BAA       24     25D5       0
                text37                             4C1A     4C1A       30     260D       0
                text36                             63FC     63FC      1C4     31FE       0
                text35                             4C4A     4C4A       38     2625       0
                text34                             59DA     59DA       F4     2CED       0
                text33                             4E1E     4E1E       66     270F       0
                text32                             6A04     6A04      354     3502       0
                text31                             49B8     49B8        E     24DC       0
                text30                             49C6     49C6        E     24E3       0
                text29                             49D4     49D4        E     24EA       0
                text28                             49E2     49E2        E     24F1       0
                text27                             49F0     49F0        E     24F8       0
                text26                             49FE     49FE        E     24FF       0
                text25                             4F5A     4F5A       78     27AD       0
                text24                             5ACE     5ACE       F4     2D67       0
                text23                             4FD2     4FD2       7A     27E9       0
                text22                             4BF4     4BF4       26     25FA       0
                text21                             4B66     4B66       22     25B3       0
                text20                             4DC2     4DC2       5C     26E1       0
                text19                             4C82     4C82       40     2641       0
                text18                             5362     5362       90     29B1       0
                text17                             5638     5638       DE     2B1C       0
                text16                             54A0     54A0       C6     2A50       0
                text15                             65C0     65C0      1F2     32E0       0
                text14                             5BC2     5BC2      11E     2DE1       0
                text13                             5F3A     5F3A      180     2F9D       0
                text12                             5146     5146       82     28A3       0
                text11                             4E84     4E84       66     2742       0
                text10                             5CE0     5CE0      128     2E70       0
                text9                              5E08     5E08      132     2F04       0
                text8                              51C8     51C8       84     28E4       0
                text7                              4EEA     4EEA       70     2775       0
                text6                              67B2     67B2      252     33D9       0
                text5                              4B24     4B24       20     2592       0
                text4                              6D58     6D58      408     36AC       0
                text3                              7160     7160      5F0     38B0       0
                text2                              4D68     4D68       5A     26B4       0
                text1                              60BA     60BA      196     305D       0
                text0                              7750     7750      7A4     3BA8       0
                cstackCOMRAM                          1        1       5F        1       1
                cstackBANK0                          60       60       93       60       1
                bssBANK1                            100      100       47      100       1
                bssBANK0                             F3       F3        C       60       1
                cinit                              4B88     4B88       22     25C4       0

TOTAL           Name                               Link     Load   Length     Space
        CLASS   STACK          

        CLASS   CODE           
                init                                  0        0        4         0
                text64                             49B0     49B0        8         0
                text63                             4A96     4A96       1C         0
                text62                             4A0C     4A0C       12         0
                text61                             4CC2     4CC2       4C         0
                text60                             4BCE     4BCE       26         0
                text59                             57FC     57FC       EA         0
                text58                             4A48     4A48       1A         0
                text57                             4D0E     4D0E       5A         0
                text56                             4A62     4A62       1A         0
                text55                             524C     524C       86         0
                text54                             4AB2     4AB2       1C         0
                text53                             4ACE     4ACE       1C         0
                text52                             4AEA     4AEA       1C         0
                text51                             50C8     50C8       7E         0
                text50                             4A30     4A30       18         0
                text49                             4A7C     4A7C       1A         0
                text48                             504C     504C       7C         0
                text47                             4B44     4B44       22         0
                text46                             4A1E     4A1E       12         0
                text45                             4B06     4B06       1E         0
                text44                             53F2     53F2       AE         0
                text43                             5716     5716       E6         0
                text42                             52D2     52D2       90         0
                text41                             6250     6250      1AC         0
                text40                             58E6     58E6       F4         0
                text39                             5566     5566       D2         0
                text38                             4BAA     4BAA       24         0
                text37                             4C1A     4C1A       30         0
                text36                             63FC     63FC      1C4         0
                text35                             4C4A     4C4A       38         0
                text34                             59DA     59DA       F4         0
                text33                             4E1E     4E1E       66         0
                text32                             6A04     6A04      354         0
                text31                             49B8     49B8        E         0
                text30                             49C6     49C6        E         0
                text29                             49D4     49D4        E         0
                text28                             49E2     49E2        E         0
                text27                             49F0     49F0        E         0
                text26                             49FE     49FE        E         0
                text25                             4F5A     4F5A       78         0
                text24                             5ACE     5ACE       F4         0
                text23                             4FD2     4FD2       7A         0
                text22                             4BF4     4BF4       26         0
                text21                             4B66     4B66       22         0
                text20                             4DC2     4DC2       5C         0
                text19                             4C82     4C82       40         0
                text18                             5362     5362       90         0
                text17                             5638     5638       DE         0
                text16                             54A0     54A0       C6         0
                text15                             65C0     65C0      1F2         0
                text14                             5BC2     5BC2      11E         0
                text13                             5F3A     5F3A      180         0
                text12                             5146     5146       82         0
                text11                             4E84     4E84       66         0
                text10                             5CE0     5CE0      128         0
                text9                              5E08     5E08      132         0
                text8                              51C8     51C8       84         0
                text7                              4EEA     4EEA       70         0
                text6                              67B2     67B2      252         0
                text5                              4B24     4B24       20         0
                text4                              6D58     6D58      408         0
                text3                              7160     7160      5F0         0
                text2                              4D68     4D68       5A         0
                text1                              60BA     60BA      196         0
                text0                              7750     7750      7A4         0
                cinit                              4B88     4B88       22         0

        CLASS   CONST          

        CLASS   SMALLCONST     

        CLASS   MEDIUMCONST    
                mediumconst                        7EF4     7EF4      10C         0

        CLASS   COMRAM         
                cstackCOMRAM                          1        1       5F         1

        CLASS   ABS1           

        CLASS   BIGRAM         

        CLASS   RAM            

        CLASS   BANK0          
                cstackBANK0                          60       60       93         1
                bssBANK0                             F3       F3        C         1

        CLASS   BANK1          
                bssBANK1                            100      100       47         1

        CLASS   BANK2          

        CLASS   BANK3          

        CLASS   BANK4          

        CLASS   BANK5          

        CLASS   BANK6          

        CLASS   BANK7          

        CLASS   SFR            

        CLASS   FARRAM         

        CLASS   CONFIG         
                config                           300000   300000        E         0

        CLASS   IDLOC          
                idloc                            200000   200000        8         0

        CLASS   EEDATA         



SEGMENTS        Name                           Load    Length   Top    Selector   Space  Class

                reset_vec                      000000  000004  000004         0       0  CODE    
                cstackCOMRAM                   000001  00005F  000060         1       1  COMRAM  
                cstackBANK0                    000060  00009F  0000FF        60       1  BANK0   
                bssBANK1                       000100  000047  000147       100       1  BANK1   
                text64                         0049B0  000008  0049B8      24D8       0  CODE    
                text31                         0049B8  00000E  0049C6      24DC       0  CODE    
                text30                         0049C6  00000E  0049D4      24E3       0  CODE    
                text29                         0049D4  00000E  0049E2      24EA       0  CODE    
                text28                         0049E2  00000E  0049F0      24F1       0  CODE    
                text27                         0049F0  00000E  0049FE      24F8       0  CODE    
                text26                         0049FE  00000E  004A0C      24FF       0  CODE    
                text62                         004A0C  000012  004A1E      2506       0  CODE    
                text46                         004A1E  000012  004A30      250F       0  CODE    
                text50                         004A30  000018  004A48      2518       0  CODE    
                text58                         004A48  00001A  004A62      2524       0  CODE    
                text56                         004A62  00001A  004A7C      2531       0  CODE    
                text49                         004A7C  00001A  004A96      253E       0  CODE    
                text63                         004A96  00001C  004AB2      254B       0  CODE    
                text54                         004AB2  00001C  004ACE      2559       0  CODE    
                text53                         004ACE  00001C  004AEA      2567       0  CODE    
                text52                         004AEA  00001C  004B06      2575       0  CODE    
                text45                         004B06  00001E  004B24      2583       0  CODE    
                text5                          004B24  000020  004B44      2592       0  CODE    
                text47                         004B44  000022  004B66      25A2       0  CODE    
                text21                         004B66  000022  004B88      25B3       0  CODE    
                cinit                          004B88  000022  004BAA      25C4       0  CODE    
                text38                         004BAA  000024  004BCE      25D5       0  CODE    
                text60                         004BCE  000026  004BF4      25E7       0  CODE    
                text22                         004BF4  000026  004C1A      25FA       0  CODE    
                text37                         004C1A  000030  004C4A      260D       0  CODE    
                text35                         004C4A  000038  004C82      2625       0  CODE    
                text19                         004C82  000040  004CC2      2641       0  CODE    
                text61                         004CC2  00004C  004D0E      2661       0  CODE    
                text57                         004D0E  00005A  004D68      2687       0  CODE    
                text2                          004D68  00005A  004DC2      26B4       0  CODE    
                text20                         004DC2  00005C  004E1E      26E1       0  CODE    
                text33                         004E1E  000066  004E84      270F       0  CODE    
                text11                         004E84  000066  004EEA      2742       0  CODE    
                text7                          004EEA  000070  004F5A      2775       0  CODE    
                text25                         004F5A  000078  004FD2      27AD       0  CODE    
                text23                         004FD2  00007A  00504C      27E9       0  CODE    
                text48                         00504C  00007C  0050C8      2826       0  CODE    
                text51                         0050C8  00007E  005146      2864       0  CODE    
                text12                         005146  000082  0051C8      28A3       0  CODE    
                text8                          0051C8  000084  00524C      28E4       0  CODE    
                text55                         00524C  000086  0052D2      2926       0  CODE    
                text42                         0052D2  000090  005362      2969       0  CODE    
                text18                         005362  000090  0053F2      29B1       0  CODE    
                text44                         0053F2  0000AE  0054A0      29F9       0  CODE    
                text16                         0054A0  0000C6  005566      2A50       0  CODE    
                text39                         005566  0000D2  005638      2AB3       0  CODE    
                text17                         005638  0000DE  005716      2B1C       0  CODE    
                text43                         005716  0000E6  0057FC      2B8B       0  CODE    
                text59                         0057FC  0000EA  0058E6      2BFE       0  CODE    
                text40                         0058E6  0000F4  0059DA      2C73       0  CODE    
                text34                         0059DA  0000F4  005ACE      2CED       0  CODE    
                text24                         005ACE  0000F4  005BC2      2D67       0  CODE    
                text14                         005BC2  00011E  005CE0      2DE1       0  CODE    
                text10                         005CE0  000128  005E08      2E70       0  CODE    
                text9                          005E08  000132  005F3A      2F04       0  CODE    
                text13                         005F3A  000180  0060BA      2F9D       0  CODE    
                text1                          0060BA  000196  006250      305D       0  CODE    
                text41                         006250  0001AC  0063FC      3128       0  CODE    
                text36                         0063FC  0001C4  0065C0      31FE       0  CODE    
                text15                         0065C0  0001F2  0067B2      32E0       0  CODE    
                text6                          0067B2  000252  006A04      33D9       0  CODE    
                text32                         006A04  000354  006D58      3502       0  CODE    
                text4                          006D58  000408  007160      36AC       0  CODE    
                text3                          007160  0005F0  007750      38B0       0  CODE    
                text0                          007750  0007A4  007EF4      3BA8       0  CODE    
                mediumconst                    007EF4  00010C  008000      3F7A       0  MEDIUMCO
                idloc                          200000  000008  200008    200000       0  IDLOC   
                config                         300000  00000E  30000E    300000       0  CONFIG  


UNUSED ADDRESS RANGES

        Name                Unused          Largest block    Delta
        BANK0            0000FF-0000FF                1
        BANK1            000147-0001FF               B9
        BANK2            000200-0002FF              100
        BANK3            000300-0003FF              100
        BANK4            000400-0004FF              100
        BANK5            000500-0005FF              100
        BANK6            000600-0006FF              100
        BANK7            000700-0007FF              100
        BIGRAM           0000FF-0000FF                1
                         000147-0007FF              6B9
        CODE             000004-0049AF             49AC
        CONST            000004-0049AF             49AC
        EEDATA           F00000-F000FF              100
        MEDIUMCONST      000800-0049AF             41B0
        RAM              0000FF-0000FF                1
                         000147-0007FF              100
        SFR              000F60-000FFF               A0
        SMALLCONST       000800-0049AF              100
        STACK            000147-0007FF              6B9

                                  Symbol Table

?___altoft                               cstackCOMRAM 000046
?___awdiv                                cstackCOMRAM 000007
?___awmod                                cstackCOMRAM 000001
?___awtoft                               cstackCOMRAM 000009
?___ftadd                                cstackCOMRAM 000015
?___ftdiv                                cstackCOMRAM 000050
?___ftmul                                cstackCOMRAM 000021
?___ftneg                                cstackCOMRAM 000001
?___ftpack                               cstackCOMRAM 000001
?___ftsub                                cstackCOMRAM 000021
?___fttol                                cstackCOMRAM 000037
?___lldiv                                cstackCOMRAM 000001
?___llmod                                cstackCOMRAM 000001
?___lltoft                               cstackCOMRAM 000009
?___wmul                                 cstackCOMRAM 00000F
?__div_to_l_                             cstackCOMRAM 000001
?__tdiv_to_l_                            cstackCOMRAM 000001
?_atan                                   cstackBANK0  00008D
?_eval_poly                              cstackCOMRAM 000030
?_exp                                    cstackBANK0  000060
?_fabs                                   cstackCOMRAM 000004
?_floor                                  cstackCOMRAM 000050
?_frexp                                  cstackCOMRAM 000001
?_fround                                 cstackCOMRAM 000030
?_get_last_gyro_x_angle                  cstackCOMRAM 000001
?_get_last_gyro_y_angle                  cstackCOMRAM 000001
?_get_last_gyro_z_angle                  cstackCOMRAM 000001
?_get_last_x_angle                       cstackCOMRAM 000001
?_get_last_y_angle                       cstackCOMRAM 000001
?_get_last_z_angle                       cstackCOMRAM 000001
?_ldexp                                  cstackCOMRAM 00003C
?_log                                    cstackCOMRAM 00003C
?_pow                                    cstackBANK0  000069
?_printf                                 cstackCOMRAM 000046
?_scale                                  cstackCOMRAM 000030
?_sqrt                                   cstackBANK0  00007A
I2Cdev_readBits@b                        cstackCOMRAM 000030
I2Cdev_readBits@bitStart                 cstackCOMRAM 000026
I2Cdev_readBits@count                    cstackCOMRAM 00002D
I2Cdev_readBits@data                     cstackCOMRAM 000028
I2Cdev_readBits@devAddr                  cstackCOMRAM 00002E
I2Cdev_readBits@length                   cstackCOMRAM 000027
I2Cdev_readBits@mask                     cstackCOMRAM 00002F
I2Cdev_readBits@regAddr                  cstackCOMRAM 000025
I2Cdev_readByte@data                     cstackCOMRAM 000022
I2Cdev_readByte@devAddr                  cstackCOMRAM 000024
I2Cdev_readByte@regAddr                  cstackCOMRAM 000021
I2Cdev_readBytes@count                   cstackCOMRAM 000020
I2Cdev_readBytes@data                    cstackCOMRAM 000017
I2Cdev_readBytes@devAddr                 cstackCOMRAM 00001F
I2Cdev_readBytes@length                  cstackCOMRAM 000016
I2Cdev_readBytes@regAddr                 cstackCOMRAM 000015
I2Cdev_writeBit@b                        cstackCOMRAM 000030
I2Cdev_writeBit@bitNum                   cstackCOMRAM 000026
I2Cdev_writeBit@data                     cstackCOMRAM 000027
I2Cdev_writeBit@devAddr                  cstackCOMRAM 00002F
I2Cdev_writeBit@regAddr                  cstackCOMRAM 000025
I2Cdev_writeBits@b                       cstackCOMRAM 00002E
I2Cdev_writeBits@bitStart                cstackCOMRAM 000026
I2Cdev_writeBits@data                    cstackCOMRAM 000028
I2Cdev_writeBits@devAddr                 cstackCOMRAM 00002C
I2Cdev_writeBits@length                  cstackCOMRAM 000027
I2Cdev_writeBits@mask                    cstackCOMRAM 00002D
I2Cdev_writeBits@regAddr                 cstackCOMRAM 000025
I2Cdev_writeByte@data                    cstackCOMRAM 00000A
I2Cdev_writeByte@devAddr                 cstackCOMRAM 00000B
I2Cdev_writeByte@regAddr                 cstackCOMRAM 000009
I2Cdev_writeBytes@data                   cstackCOMRAM 000005
I2Cdev_writeBytes@devAddr                cstackCOMRAM 000007
I2Cdev_writeBytes@i                      cstackCOMRAM 000008
I2Cdev_writeBytes@length                 cstackCOMRAM 000004
I2Cdev_writeBytes@regAddr                cstackCOMRAM 000003
MPU6050@address                          cstackCOMRAM 000001
MPU6050_getMotion6@ax                    cstackCOMRAM 000021
MPU6050_getMotion6@ay                    cstackCOMRAM 000023
MPU6050_getMotion6@az                    cstackCOMRAM 000025
MPU6050_getMotion6@gx                    cstackCOMRAM 000027
MPU6050_getMotion6@gy                    cstackCOMRAM 000029
MPU6050_getMotion6@gz                    cstackCOMRAM 00002B
MPU6050_setClockSource@source            cstackCOMRAM 00002F
MPU6050_setFullScaleAccelRange@range     cstackCOMRAM 00002F
MPU6050_setFullScaleGyroRange@range      cstackCOMRAM 00002F
MPU6050_setSleepEnabled@enabled          cstackCOMRAM 000031
OpenI2C@slew                             cstackCOMRAM 000001
OpenI2C@sync_mode                        cstackCOMRAM 000002
USART_Init@baud_rate                     cstackBANK0  000060
USART_Init@temp                          cstackBANK0  000064
WriteI2C@data_out                        cstackCOMRAM 000002
_CCP1CON                                 (abs)        000FBD
_I2Cdev_readBits                         text48       00504C
_I2Cdev_readByte                         text58       004A48
_I2Cdev_readBytes                        text59       0057FC
_I2Cdev_writeBit                         text51       0050C8
_I2Cdev_writeBit$505                     cstackCOMRAM 00002D
_I2Cdev_writeBits                        text55       00524C
_I2Cdev_writeByte                        text56       004A62
_I2Cdev_writeBytes                       text57       004D0E
_IdleI2C                                 text62       004A0C
_LATA                                    (abs)        000F89
_LATB                                    (abs)        000F8A
_LATC                                    (abs)        000F8B
_LATCbits                                (abs)        000F8B
_LATD                                    (abs)        000F8C
_LATE                                    (abs)        000F8D
_MPU6050                                 text64       0049B0
_MPU6050_getDeviceID                     text47       004B44
_MPU6050_getMotion6                      text34       0059DA
_MPU6050_initialize                      text49       004A7C
_MPU6050_setClockSource                  text54       004AB2
_MPU6050_setFullScaleAccelRange          text53       004ACE
_MPU6050_setFullScaleGyroRange           text52       004AEA
_MPU6050_setSleepEnabled                 text50       004A30
_MPU6050_testConnection                  text46       004A1E
_OSCCON                                  (abs)        000FD3
_OpenI2C                                 text45       004B06
_PIR1bits                                (abs)        000F9E
_RCIF                                    (abs)        007CF5
_RCREG                                   (abs)        000FAE
_RCSTA                                   (abs)        000FAB
_RCSTAbits                               (abs)        000FAB
_ReadI2C                                 text63       004A96
_SPBRG                                   (abs)        000FAF
_SSPADD                                  (abs)        000FC8
_SSPBUF                                  (abs)        000FC9
_SSPCON1                                 (abs)        000FC6
_SSPCON1bits                             (abs)        000FC6
_SSPCON2                                 (abs)        000FC5
_SSPCON2bits                             (abs)        000FC5
_SSPSTAT                                 (abs)        000FC7
_SSPSTATbits                             (abs)        000FC7
_TRISA                                   (abs)        000F92
_TRISB                                   (abs)        000F93
_TRISBbits                               (abs)        000F93
_TRISC1                                  (abs)        007CA1
_TRISC2                                  (abs)        007CA2
_TRISC6                                  (abs)        007CA6
_TRISC7                                  (abs)        007CA7
_TXIF                                    (abs)        007CF4
_TXREG1                                  (abs)        000FAD
_TXSTA                                   (abs)        000FAC
_TXSTA1bits                              (abs)        000FAC
_USART_Init                              text23       004FD2
_WriteI2C                                text61       004CC2
__CFG_BOR$OFF                            (abs)        000000
__CFG_CCP2MX$OFF                         (abs)        000000
__CFG_FCMEN$OFF                          (abs)        000000
__CFG_FOSC$INTOSC_EC                     (abs)        000000
__CFG_IESO$OFF                           (abs)        000000
__CFG_LPT1OSC$ON                         (abs)        000000
__CFG_LVP$OFF                            (abs)        000000
__CFG_MCLRE$ON                           (abs)        000000
__CFG_PBADEN$OFF                         (abs)        000000
__CFG_PLLDIV$2                           (abs)        000000
__CFG_PWRT$ON                            (abs)        000000
__CFG_STVREN$ON                          (abs)        000000
__CFG_WDT$OFF                            (abs)        000000
__CFG_XINST$OFF                          (abs)        000000
__HRAM                                   (abs)        000000
__Habs1                                  abs1         000000
__Hbank0                                 bank0        000000
__Hbank1                                 bank1        000000
__Hbank2                                 bank2        000000
__Hbank3                                 bank3        000000
__Hbank4                                 bank4        000000
__Hbank5                                 bank5        000000
__Hbank6                                 bank6        000000
__Hbank7                                 bank7        000000
__Hbigbss                                bigbss       000000
__Hbigdata                               bigdata      000000
__Hbigram                                bigram       000000
__Hbss                                   bss          000000
__HbssBANK0                              bssBANK0     000000
__HbssBANK1                              bssBANK1     000000
__Hcinit                                 cinit        000000
__Hclrtext                               clrtext      000000
__Hcomram                                comram       000000
__Hconfig                                config       30000E
__Hconst                                 const        000000
__HcstackBANK0                           cstackBANK0  000000
__HcstackCOMRAM                          cstackCOMRAM 000000
__Hdata                                  data         000000
__Heeprom_data                           eeprom_data  000000
__Hfarbss                                farbss       000000
__Hfardata                               fardata      000000
__Hibigdata                              ibigdata     000000
__Hidata                                 idata        000000
__Hidloc                                 idloc        200008
__Hifardata                              ifardata     000000
__Hinit                                  init         000004
__Hintcode                               intcode      000000
__Hintcode_body                          intcode_body 000000
__Hintcodelo                             intcodelo    000000
__Hintentry                              intentry     000000
__Hintret                                intret       000000
__Hintsave_regs                          intsave_regs 000000
__Hirdata                                irdata       000000
__Hmediumconst                           mediumconst  008000
__HnvFARRAM                              nvFARRAM     000000
__Hnvbit                                 nvbit        000000
__Hnvrram                                nvrram       000000
__Hparam                                 rparam       000000
__Hpowerup                               powerup      000000
__Hram                                   ram          000000
__Hramtop                                ramtop       000800
__Hrbit                                  rbit         000000
__Hrbss                                  rbss         000000
__Hrdata                                 rdata        000000
__Hreset_vec                             reset_vec    000000
__Hrparam                                rparam       000000
__Hsfr                                   sfr          000000
__Hsmallconst                            smallconst   000000
__Hspace_0                               (abs)        30000E
__Hspace_1                               (abs)        000147
__Hspace_2                               (abs)        000000
__Hstack                                 stack        000000
__Hstruct                                struct       000000
__Htemp                                  temp         000000
__Htext                                  text         000000
__Htext0                                 text0        000000
__Htext1                                 text1        000000
__Htext10                                text10       000000
__Htext11                                text11       000000
__Htext12                                text12       000000
__Htext13                                text13       000000
__Htext14                                text14       000000
__Htext15                                text15       000000
__Htext16                                text16       000000
__Htext17                                text17       000000
__Htext18                                text18       000000
__Htext19                                text19       000000
__Htext2                                 text2        000000
__Htext20                                text20       000000
__Htext21                                text21       000000
__Htext22                                text22       000000
__Htext23                                text23       000000
__Htext24                                text24       000000
__Htext25                                text25       000000
__Htext26                                text26       000000
__Htext27                                text27       000000
__Htext28                                text28       000000
__Htext29                                text29       000000
__Htext3                                 text3        000000
__Htext30                                text30       000000
__Htext31                                text31       000000
__Htext32                                text32       000000
__Htext33                                text33       000000
__Htext34                                text34       000000
__Htext35                                text35       000000
__Htext36                                text36       000000
__Htext37                                text37       000000
__Htext38                                text38       000000
__Htext39                                text39       000000
__Htext4                                 text4        000000
__Htext40                                text40       000000
__Htext41                                text41       000000
__Htext42                                text42       000000
__Htext43                                text43       000000
__Htext44                                text44       000000
__Htext45                                text45       000000
__Htext46                                text46       000000
__Htext47                                text47       000000
__Htext48                                text48       000000
__Htext49                                text49       000000
__Htext5                                 text5        000000
__Htext50                                text50       000000
__Htext51                                text51       000000
__Htext52                                text52       000000
__Htext53                                text53       000000
__Htext54                                text54       000000
__Htext55                                text55       000000
__Htext56                                text56       000000
__Htext57                                text57       000000
__Htext58                                text58       000000
__Htext59                                text59       000000
__Htext6                                 text6        000000
__Htext60                                text60       000000
__Htext61                                text61       000000
__Htext62                                text62       000000
__Htext63                                text63       000000
__Htext64                                text64       000000
__Htext7                                 text7        000000
__Htext8                                 text8        000000
__Htext9                                 text9        000000
__LRAM                                   (abs)        000001
__Labs1                                  abs1         000000
__Lbank0                                 bank0        000000
__Lbank1                                 bank1        000000
__Lbank2                                 bank2        000000
__Lbank3                                 bank3        000000
__Lbank4                                 bank4        000000
__Lbank5                                 bank5        000000
__Lbank6                                 bank6        000000
__Lbank7                                 bank7        000000
__Lbigbss                                bigbss       000000
__Lbigdata                               bigdata      000000
__Lbigram                                bigram       000000
__Lbss                                   bss          000000
__LbssBANK0                              bssBANK0     000000
__LbssBANK1                              bssBANK1     000000
__Lcinit                                 cinit        000000
__Lclrtext                               clrtext      000000
__Lcomram                                comram       000000
__Lconfig                                config       300000
__Lconst                                 const        000000
__LcstackBANK0                           cstackBANK0  000000
__LcstackCOMRAM                          cstackCOMRAM 000000
__Ldata                                  data         000000
__Leeprom_data                           eeprom_data  000000
__Lfarbss                                farbss       000000
__Lfardata                               fardata      000000
__Libigdata                              ibigdata     000000
__Lidata                                 idata        000000
__Lidloc                                 idloc        200000
__Lifardata                              ifardata     000000
__Linit                                  init         000000
__Lintcode                               intcode      000000
__Lintcode_body                          intcode_body 000000
__Lintcodelo                             intcodelo    000000
__Lintentry                              intentry     000000
__Lintret                                intret       000000
__Lintsave_regs                          intsave_regs 000000
__Lirdata                                irdata       000000
__Lmediumconst                           mediumconst  007EF4
__LnvFARRAM                              nvFARRAM     000000
__Lnvbit                                 nvbit        000000
__Lnvrram                                nvrram       000000
__Lparam                                 rparam       000000
__Lpowerup                               powerup      000000
__Lram                                   ram          000000
__Lramtop                                ramtop       000800
__Lrbit                                  rbit         000000
__Lrbss                                  rbss         000000
__Lrdata                                 rdata        000000
__Lreset_vec                             reset_vec    000000
__Lrparam                                rparam       000000
__Lsfr                                   sfr          000000
__Lsmallconst                            smallconst   000000
__Lspace_0                               (abs)        000000
__Lspace_1                               (abs)        000000
__Lspace_2                               (abs)        000000
__Lstack                                 stack        000000
__Lstruct                                struct       000000
__Ltemp                                  temp         000000
__Ltext                                  text         000000
__Ltext0                                 text0        000000
__Ltext1                                 text1        000000
__Ltext10                                text10       000000
__Ltext11                                text11       000000
__Ltext12                                text12       000000
__Ltext13                                text13       000000
__Ltext14                                text14       000000
__Ltext15                                text15       000000
__Ltext16                                text16       000000
__Ltext17                                text17       000000
__Ltext18                                text18       000000
__Ltext19                                text19       000000
__Ltext2                                 text2        000000
__Ltext20                                text20       000000
__Ltext21                                text21       000000
__Ltext22                                text22       000000
__Ltext23                                text23       000000
__Ltext24                                text24       000000
__Ltext25                                text25       000000
__Ltext26                                text26       000000
__Ltext27                                text27       000000
__Ltext28                                text28       000000
__Ltext29                                text29       000000
__Ltext3                                 text3        000000
__Ltext30                                text30       000000
__Ltext31                                text31       000000
__Ltext32                                text32       000000
__Ltext33                                text33       000000
__Ltext34                                text34       000000
__Ltext35                                text35       000000
__Ltext36                                text36       000000
__Ltext37                                text37       000000
__Ltext38                                text38       000000
__Ltext39                                text39       000000
__Ltext4                                 text4        000000
__Ltext40                                text40       000000
__Ltext41                                text41       000000
__Ltext42                                text42       000000
__Ltext43                                text43       000000
__Ltext44                                text44       000000
__Ltext45                                text45       000000
__Ltext46                                text46       000000
__Ltext47                                text47       000000
__Ltext48                                text48       000000
__Ltext49                                text49       000000
__Ltext5                                 text5        000000
__Ltext50                                text50       000000
__Ltext51                                text51       000000
__Ltext52                                text52       000000
__Ltext53                                text53       000000
__Ltext54                                text54       000000
__Ltext55                                text55       000000
__Ltext56                                text56       000000
__Ltext57                                text57       000000
__Ltext58                                text58       000000
__Ltext59                                text59       000000
__Ltext6                                 text6        000000
__Ltext60                                text60       000000
__Ltext61                                text61       000000
__Ltext62                                text62       000000
__Ltext63                                text63       000000
__Ltext64                                text64       000000
__Ltext7                                 text7        000000
__Ltext8                                 text8        000000
__Ltext9                                 text9        000000
__S0                                     (abs)        30000E
__S1                                     (abs)        000147
__S2                                     (abs)        000000
___altoft                                text25       004F5A
___altoft@c                              cstackCOMRAM 000046
___altoft@exp                            cstackCOMRAM 00004E
___altoft@sign                           cstackCOMRAM 00004F
___awdiv                                 text8        0051C8
___awdiv@counter                         cstackCOMRAM 00000B
___awdiv@dividend                        cstackCOMRAM 000007
___awdiv@divisor                         cstackCOMRAM 000009
___awdiv@quotient                        cstackCOMRAM 00000D
___awdiv@sign                            cstackCOMRAM 00000C
___awmod                                 text7        004EEA
___awmod@counter                         cstackCOMRAM 000005
___awmod@dividend                        cstackCOMRAM 000001
___awmod@divisor                         cstackCOMRAM 000003
___awmod@sign                            cstackCOMRAM 000006
___awtoft                                text35       004C4A
___awtoft@c                              cstackCOMRAM 000009
___awtoft@sign                           cstackCOMRAM 00000C
___ftadd                                 text41       006250
___ftadd@exp1                            cstackCOMRAM 000020
___ftadd@exp2                            cstackCOMRAM 00001F
___ftadd@f1                              cstackCOMRAM 000015
___ftadd@f2                              cstackCOMRAM 000018
___ftadd@sign                            cstackCOMRAM 00001E
___ftdiv                                 text43       005716
___ftdiv@cntr                            cstackCOMRAM 000059
___ftdiv@exp                             cstackCOMRAM 00005D
___ftdiv@f1                              cstackCOMRAM 000050
___ftdiv@f2                              cstackCOMRAM 000053
___ftdiv@f3                              cstackCOMRAM 00005A
___ftdiv@sign                            cstackCOMRAM 00005E
___ftge                                  text42       0052D2
___ftge@ff1                              cstackCOMRAM 000001
___ftge@ff2                              cstackCOMRAM 000004
___ftmul                                 text40       0058E6
___ftmul@cntr                            cstackCOMRAM 00002E
___ftmul@exp                             cstackCOMRAM 00002A
___ftmul@f1                              cstackCOMRAM 000021
___ftmul@f2                              cstackCOMRAM 000024
___ftmul@f3_as_product                   cstackCOMRAM 00002B
___ftmul@sign                            cstackCOMRAM 00002F
___ftneg                                 text38       004BAA
___ftneg@f1                              cstackCOMRAM 000001
___ftpack                                text44       0053F2
___ftpack@arg                            cstackCOMRAM 000001
___ftpack@exp                            cstackCOMRAM 000004
___ftpack@sign                           cstackCOMRAM 000005
___ftsub                                 text19       004C82
___ftsub@f1                              cstackCOMRAM 000021
___ftsub@f2                              cstackCOMRAM 000024
___fttol                                 text24       005ACE
___fttol@exp1                            cstackCOMRAM 000045
___fttol@f1                              cstackCOMRAM 000037
___fttol@lval                            cstackCOMRAM 000041
___fttol@sign1                           cstackCOMRAM 000040
___inthi_sp                              stack        000000
___intlo_sp                              stack        000000
___lldiv                                 text12       005146
___lldiv@counter                         cstackCOMRAM 00000D
___lldiv@dividend                        cstackCOMRAM 000001
___lldiv@divisor                         cstackCOMRAM 000005
___lldiv@quotient                        cstackCOMRAM 000009
___llmod                                 text11       004E84
___llmod@counter                         cstackCOMRAM 000009
___llmod@dividend                        cstackCOMRAM 000001
___llmod@divisor                         cstackCOMRAM 000005
___lltoft                                text20       004DC2
___lltoft@c                              cstackCOMRAM 000009
___lltoft@exp                            cstackCOMRAM 000011
___param_bank                            (abs)        000000
___rparam_used                           (abs)        000001
___sp                                    stack        000000
___wmul                                  text60       004BCE
___wmul@multiplicand                     cstackCOMRAM 000011
___wmul@multiplier                       cstackCOMRAM 00000F
___wmul@product                          cstackCOMRAM 000013
__accesstop                              (abs)        000060
__activetblptr                           (abs)        000002
__div_to_l_                              text10       005CE0
__div_to_l_@cntr                         cstackCOMRAM 00000B
__div_to_l_@exp1                         cstackCOMRAM 00000C
__div_to_l_@f1                           cstackCOMRAM 000001
__div_to_l_@f2                           cstackCOMRAM 000004
__div_to_l_@quot                         cstackCOMRAM 000007
__end_of_I2Cdev_readBits                 text48       0050C8
__end_of_I2Cdev_readByte                 text58       004A62
__end_of_I2Cdev_readBytes                text59       0058E6
__end_of_I2Cdev_writeBit                 text51       005146
__end_of_I2Cdev_writeBits                text55       0052D2
__end_of_I2Cdev_writeByte                text56       004A7C
__end_of_I2Cdev_writeBytes               text57       004D68
__end_of_IdleI2C                         text62       004A1E
__end_of_MPU6050                         text64       0049B8
__end_of_MPU6050_getDeviceID             text47       004B66
__end_of_MPU6050_getMotion6              text34       005ACE
__end_of_MPU6050_initialize              text49       004A96
__end_of_MPU6050_setClockSource          text54       004ACE
__end_of_MPU6050_setFullScaleAccelRange  text53       004AEA
__end_of_MPU6050_setFullScaleGyroRange   text52       004B06
__end_of_MPU6050_setSleepEnabled         text50       004A48
__end_of_MPU6050_testConnection          text46       004A30
__end_of_OpenI2C                         text45       004B24
__end_of_ReadI2C                         text63       004AB2
__end_of_USART_Init                      text23       00504C
__end_of_WriteI2C                        text61       004D0E
__end_of___altoft                        text25       004FD2
__end_of___awdiv                         text8        00524C
__end_of___awmod                         text7        004F5A
__end_of___awtoft                        text35       004C82
__end_of___ftadd                         text41       0063FC
__end_of___ftdiv                         text43       0057FC
__end_of___ftge                          text42       005362
__end_of___ftmul                         text40       0059DA
__end_of___ftneg                         text38       004BCE
__end_of___ftpack                        text44       0054A0
__end_of___ftsub                         text19       004CC2
__end_of___fttol                         text24       005BC2
__end_of___lldiv                         text12       0051C8
__end_of___llmod                         text11       004EEA
__end_of___lltoft                        text20       004E1E
__end_of___wmul                          text60       004BF4
__end_of__div_to_l_                      text10       005E08
__end_of__initialization                 cinit        004BA0
__end_of__npowers_                       mediumconst  007F6B
__end_of__powers_                        mediumconst  007F44
__end_of__tdiv_to_l_                     text9        005F3A
__end_of_atan                            text36       0065C0
__end_of_calibrate_sensors               text32       006D58
__end_of_dpowers                         mediumconst  007F1D
__end_of_eval_poly                       text39       005638
__end_of_exp                             text15       0067B2
__end_of_fabs                            text37       004C4A
__end_of_floor                           text17       005716
__end_of_frexp                           text18       0053F2
__end_of_fround                          text6        006A04
__end_of_get_last_gyro_x_angle           text31       0049C6
__end_of_get_last_gyro_y_angle           text30       0049D4
__end_of_get_last_gyro_z_angle           text29       0049E2
__end_of_get_last_x_angle                text28       0049F0
__end_of_get_last_y_angle                text27       0049FE
__end_of_get_last_z_angle                text26       004A0C
__end_of_initBT                          text22       004C1A
__end_of_initIO                          text21       004B88
__end_of_ldexp                           text16       005566
__end_of_log                             text14       005CE0
__end_of_main                            text0        007EF4
__end_of_pow                             text13       0060BA
__end_of_printf                          text3        007750
__end_of_putch                           text5        004B44
__end_of_read_gyro_accel_vals            text33       004E84
__end_of_scale                           text4        007160
__end_of_set_last_read_angle_data        text2        004DC2
__end_of_sqrt                            text1        006250
__end_ofatan@coeff_a                     mediumconst  007FB6
__end_ofatan@coeff_b                     mediumconst  007FC5
__end_ofexp@coeff                        mediumconst  007F89
__end_oflog@coeff                        mediumconst  007FA4
__initialization                         cinit        004B88
__mediumconst                            mediumconst  007EF4
__npowers_                               mediumconst  007F44
__pbssBANK0                              bssBANK0     0000F3
__pbssBANK1                              bssBANK1     000100
__pcinit                                 cinit        004B88
__pcstackBANK0                           cstackBANK0  000060
__pcstackCOMRAM                          cstackCOMRAM 000001
__pmediumconst                           mediumconst  007EF4
__powers_                                mediumconst  007F1D
__ptext0                                 text0        007750
__ptext1                                 text1        0060BA
__ptext10                                text10       005CE0
__ptext11                                text11       004E84
__ptext12                                text12       005146
__ptext13                                text13       005F3A
__ptext14                                text14       005BC2
__ptext15                                text15       0065C0
__ptext16                                text16       0054A0
__ptext17                                text17       005638
__ptext18                                text18       005362
__ptext19                                text19       004C82
__ptext2                                 text2        004D68
__ptext20                                text20       004DC2
__ptext21                                text21       004B66
__ptext22                                text22       004BF4
__ptext23                                text23       004FD2
__ptext24                                text24       005ACE
__ptext25                                text25       004F5A
__ptext26                                text26       0049FE
__ptext27                                text27       0049F0
__ptext28                                text28       0049E2
__ptext29                                text29       0049D4
__ptext3                                 text3        007160
__ptext30                                text30       0049C6
__ptext31                                text31       0049B8
__ptext32                                text32       006A04
__ptext33                                text33       004E1E
__ptext34                                text34       0059DA
__ptext35                                text35       004C4A
__ptext36                                text36       0063FC
__ptext37                                text37       004C1A
__ptext38                                text38       004BAA
__ptext39                                text39       005566
__ptext4                                 text4        006D58
__ptext40                                text40       0058E6
__ptext41                                text41       006250
__ptext42                                text42       0052D2
__ptext43                                text43       005716
__ptext44                                text44       0053F2
__ptext45                                text45       004B06
__ptext46                                text46       004A1E
__ptext47                                text47       004B44
__ptext48                                text48       00504C
__ptext49                                text49       004A7C
__ptext5                                 text5        004B24
__ptext50                                text50       004A30
__ptext51                                text51       0050C8
__ptext52                                text52       004AEA
__ptext53                                text53       004ACE
__ptext54                                text54       004AB2
__ptext55                                text55       00524C
__ptext56                                text56       004A62
__ptext57                                text57       004D0E
__ptext58                                text58       004A48
__ptext59                                text59       0057FC
__ptext6                                 text6        0067B2
__ptext60                                text60       004BCE
__ptext61                                text61       004CC2
__ptext62                                text62       004A0C
__ptext63                                text63       004A96
__ptext64                                text64       0049B0
__ptext7                                 text7        004EEA
__ptext8                                 text8        0051C8
__ptext9                                 text9        005E08
__ramtop                                 ramtop       000800
__size_of_I2Cdev_readBits                (abs)        000000
__size_of_I2Cdev_readByte                (abs)        000000
__size_of_I2Cdev_readBytes               (abs)        000000
__size_of_I2Cdev_writeBit                (abs)        000000
__size_of_I2Cdev_writeBits               (abs)        000000
__size_of_I2Cdev_writeByte               (abs)        000000
__size_of_I2Cdev_writeBytes              (abs)        000000
__size_of_IdleI2C                        (abs)        000000
__size_of_MPU6050                        (abs)        000000
__size_of_MPU6050_getDeviceID            (abs)        000000
__size_of_MPU6050_getMotion6             (abs)        000000
__size_of_MPU6050_initialize             (abs)        000000
__size_of_MPU6050_setClockSource         (abs)        000000
__size_of_MPU6050_setFullScaleAccelRange (abs)        000000
__size_of_MPU6050_setFullScaleGyroRange  (abs)        000000
__size_of_MPU6050_setSleepEnabled        (abs)        000000
__size_of_MPU6050_testConnection         (abs)        000000
__size_of_OpenI2C                        (abs)        000000
__size_of_ReadI2C                        (abs)        000000
__size_of_USART_Init                     (abs)        000000
__size_of_WriteI2C                       (abs)        000000
__size_of___altoft                       (abs)        000000
__size_of___awdiv                        (abs)        000000
__size_of___awmod                        (abs)        000000
__size_of___awtoft                       (abs)        000000
__size_of___ftadd                        (abs)        000000
__size_of___ftdiv                        (abs)        000000
__size_of___ftge                         (abs)        000000
__size_of___ftmul                        (abs)        000000
__size_of___ftneg                        (abs)        000000
__size_of___ftpack                       (abs)        000000
__size_of___ftsub                        (abs)        000000
__size_of___fttol                        (abs)        000000
__size_of___lldiv                        (abs)        000000
__size_of___llmod                        (abs)        000000
__size_of___lltoft                       (abs)        000000
__size_of___wmul                         (abs)        000000
__size_of__div_to_l_                     (abs)        000000
__size_of__tdiv_to_l_                    (abs)        000000
__size_of_atan                           (abs)        000000
__size_of_calibrate_sensors              (abs)        000000
__size_of_eval_poly                      (abs)        000000
__size_of_exp                            (abs)        000000
__size_of_fabs                           (abs)        000000
__size_of_floor                          (abs)        000000
__size_of_frexp                          (abs)        000000
__size_of_fround                         (abs)        000000
__size_of_get_last_gyro_x_angle          (abs)        000000
__size_of_get_last_gyro_y_angle          (abs)        000000
__size_of_get_last_gyro_z_angle          (abs)        000000
__size_of_get_last_x_angle               (abs)        000000
__size_of_get_last_y_angle               (abs)        000000
__size_of_get_last_z_angle               (abs)        000000
__size_of_initBT                         (abs)        000000
__size_of_initIO                         (abs)        000000
__size_of_ldexp                          (abs)        000000
__size_of_log                            (abs)        000000
__size_of_main                           (abs)        000000
__size_of_pow                            (abs)        000000
__size_of_printf                         (abs)        000000
__size_of_putch                          (abs)        000000
__size_of_read_gyro_accel_vals           (abs)        000000
__size_of_scale                          (abs)        000000
__size_of_set_last_read_angle_data       (abs)        000000
__size_of_sqrt                           (abs)        000000
__smallconst                             smallconst   000000
__tdiv_to_l_                             text9        005E08
__tdiv_to_l_@cntr                        cstackCOMRAM 00000E
__tdiv_to_l_@exp1                        cstackCOMRAM 00000F
__tdiv_to_l_@f1                          cstackCOMRAM 000001
__tdiv_to_l_@f2                          cstackCOMRAM 000004
__tdiv_to_l_@quot                        cstackCOMRAM 00000A
_atan                                    text36       0063FC
_ax                                      bssBANK1     000145
_ay                                      bssBANK1     000143
_az                                      bssBANK1     000141
_base_x_accel                            bssBANK1     000113
_base_x_gyro                             bssBANK1     00010A
_base_y_accel                            bssBANK1     000110
_base_y_gyro                             bssBANK1     000107
_base_z_accel                            bssBANK1     00010D
_base_z_gyro                             bssBANK1     000104
_calibrate_sensors                       text32       006A04
_dpowers                                 mediumconst  007EF5
_errno                                   bssBANK1     000128
_eval_poly                               text39       005566
_exp                                     text15       0065C0
_exp$3068                                cstackBANK0  000063
_fabs                                    text37       004C1A
_floor                                   text17       005638
_frexp                                   text18       005362
_fround                                  text6        0067B2
_fround$3062                             cstackCOMRAM 000036
_fround$3063                             cstackCOMRAM 000033
_get_last_gyro_x_angle                   text31       0049B8
_get_last_gyro_y_angle                   text30       0049C6
_get_last_gyro_z_angle                   text29       0049D4
_get_last_x_angle                        text28       0049E2
_get_last_y_angle                        text27       0049F0
_get_last_z_angle                        text26       0049FE
_gx                                      bssBANK1     00013F
_gy                                      bssBANK1     00013D
_gz                                      bssBANK1     00013B
_initBT                                  text22       004BF4
_initIO                                  text21       004B66
_last_gyro_x_angle                       bssBANK1     00011C
_last_gyro_y_angle                       bssBANK1     000119
_last_gyro_z_angle                       bssBANK1     000116
_last_read_time                          bssBANK1     000100
_last_x_angle                            bssBANK1     000125
_last_y_angle                            bssBANK1     000122
_last_z_angle                            bssBANK1     00011F
_ldexp                                   text16       0054A0
_log                                     text14       005BC2
_main                                    text0        007750
_main$3057                               cstackBANK0  0000DB
_main$3058                               cstackBANK0  0000DE
_main$3059                               cstackBANK0  0000E1
_main$3060                               cstackBANK0  0000E4
_main$3061                               cstackBANK0  0000E7
_mpu6050                                 bssBANK1     00012C
_pow                                     text13       005F3A
_pow$3066                                cstackBANK0  00006F
_pow$3067                                cstackBANK0  000072
_printf                                  text3        007160
_printf$3065                             cstackBANK0  000060
_putch                                   text5        004B24
_read_gyro_accel_vals                    text33       004E1E
_scale                                   text4        006D58
_scale$3064                              cstackCOMRAM 000033
_set_last_read_angle_data                text2        004D68
_sqrt                                    text1        0060BA
_temperature                             bssBANK1     00012A
_x_accel                                 bssBANK0     0000FD
_x_gyro                                  bssBANK0     0000F7
_y_accel                                 bssBANK0     0000FB
_y_gyro                                  bssBANK0     0000F5
_z_accel                                 bssBANK0     0000F9
_z_gyro                                  bssBANK0     0000F3
atan@coeff_a                             mediumconst  007FA4
atan@coeff_b                             mediumconst  007FB6
atan@f                                   cstackBANK0  00008D
atan@recip                               cstackBANK0  000096
atan@val                                 cstackBANK0  00009A
atan@val_squared                         cstackBANK0  000097
atan@x                                   cstackBANK0  000093
atan@y                                   cstackBANK0  000090
calibrate_sensors@_x_accel               cstackBANK0  000064
calibrate_sensors@_x_gyro                cstackBANK0  00006D
calibrate_sensors@_y_accel               cstackBANK0  000067
calibrate_sensors@_y_gyro                cstackBANK0  000070
calibrate_sensors@_z_accel               cstackBANK0  00006A
calibrate_sensors@_z_gyro                cstackBANK0  000073
calibrate_sensors@i                      cstackBANK0  000062
calibrate_sensors@num_readings           cstackBANK0  000076
end_of_initialization                    cinit        004BA0
eval_poly@d                              cstackCOMRAM 000033
eval_poly@n                              cstackCOMRAM 000035
eval_poly@res                            cstackCOMRAM 000039
eval_poly@x                              cstackCOMRAM 000030
exp@coeff                                mediumconst  007F6B
exp@exponent                             cstackBANK0  000066
exp@sign                                 cstackBANK0  000068
exp@x                                    cstackBANK0  000060
fabs@d                                   cstackCOMRAM 000004
floor@expon                              cstackCOMRAM 000056
floor@i                                  cstackCOMRAM 000053
floor@x                                  cstackCOMRAM 000050
frexp@eptr                               cstackCOMRAM 000004
frexp@value                              cstackCOMRAM 000001
fround@prec                              cstackCOMRAM 000039
intlevel0                                text         000000
intlevel1                                text         000000
intlevel2                                text         000000
intlevel3                                text         000000
ldexp@newexp                             cstackCOMRAM 00003F
ldexp@value                              cstackCOMRAM 00003C
log@coeff                                mediumconst  007F89
log@exponent                             cstackCOMRAM 00003F
log@x                                    cstackCOMRAM 00003C
main@FS_SEL                              cstackBANK0  0000ED
main@RADIANS_TO_DEGREES                  cstackBANK0  0000BA
main@accel_angle_x                       cstackBANK0  0000A5
main@accel_angle_y                       cstackBANK0  0000A2
main@accel_angle_z                       cstackBANK0  00009F
main@accel_x                             cstackBANK0  0000C9
main@accel_y                             cstackBANK0  0000CC
main@accel_z                             cstackBANK0  0000CF
main@alpha                               cstackBANK0  0000EA
main@alphaInv                            cstackBANK0  0000BD
main@angle_x                             cstackBANK0  0000D2
main@angle_y                             cstackBANK0  0000D5
main@angle_z                             cstackBANK0  0000D8
main@dt                                  cstackBANK0  0000F0
main@gyro_angle_x                        cstackBANK0  0000A8
main@gyro_angle_y                        cstackBANK0  0000AB
main@gyro_angle_z                        cstackBANK0  0000AE
main@gyro_x                              cstackBANK0  0000C0
main@gyro_y                              cstackBANK0  0000C3
main@gyro_z                              cstackBANK0  0000C6
main@unfiltered_gyro_angle_x             cstackBANK0  0000B1
main@unfiltered_gyro_angle_y             cstackBANK0  0000B4
main@unfiltered_gyro_angle_z             cstackBANK0  0000B7
pow@sign                                 cstackBANK0  000075
pow@x                                    cstackBANK0  000069
pow@y                                    cstackBANK0  00006C
pow@yi                                   cstackBANK0  000076
printf@ap                                cstackBANK0  000063
printf@c                                 cstackBANK0  000076
printf@exp                               cstackBANK0  00006D
printf@f                                 cstackCOMRAM 000046
printf@flag                              cstackBANK0  000065
printf@fval                              cstackBANK0  000073
printf@prec                              cstackBANK0  000067
printf@tmpval                            cstackBANK0  00006F
printf@val                               cstackBANK0  000069
putch@byte                               cstackCOMRAM 000002
putch@trash                              cstackCOMRAM 000001
scale@scl                                cstackCOMRAM 000036
set_last_read_angle_data@time            cstackCOMRAM 000001
set_last_read_angle_data@x               cstackCOMRAM 000005
set_last_read_angle_data@x_gyro          cstackCOMRAM 00000E
set_last_read_angle_data@y               cstackCOMRAM 000008
set_last_read_angle_data@y_gyro          cstackCOMRAM 000011
set_last_read_angle_data@z               cstackCOMRAM 00000B
set_last_read_angle_data@z_gyro          cstackCOMRAM 000014
sqrt@a                                   cstackBANK0  00007A
sqrt@i                                   cstackBANK0  000086
sqrt@og                                  cstackBANK0  000080
sqrt@q                                   cstackBANK0  000087
sqrt@x                                   cstackBANK0  00008A
sqrt@z                                   cstackBANK0  000083
stackhi                                  (abs)        0007FF
stacklo                                  (abs)        000147
start                                    init         000000
start_initialization                     cinit        004B88


FUNCTION INFORMATION:

 *************** function _main *****************
 Defined at:
		line 139 in file "main.c"
 Parameters:    Size  Location     Type
		None
 Auto vars:     Size  Location     Type
  angle_z         3  120[BANK0 ] float 
  angle_y         3  117[BANK0 ] float 
  angle_x         3  114[BANK0 ] float 
  accel_z         3  111[BANK0 ] float 
  accel_y         3  108[BANK0 ] float 
  accel_x         3  105[BANK0 ] float 
  gyro_z          3  102[BANK0 ] float 
  gyro_y          3   99[BANK0 ] float 
  gyro_x          3   96[BANK0 ] float 
  unfiltered_g    3   87[BANK0 ] float 
  unfiltered_g    3   84[BANK0 ] float 
  unfiltered_g    3   81[BANK0 ] float 
  gyro_angle_z    3   78[BANK0 ] float 
  gyro_angle_y    3   75[BANK0 ] float 
  gyro_angle_x    3   72[BANK0 ] float 
  accel_angle_    3   69[BANK0 ] float 
  accel_angle_    3   66[BANK0 ] float 
  accel_angle_    3   63[BANK0 ] float 
  dt              3  144[BANK0 ] float 
  FS_SEL          3  141[BANK0 ] float 
  alpha           3  138[BANK0 ] float 
[...]
      Temps:          0       0       0       0       0       0       0       0       0
      Totals:         6       0       0       0       0       0       0       0       0
Total ram usage:        6 bytes
 Hardware stack levels used:    1
 Hardware stack levels required when called:    2
 This function calls:
		_IdleI2C
		_WriteI2C
 This function is called by:
		_I2Cdev_writeByte
 This function uses a non-reentrant model


 *************** function _I2Cdev_readByte *****************
 Defined at:
		line 95 in file "I2Cdev.c"
 Parameters:    Size  Location     Type
  devAddr         1    wreg     unsigned char 
  regAddr         1   32[COMRAM] unsigned char 
  data            2   33[COMRAM] PTR unsigned char 
		 -> mpu6050(15), I2Cdev_writeBits@b(1), I2Cdev_writeBit@b(1), I2Cdev_readBits@b(1), 
		 -> I2Cdev_readBit@b(1), 
 Auto vars:     Size  Location     Type
  devAddr         1   35[COMRAM] unsigned char 
 Return value:  Size  Location     Type
                  1    wreg      char 
 Registers used:
		wreg, fsr2l, fsr2h, status,2, status,0, prodl, prodh, cstack
 Tracked objects:
		On entry : 
		On exit  : 
		Unchanged: 
 Data sizes:     COMRAM   BANK0   BANK1   BANK2   BANK3   BANK4   BANK5   BANK6   BANK7
      Params:         3       0       0       0       0       0       0       0       0
      Locals:         1       0       0       0       0       0       0       0       0
      Temps:          0       0       0       0       0       0       0       0       0
      Totals:         4       0       0       0       0       0       0       0       0
Total ram usage:        4 bytes
 Hardware stack levels used:    1
 Hardware stack levels required when called:    3
 This function calls:
		_I2Cdev_readBytes
 This function is called by:
		_I2Cdev_readBits
		_I2Cdev_writeBit
		_I2Cdev_writeBits
		_I2Cdev_readBit
		_MPU6050_getRate
		_MPU6050_getFreefallDetectionThreshold
		_MPU6050_getFreefallDetectionDuration
		_MPU6050_getMotionDetectionThreshold
		_MPU6050_getMotionDetectionDuration
		_MPU6050_getZeroMotionDetectionThreshold
		_MPU6050_getZeroMotionDetectionDuration
		_MPU6050_getSlaveAddress
		_MPU6050_getSlaveRegister
		_MPU6050_getSlave4Address
		_MPU6050_getSlave4Register
		_MPU6050_getSlate4InputByte
		_MPU6050_getIntEnabled
		_MPU6050_getIntStatus
		_MPU6050_getExternalSensorByte
		_MPU6050_getFIFOByte
		_MPU6050_getXFineGain
		_MPU6050_getYFineGain
		_MPU6050_getZFineGain
		_MPU6050_readMemoryByte
		_MPU6050_getDMPConfig1
		_MPU6050_getDMPConfig2
 This function uses a non-reentrant model


 *************** function _I2Cdev_readBytes *****************
 Defined at:
		line 43 in file "I2Cdev.c"
 Parameters:    Size  Location     Type
  devAddr         1    wreg     unsigned char 
  regAddr         1   20[COMRAM] unsigned char 
  length          1   21[COMRAM] unsigned char 
  data            2   22[COMRAM] PTR unsigned char 
		 -> mpu6050(15), I2Cdev_writeBits@b(1), I2Cdev_writeBit@b(1), I2Cdev_readBits@b(1), 
		 -> I2Cdev_readBit@b(1), 
 Auto vars:     Size  Location     Type
  devAddr         1   30[COMRAM] unsigned char 
  count           1   31[COMRAM] char 
 Return value:  Size  Location     Type
                  1    wreg      char 
 Registers used:
		wreg, fsr2l, fsr2h, status,2, status,0, prodl, prodh, cstack
 Tracked objects:
		On entry : 
		On exit  : 
		Unchanged: 
 Data sizes:     COMRAM   BANK0   BANK1   BANK2   BANK3   BANK4   BANK5   BANK6   BANK7
      Params:         4       0       0       0       0       0       0       0       0
      Locals:         2       0       0       0       0       0       0       0       0
      Temps:          6       0       0       0       0       0       0       0       0
      Totals:        12       0       0       0       0       0       0       0       0
Total ram usage:       12 bytes
 Hardware stack levels used:    1
 Hardware stack levels required when called:    2
 This function calls:
		_IdleI2C
		_ReadI2C
		_WriteI2C
		___wmul
 This function is called by:
		_I2Cdev_readByte
		_MPU6050_getMotion6
		_MPU6050_getAcceleration
		_MPU6050_getAccelerationX
		_MPU6050_getAccelerationY
		_MPU6050_getAccelerationZ
		_MPU6050_getTemperature
		_MPU6050_getRotation
		_MPU6050_getRotationX
		_MPU6050_getRotationY
		_MPU6050_getRotationZ
		_MPU6050_getExternalSensorWord
		_MPU6050_getExternalSensorDWord
		_MPU6050_getFIFOCount
		_MPU6050_getFIFOBytes
		_MPU6050_getXAccelOffset
		_MPU6050_getYAccelOffset
		_MPU6050_getZAccelOffset
		_MPU6050_getXGyroOffset
		_MPU6050_getYGyroOffset
		_MPU6050_getZGyroOffset
		_MPU6050_readMemoryBlock
 This function uses a non-reentrant model


 *************** function ___wmul *****************
 Defined at:
		line 15 in file "C:\Program Files (x86)\Microchip\xc8\v1.45\sources\common\Umul16.c"
 Parameters:    Size  Location     Type
  multiplier      2   14[COMRAM] unsigned int 
  multiplicand    2   16[COMRAM] unsigned int 
 Auto vars:     Size  Location     Type
  product         2   18[COMRAM] unsigned int 
 Return value:  Size  Location     Type
                  2   14[COMRAM] unsigned int 
 Registers used:
		wreg, status,2, status,0, prodl, prodh
 Tracked objects:
		On entry : 
		On exit  : 
		Unchanged: 
 Data sizes:     COMRAM   BANK0   BANK1   BANK2   BANK3   BANK4   BANK5   BANK6   BANK7
      Params:         4       0       0       0       0       0       0       0       0
      Locals:         2       0       0       0       0       0       0       0       0
      Temps:          0       0       0       0       0       0       0       0       0
      Totals:         6       0       0       0       0       0       0       0       0
Total ram usage:        6 bytes
 Hardware stack levels used:    1
 This function calls:
		Nothing
 This function is called by:
		_I2Cdev_readBytes
		_fround
		_scale
		_printf
		_eval_poly
		_I2Cdev_readWords
 This function uses a non-reentrant model


 *************** function _WriteI2C *****************
 Defined at:
		line 12 in file "C:\Program Files (x86)\Microchip\xc8\v1.45\sources\pic18\plib\i2c\i2c_writ.c"
 Parameters:    Size  Location     Type
  data_out        1    wreg     unsigned char 
 Auto vars:     Size  Location     Type
  data_out        1    1[COMRAM] unsigned char 
 Return value:  Size  Location     Type
                  1    wreg      char 
 Registers used:
		wreg, status,2, status,0, cstack
 Tracked objects:
		On entry : 
		On exit  : 
		Unchanged: 
 Data sizes:     COMRAM   BANK0   BANK1   BANK2   BANK3   BANK4   BANK5   BANK6   BANK7
      Params:         0       0       0       0       0       0       0       0       0
      Locals:         1       0       0       0       0       0       0       0       0
      Temps:          0       0       0       0       0       0       0       0       0
      Totals:         1       0       0       0       0       0       0       0       0
Total ram usage:        1 bytes
 Hardware stack levels used:    1
 Hardware stack levels required when called:    1
 This function calls:
		_IdleI2C
 This function is called by:
		_I2Cdev_readBytes
		_I2Cdev_writeBytes
		_I2Cdev_readWords
		_I2Cdev_writeWords
 This function uses a non-reentrant model


 *************** function _IdleI2C *****************
 Defined at:
		line 24 in file "C:\Program Files (x86)\Microchip\xc8\v1.45\sources\pic18\plib\i2c\i2c_idle.c"
 Parameters:    Size  Location     Type
		None
 Auto vars:     Size  Location     Type
		None
 Return value:  Size  Location     Type
                  1    wreg      void 
 Registers used:
		wreg, status,2, status,0
 Tracked objects:
		On entry : 
		On exit  : 
		Unchanged: 
 Data sizes:     COMRAM   BANK0   BANK1   BANK2   BANK3   BANK4   BANK5   BANK6   BANK7
      Params:         0       0       0       0       0       0       0       0       0
      Locals:         0       0       0       0       0       0       0       0       0
      Temps:          1       0       0       0       0       0       0       0       0
      Totals:         1       0       0       0       0       0       0       0       0
Total ram usage:        1 bytes
 Hardware stack levels used:    1
 This function calls:
		Nothing
 This function is called by:
		_I2Cdev_readBytes
		_I2Cdev_writeBytes
		_WriteI2C
		_I2Cdev_readWords
		_I2Cdev_writeWords
 This function uses a non-reentrant model


 *************** function _ReadI2C *****************
 Defined at:
		line 11 in file "C:\Program Files (x86)\Microchip\xc8\v1.45\sources\pic18\plib\i2c\i2c_read.c"
 Parameters:    Size  Location     Type
		None
 Auto vars:     Size  Location     Type
		None
 Return value:  Size  Location     Type
                  1    wreg      unsigned char 
 Registers used:
		wreg, status,2, status,0
 Tracked objects:
		On entry : 
		On exit  : 
		Unchanged: 
 Data sizes:     COMRAM   BANK0   BANK1   BANK2   BANK3   BANK4   BANK5   BANK6   BANK7
      Params:         0       0       0       0       0       0       0       0       0
      Locals:         0       0       0       0       0       0       0       0       0
      Temps:          0       0       0       0       0       0       0       0       0
      Totals:         0       0       0       0       0       0       0       0       0
Total ram usage:        0 bytes
 Hardware stack levels used:    1
 This function calls:
		Nothing
 This function is called by:
		_I2Cdev_readBytes
		_I2Cdev_readWords
 This function uses a non-reentrant model


 *************** function _MPU6050 *****************
 Defined at:
		line 51 in file "MPU6050.c"
 Parameters:    Size  Location     Type
  address         1    wreg     unsigned char 
 Auto vars:     Size  Location     Type
  address         1    0[COMRAM] unsigned char 
 Return value:  Size  Location     Type
                  1    wreg      void 
 Registers used:
		wreg
 Tracked objects:
		On entry : 
		On exit  : 
		Unchanged: 
 Data sizes:     COMRAM   BANK0   BANK1   BANK2   BANK3   BANK4   BANK5   BANK6   BANK7
      Params:         0       0       0       0       0       0       0       0       0
      Locals:         1       0       0       0       0       0       0       0       0
      Temps:          0       0       0       0       0       0       0       0       0
      Totals:         1       0       0       0       0       0       0       0       0
Total ram usage:        1 bytes
 Hardware stack levels used:    1
 This function calls:
		Nothing
 This function is called by:
		_main
 This function uses a non-reentrant model



MODULE INFORMATION

Module		Function		Class		Link	Load	Size
C:\Program Files (x86)\Microchip\xc8\v1.45\sources\common\ftneg.c
		___ftneg       		CODE           	4BAA	0000	37

C:\Program Files (x86)\Microchip\xc8\v1.45\sources\common\ftneg.c estimated size: 37

MPU6050.c
		_MPU6050_initialize		CODE           	4A7C	0000	27
		_MPU6050_getDeviceID		CODE           	4B44	0000	35
		_MPU6050_setFullScaleGyroRange		CODE           	4AEA	0000	29
		_MPU6050_setSleepEnabled		CODE           	4A30	0000	25
		_MPU6050       		CODE           	49B0	0000	9
		_MPU6050_setClockSource		CODE           	4AB2	0000	29
		_MPU6050_setFullScaleAccelRange		CODE           	4ACE	0000	29
		_MPU6050_testConnection		CODE           	4A1E	0000	19
		_MPU6050_getMotion6		CODE           	59DA	0000	245

MPU6050.c estimated size: 447

C:\Program Files (x86)\Microchip\xc8\v1.45\sources\common\sprcsqrt.c
		_sqrt          		CODE           	60BA	0000	407

C:\Program Files (x86)\Microchip\xc8\v1.45\sources\common\sprcsqrt.c estimated size: 407

C:\Program Files (x86)\Microchip\xc8\v1.45\sources\common\ftsub.c
		___ftsub       		CODE           	4C82	0000	65

C:\Program Files (x86)\Microchip\xc8\v1.45\sources\common\ftsub.c estimated size: 65

C:\Program Files (x86)\Microchip\xc8\v1.45\sources\common\float.c
		___ftpack      		CODE           	53F2	0000	175

C:\Program Files (x86)\Microchip\xc8\v1.45\sources\common\float.c estimated size: 175

C:\Program Files (x86)\Microchip\xc8\v1.45\sources\common\doprnt.c
		_scale         		CODE           	6D58	0000	1033
		_printf        		CODE           	7160	0000	1521
		_fround        		CODE           	67B2	0000	595

C:\Program Files (x86)\Microchip\xc8\v1.45\sources\common\doprnt.c estimated size: 3149

C:\Program Files (x86)\Microchip\xc8\v1.45\sources\common\lltoft.c
		___lltoft      		CODE           	4DC2	0000	93

C:\Program Files (x86)\Microchip\xc8\v1.45\sources\common\lltoft.c estimated size: 93

USART_Source_File.c
		_putch         		CODE           	4B24	0000	33
		_USART_Init    		CODE           	4FD2	0000	123

USART_Source_File.c estimated size: 156

C:\Program Files (x86)\Microchip\xc8\v1.45\sources\common\log.c
		_log           		CODE           	5BC2	0000	287

C:\Program Files (x86)\Microchip\xc8\v1.45\sources\common\log.c estimated size: 287

C:\Program Files (x86)\Microchip\xc8\v1.45\sources\common\Umul16.c
		___wmul        		CODE           	4BCE	0000	39

C:\Program Files (x86)\Microchip\xc8\v1.45\sources\common\Umul16.c estimated size: 39

C:\Program Files (x86)\Microchip\xc8\v1.45\sources\common\frexp.c
		_ldexp         		CODE           	54A0	0000	199
		_frexp         		CODE           	5362	0000	145

C:\Program Files (x86)\Microchip\xc8\v1.45\sources\common\frexp.c estimated size: 344

C:\Program Files (x86)\Microchip\xc8\v1.45\sources\common\ftge.c
		___ftge        		CODE           	52D2	0000	145

C:\Program Files (x86)\Microchip\xc8\v1.45\sources\common\ftge.c estimated size: 145

C:\Program Files (x86)\Microchip\xc8\v1.45\sources\common\fabs.c
		_fabs          		CODE           	4C1A	0000	49

C:\Program Files (x86)\Microchip\xc8\v1.45\sources\common\fabs.c estimated size: 49

Inits.c
		_initBT        		CODE           	4BF4	0000	39
		_initIO        		CODE           	4B66	0000	35

Inits.c estimated size: 74

C:\Program Files (x86)\Microchip\xc8\v1.45\sources\common\pow.c
		_pow           		CODE           	5F3A	0000	385

C:\Program Files (x86)\Microchip\xc8\v1.45\sources\common\pow.c estimated size: 385

C:\Program Files (x86)\Microchip\xc8\v1.45\sources\common\floor.c
		_floor         		CODE           	5638	0000	223

C:\Program Files (x86)\Microchip\xc8\v1.45\sources\common\floor.c estimated size: 223

C:\Program Files (x86)\Microchip\xc8\v1.45\sources\common\ftdivl.c
		__tdiv_to_l_   		CODE           	5E08	0000	307

C:\Program Files (x86)\Microchip\xc8\v1.45\sources\common\ftdivl.c estimated size: 307

C:\Program Files (x86)\Microchip\xc8\v1.45\sources\common\ftmul.c
		___ftmul       		CODE           	58E6	0000	245

C:\Program Files (x86)\Microchip\xc8\v1.45\sources\common\ftmul.c estimated size: 245

C:\Program Files (x86)\Microchip\xc8\v1.45\sources\common\awmod.c
		___awmod       		CODE           	4EEA	0000	113

C:\Program Files (x86)\Microchip\xc8\v1.45\sources\common\awmod.c estimated size: 113

C:\Program Files (x86)\Microchip\xc8\v1.45\sources\common\ftdiv.c
		___ftdiv       		CODE           	5716	0000	231

C:\Program Files (x86)\Microchip\xc8\v1.45\sources\common\ftdiv.c estimated size: 231

C:\Program Files (x86)\Microchip\xc8\v1.45\sources\common\llmod.c
		___llmod       		CODE           	4E84	0000	103

C:\Program Files (x86)\Microchip\xc8\v1.45\sources\common\llmod.c estimated size: 103

C:\Program Files (x86)\Microchip\xc8\v1.45\sources\pic18\plib\i2c\i2c_open.c
		_OpenI2C       		CODE           	4B06	0000	31

C:\Program Files (x86)\Microchip\xc8\v1.45\sources\pic18\plib\i2c\i2c_open.c estimated size: 31

C:\Program Files (x86)\Microchip\xc8\v1.45\sources\common\fldivl.c
		__div_to_l_    		CODE           	5CE0	0000	297

C:\Program Files (x86)\Microchip\xc8\v1.45\sources\common\fldivl.c estimated size: 297

shared
		exp@coeff      		MEDIUMCONST    	7F6B	0000	31
		__powers_      		MEDIUMCONST    	7F1D	0000	40
		_dpowers       		MEDIUMCONST    	7EF5	0000	41
		atan@coeff_a   		MEDIUMCONST    	7FA4	0000	19
		atan@coeff_b   		MEDIUMCONST    	7FB6	0000	16
		__npowers_     		MEDIUMCONST    	7F44	0000	40
		__initialization		CODE           	4B88	0000	25
		log@coeff      		MEDIUMCONST    	7F89	0000	28

shared estimated size: 240

C:\Program Files (x86)\Microchip\xc8\v1.45\sources\pic18\plib\i2c\i2c_writ.c
		_WriteI2C      		CODE           	4CC2	0000	77

C:\Program Files (x86)\Microchip\xc8\v1.45\sources\pic18\plib\i2c\i2c_writ.c estimated size: 77

C:\Program Files (x86)\Microchip\xc8\v1.45\sources\common\fttol.c
		___fttol       		CODE           	5ACE	0000	245

C:\Program Files (x86)\Microchip\xc8\v1.45\sources\common\fttol.c estimated size: 245

C:\Program Files (x86)\Microchip\xc8\v1.45\sources\common\atan.c
		_atan          		CODE           	63FC	0000	453

C:\Program Files (x86)\Microchip\xc8\v1.45\sources\common\atan.c estimated size: 453

C:\Program Files (x86)\Microchip\xc8\v1.45\sources\common\awtoft.c
		___awtoft      		CODE           	4C4A	0000	57

C:\Program Files (x86)\Microchip\xc8\v1.45\sources\common\awtoft.c estimated size: 57

C:\Program Files (x86)\Microchip\xc8\v1.45\sources\common\awdiv.c
		___awdiv       		CODE           	51C8	0000	133

C:\Program Files (x86)\Microchip\xc8\v1.45\sources\common\awdiv.c estimated size: 133

C:\Program Files (x86)\Microchip\xc8\v1.45\sources\common\evalpoly.c
		_eval_poly     		CODE           	5566	0000	211

C:\Program Files (x86)\Microchip\xc8\v1.45\sources\common\evalpoly.c estimated size: 211

C:\Program Files (x86)\Microchip\xc8\v1.45\sources\common\ftadd.c
		___ftadd       		CODE           	6250	0000	429

C:\Program Files (x86)\Microchip\xc8\v1.45\sources\common\ftadd.c estimated size: 429

C:\Program Files (x86)\Microchip\xc8\v1.45\sources\common\lldiv.c
		___lldiv       		CODE           	5146	0000	131

C:\Program Files (x86)\Microchip\xc8\v1.45\sources\common\lldiv.c estimated size: 131

C:\Program Files (x86)\Microchip\xc8\v1.45\sources\pic18\plib\i2c\i2c_read.c
		_ReadI2C       		CODE           	4A96	0000	29

C:\Program Files (x86)\Microchip\xc8\v1.45\sources\pic18\plib\i2c\i2c_read.c estimated size: 29

main.c
		_set_last_read_angle_data		CODE           	4D68	0000	91
		_calibrate_sensors		CODE           	6A04	0000	853
		_get_last_gyro_x_angle		CODE           	49B8	0000	15
		_get_last_gyro_y_angle		CODE           	49C6	0000	15
		_get_last_gyro_z_angle		CODE           	49D4	0000	15
		_read_gyro_accel_vals		CODE           	4E1E	0000	103
		_main          		CODE           	7750	0000	1957
		_get_last_x_angle		CODE           	49E2	0000	15
		_get_last_y_angle		CODE           	49F0	0000	15
		_get_last_z_angle		CODE           	49FE	0000	15

main.c estimated size: 3094

C:\Program Files (x86)\Microchip\xc8\v1.45\sources\common\exp.c
		_exp           		CODE           	65C0	0000	499

C:\Program Files (x86)\Microchip\xc8\v1.45\sources\common\exp.c estimated size: 499

I2Cdev.c
		_I2Cdev_writeBytes		CODE           	4D0E	0000	91
		_I2Cdev_readByte		CODE           	4A48	0000	27
		_I2Cdev_writeBit		CODE           	50C8	0000	127
		_I2Cdev_readBits		CODE           	504C	0000	125
		_I2Cdev_writeByte		CODE           	4A62	0000	27
		_I2Cdev_readBytes		CODE           	57FC	0000	235
		_I2Cdev_writeBits		CODE           	524C	0000	135

I2Cdev.c estimated size: 767

C:\Program Files (x86)\Microchip\xc8\v1.45\sources\common\altoft.c
		___altoft      		CODE           	4F5A	0000	121

C:\Program Files (x86)\Microchip\xc8\v1.45\sources\common\altoft.c estimated size: 121

C:\Program Files (x86)\Microchip\xc8\v1.45\sources\pic18\plib\i2c\i2c_idle.c
		_IdleI2C       		CODE           	4A0C	0000	19

C:\Program Files (x86)\Microchip\xc8\v1.45\sources\pic18\plib\i2c\i2c_idle.c estimated size: 19

