Microchip MPLAB XC8 Compiler V1.45 ()

Linker command line:

-W-3 --edf=/home/fbuga/opt/microchip/xc8/v1.45/dat/en_msgs.txt -cs \
  -h+dist/default/production/Servo-Stabilizer.production.sym \
  --cmf=dist/default/production/Servo-Stabilizer.production.cmf -z \
  -Q18F4550 -o/tmp/xcXhWNxg4 \
  -Mdist/default/production/Servo-Stabilizer.production.map -E1 -ver=XC8 \
  -ASTACK=093h-07ffh -pstack=STACK -ACODE=00h-07FFFh -ACONST=00h-07FFFh \
  -ASMALLCONST=0800h-08FFhx120 -AMEDIUMCONST=0800h-07FFFh -ACOMRAM=01h-05Fh \
  -AABS1=00h-07FFh -ABIGRAM=01h-07FFh -ARAM=060h-0FFh,0100h-01FFhx7 \
  -ABANK0=060h-0FFh -ABANK1=0100h-01FFh -ABANK2=0200h-02FFh \
  -ABANK3=0300h-03FFh -ABANK4=0400h-04FFh -ABANK5=0500h-05FFh \
  -ABANK6=0600h-06FFh -ABANK7=0700h-07FFh -ASFR=0F60h-0FFFh \
  -preset_vec=00h,intcode,intcodelo,powerup,init -pramtop=0800h \
  -psmallconst=SMALLCONST -pmediumconst=MEDIUMCONST -pconst=CONST \
  -AFARRAM=00h-00h -ACONFIG=0300000h-030000Dh -pconfig=CONFIG \
  -AIDLOC=0200000h-0200007h -pidloc=IDLOC -AEEDATA=0F00000h-0F000FFh \
  -peeprom_data=EEDATA \
  -prdata=COMRAM,nvrram=COMRAM,nvbit=COMRAM,rbss=COMRAM,rbit=COMRAM \
  -pfarbss=FARRAM,fardata=FARRAM,nvFARRAM=FARRAM \
  -pintsave_regs=BIGRAM,bigbss=BIGRAM,bigdata=BIGRAM -pbss=RAM \
  -pidata=CODE,irdata=CODE,ibigdata=CODE,ifardata=CODE -prparam=COMRAM \
  /tmp/xcXYtPPyj.obj \
  dist/default/production/Servo-Stabilizer.production.obj 

Object code version is 3.11

Machine type is 18F4550

Call graph: (short form)




                Name                               Link     Load   Length Selector   Space Scale
/tmp/xcXYtPPyj.obj
                init                                  0        0        4        0       0
                idloc                            200000   200000        8   200000       0
                config                           300000   300000        E   300000       0
dist/default/production/Servo-Stabilizer.production.obj
                smallconst                          800      800       AA      400       0
                text45                             2906     2906        8      455       0
                text44                             27FE     27FE       1C      455       0
                text43                             28F4     28F4       12      455       0
                text42                             264E     264E       4C      455       0
                text41                             2712     2712       26      455       0
                text40                             1E3C     1E3C       EA      455       0
                text39                             1D4C     1D4C       F0      455       0
                text38                             289C     289C       1A      455       0
                text37                             25F4     25F4       5A      455       0
                text36                             2882     2882       1A      455       0
                text35                             214A     214A       86      455       0
                text34                             2868     2868       1A      455       0
                text33                             284E     284E       1A      455       0
                text32                             2834     2834       1A      455       0
                text31                             22D6     22D6       7E      455       0
                text30                             28CC     28CC       16      455       0
                text29                             281A     281A       1A      455       0
                text28                             2354     2354       7C      455       0
                text27                             27E0     27E0       1E      455       0
                text26                             28E2     28E2       12      455       0
                text25                             27C2     27C2       1E      455       0
                text24                             200C     200C       AE      455       0
                text23                             26DA     26DA       38      455       0
                text22                             244A     244A       78      455       0
                text21                             175E     175E      1AC      455       0
                text20                             1F26     1F26       E6      455       0
                text19                             1C58     1C58       F4      455       0
                text18                             23D0     23D0       7A      455       0
                text17                             275C     275C       24      455       0
                text16                             2780     2780       22      455       0
                text15                             20BA     20BA       90      455       0
                text14                             2738     2738       24      455       0
                text13                             269A     269A       40      455       0
                text12                             2254     2254       82      455       0
                text11                             2532     2532       66      455       0
                text10                             2598     2598       5C      455       0
                text9                              1A3C     1A3C      128      455       0
                text8                              190A     190A      132      455       0
                text7                              21D0     21D0       84      455       0
                text6                              24C2     24C2       70      455       0
                text5                              1B64     1B64       F4      455       0
                text4                              150C     150C      252      455       0
                text3                              27A2     27A2       20      455       0
                text2                               E9A      E9A      408      455       0
                text1                               8AA      8AA      5F0      455       0
                text0                              12A2     12A2      26A      455       0
                cstackCOMRAM                          1        1       4B        1       1
                cstackBANK0                          60       60       33       60       1
                bssCOMRAM                            4C       4C        F        1       1
                cinit                              28B6     28B6       16      455       0

TOTAL           Name                               Link     Load   Length     Space
        CLASS   STACK          

        CLASS   CODE           
                init                                  0        0        4         0
                text45                             2906     2906        8         0
                text44                             27FE     27FE       1C         0
                text43                             28F4     28F4       12         0
                text42                             264E     264E       4C         0
                text41                             2712     2712       26         0
                text40                             1E3C     1E3C       EA         0
                text39                             1D4C     1D4C       F0         0
                text38                             289C     289C       1A         0
                text37                             25F4     25F4       5A         0
                text36                             2882     2882       1A         0
                text35                             214A     214A       86         0
                text34                             2868     2868       1A         0
                text33                             284E     284E       1A         0
                text32                             2834     2834       1A         0
                text31                             22D6     22D6       7E         0
                text30                             28CC     28CC       16         0
                text29                             281A     281A       1A         0
                text28                             2354     2354       7C         0
                text27                             27E0     27E0       1E         0
                text26                             28E2     28E2       12         0
                text25                             27C2     27C2       1E         0
                text24                             200C     200C       AE         0
                text23                             26DA     26DA       38         0
                text22                             244A     244A       78         0
                text21                             175E     175E      1AC         0
                text20                             1F26     1F26       E6         0
                text19                             1C58     1C58       F4         0
                text18                             23D0     23D0       7A         0
                text17                             275C     275C       24         0
                text16                             2780     2780       22         0
                text15                             20BA     20BA       90         0
                text14                             2738     2738       24         0
                text13                             269A     269A       40         0
                text12                             2254     2254       82         0
                text11                             2532     2532       66         0
                text10                             2598     2598       5C         0
                text9                              1A3C     1A3C      128         0
                text8                              190A     190A      132         0
                text7                              21D0     21D0       84         0
                text6                              24C2     24C2       70         0
                text5                              1B64     1B64       F4         0
                text4                              150C     150C      252         0
                text3                              27A2     27A2       20         0
                text2                               E9A      E9A      408         0
                text1                               8AA      8AA      5F0         0
                text0                              12A2     12A2      26A         0
                cinit                              28B6     28B6       16         0

        CLASS   CONST          

        CLASS   SMALLCONST     
                smallconst                          800      800       AA         0

        CLASS   MEDIUMCONST    

        CLASS   COMRAM         
                cstackCOMRAM                          1        1       4B         1
                bssCOMRAM                            4C       4C        F         1

        CLASS   ABS1           

        CLASS   BIGRAM         

        CLASS   RAM            

        CLASS   BANK0          
                cstackBANK0                          60       60       33         1

        CLASS   BANK1          

        CLASS   BANK2          

        CLASS   BANK3          

        CLASS   BANK4          

        CLASS   BANK5          

        CLASS   BANK6          

        CLASS   BANK7          

        CLASS   SFR            

        CLASS   FARRAM         

        CLASS   CONFIG         
                config                           300000   300000        E         0

        CLASS   IDLOC          
                idloc                            200000   200000        8         0

        CLASS   EEDATA         



SEGMENTS        Name                           Load    Length   Top    Selector   Space  Class

                reset_vec                      000000  000004  000004         0       0  CODE    
                cstackCOMRAM                   000001  00005A  00005B         1       1  COMRAM  
                cstackBANK0                    000060  000033  000093        60       1  BANK0   
                smallconst                     000800  0000AA  0008AA       400       0  SMALLCON
                text1                          0008AA  002064  00290E       455       0  CODE    
                idloc                          200000  000008  200008    200000       0  IDLOC   
                config                         300000  00000E  30000E    300000       0  CONFIG  


UNUSED ADDRESS RANGES

        Name                Unused          Largest block    Delta
        BANK0            000093-0000FF               6D
        BANK1            000100-0001FF              100
        BANK2            000200-0002FF              100
        BANK3            000300-0003FF              100
        BANK4            000400-0004FF              100
        BANK5            000500-0005FF              100
        BANK6            000600-0006FF              100
        BANK7            000700-0007FF              100
        BIGRAM           00005B-00005F                5
                         000093-0007FF              76D
        CODE             000004-0007FF              7FC
                         00290E-007FFF             56F2
        COMRAM           00005B-00005F                5
        CONST            000004-0007FF              7FC
                         00290E-007FFF             56F2
        EEDATA           F00000-F000FF              100
        MEDIUMCONST      00290E-007FFF             56F2
        RAM              000093-0007FF              100
        SFR              000F60-000FFF               A0
        SMALLCONST       00290E-007FFF              100
        STACK            000093-0007FF              76D

                                  Symbol Table

?___altoft                               cstackCOMRAM 000009
?___awdiv                                cstackCOMRAM 000007
?___awmod                                cstackCOMRAM 000001
?___awtoft                               cstackCOMRAM 000009
?___ftadd                                cstackCOMRAM 00002E
?___ftdiv                                cstackCOMRAM 000013
?___ftmul                                cstackCOMRAM 000015
?___ftneg                                cstackCOMRAM 000001
?___ftpack                               cstackCOMRAM 000001
?___ftsub                                cstackCOMRAM 00003A
?___fttol                                cstackCOMRAM 00002B
?___lldiv                                cstackCOMRAM 000001
?___llmod                                cstackCOMRAM 000001
?___lltoft                               cstackCOMRAM 000009
?___wmul                                 cstackCOMRAM 00000F
?__div_to_l_                             cstackCOMRAM 000001
?__tdiv_to_l_                            cstackCOMRAM 000001
?_fround                                 cstackCOMRAM 000024
?_printf                                 cstackCOMRAM 000040
?_scale                                  cstackCOMRAM 000024
I2Cdev_readBits@b                        cstackCOMRAM 000030
I2Cdev_readBits@bitStart                 cstackCOMRAM 000026
I2Cdev_readBits@count                    cstackCOMRAM 00002D
I2Cdev_readBits@data                     cstackCOMRAM 000028
I2Cdev_readBits@devAddr                  cstackCOMRAM 00002E
I2Cdev_readBits@length                   cstackCOMRAM 000027
I2Cdev_readBits@mask                     cstackCOMRAM 00002F
I2Cdev_readBits@regAddr                  cstackCOMRAM 000025
I2Cdev_readByte@data                     cstackCOMRAM 000022
I2Cdev_readByte@devAddr                  cstackCOMRAM 000024
I2Cdev_readByte@regAddr                  cstackCOMRAM 000021
I2Cdev_readBytes@count                   cstackCOMRAM 000020
I2Cdev_readBytes@data                    cstackCOMRAM 000017
I2Cdev_readBytes@devAddr                 cstackCOMRAM 00001F
I2Cdev_readBytes@length                  cstackCOMRAM 000016
I2Cdev_readBytes@regAddr                 cstackCOMRAM 000015
I2Cdev_writeBit@b                        cstackCOMRAM 000030
I2Cdev_writeBit@bitNum                   cstackCOMRAM 000026
I2Cdev_writeBit@data                     cstackCOMRAM 000027
I2Cdev_writeBit@devAddr                  cstackCOMRAM 00002F
I2Cdev_writeBit@regAddr                  cstackCOMRAM 000025
I2Cdev_writeBits@b                       cstackCOMRAM 00002E
I2Cdev_writeBits@bitStart                cstackCOMRAM 000026
I2Cdev_writeBits@data                    cstackCOMRAM 000028
I2Cdev_writeBits@devAddr                 cstackCOMRAM 00002C
I2Cdev_writeBits@length                  cstackCOMRAM 000027
I2Cdev_writeBits@mask                    cstackCOMRAM 00002D
I2Cdev_writeBits@regAddr                 cstackCOMRAM 000025
I2Cdev_writeByte@data                    cstackCOMRAM 00000A
I2Cdev_writeByte@devAddr                 cstackCOMRAM 00000B
I2Cdev_writeByte@regAddr                 cstackCOMRAM 000009
I2Cdev_writeBytes@data                   cstackCOMRAM 000005
I2Cdev_writeBytes@devAddr                cstackCOMRAM 000007
I2Cdev_writeBytes@i                      cstackCOMRAM 000008
I2Cdev_writeBytes@length                 cstackCOMRAM 000004
I2Cdev_writeBytes@regAddr                cstackCOMRAM 000003
MPU6050@address                          cstackCOMRAM 000001
MPU6050_getMotion6@ax                    cstackCOMRAM 000021
MPU6050_getMotion6@ay                    cstackCOMRAM 000023
MPU6050_getMotion6@az                    cstackCOMRAM 000025
MPU6050_getMotion6@gx                    cstackCOMRAM 000027
MPU6050_getMotion6@gy                    cstackCOMRAM 000029
MPU6050_getMotion6@gz                    cstackCOMRAM 00002B
MPU6050_setClockSource@source            cstackCOMRAM 00002F
MPU6050_setFullScaleAccelRange@range     cstackCOMRAM 00002F
MPU6050_setFullScaleGyroRange@range      cstackCOMRAM 00002F
MPU6050_setSleepEnabled@enabled          cstackCOMRAM 000031
OpenI2C@slew                             cstackCOMRAM 000001
OpenI2C@sync_mode                        cstackCOMRAM 000002
USART_Init@baud_rate                     cstackCOMRAM 00003A
USART_Init@temp                          cstackCOMRAM 00003E
WriteI2C@data_out                        cstackCOMRAM 000002
_CCP1CON                                 (abs)        000FBD
_I2Cdev_readBits                         text28       002354
_I2Cdev_readByte                         text38       00289C
_I2Cdev_readBytes                        text40       001E3C
_I2Cdev_writeBit                         text31       0022D6
_I2Cdev_writeBit$422                     cstackCOMRAM 00002D
_I2Cdev_writeBits                        text35       00214A
_I2Cdev_writeByte                        text36       002882
_I2Cdev_writeBytes                       text37       0025F4
_IdleI2C                                 text43       0028F4
_LATA                                    (abs)        000F89
_LATB                                    (abs)        000F8A
_LATC                                    (abs)        000F8B
_LATCbits                                (abs)        000F8B
_LATD                                    (abs)        000F8C
_LATE                                    (abs)        000F8D
_MPU6050                                 text45       002906
_MPU6050_getDeviceID                     text27       0027E0
_MPU6050_getMotion6                      text39       001D4C
_MPU6050_initialize                      text29       00281A
_MPU6050_setClockSource                  text34       002868
_MPU6050_setFullScaleAccelRange          text33       00284E
_MPU6050_setFullScaleGyroRange           text32       002834
_MPU6050_setSleepEnabled                 text30       0028CC
_MPU6050_testConnection                  text26       0028E2
_OSCCON                                  (abs)        000FD3
_OpenI2C                                 text25       0027C2
_PIR1bits                                (abs)        000F9E
_RCIF                                    (abs)        007CF5
_RCREG                                   (abs)        000FAE
_RCSTA                                   (abs)        000FAB
_RCSTAbits                               (abs)        000FAB
_ReadI2C                                 text44       0027FE
_SPBRG                                   (abs)        000FAF
_SSPADD                                  (abs)        000FC8
_SSPBUF                                  (abs)        000FC9
_SSPCON1                                 (abs)        000FC6
_SSPCON1bits                             (abs)        000FC6
_SSPCON2                                 (abs)        000FC5
_SSPCON2bits                             (abs)        000FC5
_SSPSTAT                                 (abs)        000FC7
_SSPSTATbits                             (abs)        000FC7
_TRISA                                   (abs)        000F92
_TRISB                                   (abs)        000F93
_TRISBbits                               (abs)        000F93
_TRISC1                                  (abs)        007CA1
_TRISC2                                  (abs)        007CA2
_TRISC6                                  (abs)        007CA6
_TRISC7                                  (abs)        007CA7
_TXIF                                    (abs)        007CF4
_TXREG1                                  (abs)        000FAD
_TXSTA                                   (abs)        000FAC
_TXSTA1bits                              (abs)        000FAC
_USART_Init                              text18       0023D0
_WriteI2C                                text42       00264E
__CFG_BOR$OFF                            (abs)        000000
__CFG_CCP2MX$OFF                         (abs)        000000
__CFG_FCMEN$OFF                          (abs)        000000
__CFG_FOSC$INTOSC_EC                     (abs)        000000
__CFG_IESO$OFF                           (abs)        000000
__CFG_LPT1OSC$ON                         (abs)        000000
__CFG_LVP$OFF                            (abs)        000000
__CFG_MCLRE$ON                           (abs)        000000
__CFG_PBADEN$OFF                         (abs)        000000
__CFG_PLLDIV$2                           (abs)        000000
__CFG_PWRT$ON                            (abs)        000000
__CFG_STVREN$ON                          (abs)        000000
__CFG_WDT$OFF                            (abs)        000000
__CFG_XINST$OFF                          (abs)        000000
__HRAM                                   (abs)        000000
__Habs1                                  abs1         000000
__Hbank0                                 bank0        000000
__Hbank1                                 bank1        000000
__Hbank2                                 bank2        000000
__Hbank3                                 bank3        000000
__Hbank4                                 bank4        000000
__Hbank5                                 bank5        000000
__Hbank6                                 bank6        000000
__Hbank7                                 bank7        000000
__Hbigbss                                bigbss       000000
__Hbigdata                               bigdata      000000
__Hbigram                                bigram       000000
__Hbss                                   bss          000000
__HbssCOMRAM                             bssCOMRAM    000000
__Hcinit                                 cinit        000000
__Hclrtext                               clrtext      000000
__Hcomram                                comram       000000
__Hconfig                                config       30000E
__Hconst                                 const        000000
__HcstackBANK0                           cstackBANK0  000000
__HcstackCOMRAM                          cstackCOMRAM 000000
__Hdata                                  data         000000
__Heeprom_data                           eeprom_data  000000
__Hfarbss                                farbss       000000
__Hfardata                               fardata      000000
__Hibigdata                              ibigdata     000000
__Hidata                                 idata        000000
__Hidloc                                 idloc        200008
__Hifardata                              ifardata     000000
__Hinit                                  init         000004
__Hintcode                               intcode      000000
__Hintcode_body                          intcode_body 000000
__Hintcodelo                             intcodelo    000000
__Hintentry                              intentry     000000
__Hintret                                intret       000000
__Hintsave_regs                          intsave_regs 000000
__Hirdata                                irdata       000000
__Hmediumconst                           mediumconst  000000
__HnvFARRAM                              nvFARRAM     000000
__Hnvbit                                 nvbit        000000
__Hnvrram                                nvrram       000000
__Hparam                                 rparam       000000
__Hpowerup                               powerup      000000
__Hram                                   ram          000000
__Hramtop                                ramtop       000800
__Hrbit                                  rbit         000000
__Hrbss                                  rbss         000000
__Hrdata                                 rdata        000000
__Hreset_vec                             reset_vec    000000
__Hrparam                                rparam       000000
__Hsfr                                   sfr          000000
__Hsmallconst                            smallconst   0008AA
__Hspace_0                               (abs)        30000E
__Hspace_1                               (abs)        000093
__Hspace_2                               (abs)        000000
__Hstack                                 stack        000000
__Hstruct                                struct       000000
__Htemp                                  temp         000000
__Htext                                  text         000000
__Htext0                                 text0        000000
__Htext1                                 text1        000000
__Htext10                                text10       000000
__Htext11                                text11       000000
__Htext12                                text12       000000
__Htext13                                text13       000000
__Htext14                                text14       000000
__Htext15                                text15       000000
__Htext16                                text16       000000
__Htext17                                text17       000000
__Htext18                                text18       000000
__Htext19                                text19       000000
__Htext2                                 text2        000000
__Htext20                                text20       000000
__Htext21                                text21       000000
__Htext22                                text22       000000
__Htext23                                text23       000000
__Htext24                                text24       000000
__Htext25                                text25       000000
__Htext26                                text26       000000
__Htext27                                text27       000000
__Htext28                                text28       000000
__Htext29                                text29       000000
__Htext3                                 text3        000000
__Htext30                                text30       000000
__Htext31                                text31       000000
__Htext32                                text32       000000
__Htext33                                text33       000000
__Htext34                                text34       000000
__Htext35                                text35       000000
__Htext36                                text36       000000
__Htext37                                text37       000000
__Htext38                                text38       000000
__Htext39                                text39       000000
__Htext4                                 text4        000000
__Htext40                                text40       000000
__Htext41                                text41       000000
__Htext42                                text42       000000
__Htext43                                text43       000000
__Htext44                                text44       000000
__Htext45                                text45       000000
__Htext5                                 text5        000000
__Htext6                                 text6        000000
__Htext7                                 text7        000000
__Htext8                                 text8        000000
__Htext9                                 text9        000000
__LRAM                                   (abs)        000001
__Labs1                                  abs1         000000
__Lbank0                                 bank0        000000
__Lbank1                                 bank1        000000
__Lbank2                                 bank2        000000
__Lbank3                                 bank3        000000
__Lbank4                                 bank4        000000
__Lbank5                                 bank5        000000
__Lbank6                                 bank6        000000
__Lbank7                                 bank7        000000
__Lbigbss                                bigbss       000000
__Lbigdata                               bigdata      000000
__Lbigram                                bigram       000000
__Lbss                                   bss          000000
__LbssCOMRAM                             bssCOMRAM    000000
__Lcinit                                 cinit        000000
__Lclrtext                               clrtext      000000
__Lcomram                                comram       000000
__Lconfig                                config       300000
__Lconst                                 const        000000
__LcstackBANK0                           cstackBANK0  000000
__LcstackCOMRAM                          cstackCOMRAM 000000
__Ldata                                  data         000000
__Leeprom_data                           eeprom_data  000000
__Lfarbss                                farbss       000000
__Lfardata                               fardata      000000
__Libigdata                              ibigdata     000000
__Lidata                                 idata        000000
__Lidloc                                 idloc        200000
__Lifardata                              ifardata     000000
__Linit                                  init         000000
__Lintcode                               intcode      000000
__Lintcode_body                          intcode_body 000000
__Lintcodelo                             intcodelo    000000
__Lintentry                              intentry     000000
__Lintret                                intret       000000
__Lintsave_regs                          intsave_regs 000000
__Lirdata                                irdata       000000
__Lmediumconst                           mediumconst  000000
__LnvFARRAM                              nvFARRAM     000000
__Lnvbit                                 nvbit        000000
__Lnvrram                                nvrram       000000
__Lparam                                 rparam       000000
__Lpowerup                               powerup      000000
__Lram                                   ram          000000
__Lramtop                                ramtop       000800
__Lrbit                                  rbit         000000
__Lrbss                                  rbss         000000
__Lrdata                                 rdata        000000
__Lreset_vec                             reset_vec    000000
__Lrparam                                rparam       000000
__Lsfr                                   sfr          000000
__Lsmallconst                            smallconst   000800
__Lspace_0                               (abs)        000000
__Lspace_1                               (abs)        000000
__Lspace_2                               (abs)        000000
__Lstack                                 stack        000000
__Lstruct                                struct       000000
__Ltemp                                  temp         000000
__Ltext                                  text         000000
__Ltext0                                 text0        000000
__Ltext1                                 text1        000000
__Ltext10                                text10       000000
__Ltext11                                text11       000000
__Ltext12                                text12       000000
__Ltext13                                text13       000000
__Ltext14                                text14       000000
__Ltext15                                text15       000000
__Ltext16                                text16       000000
__Ltext17                                text17       000000
__Ltext18                                text18       000000
__Ltext19                                text19       000000
__Ltext2                                 text2        000000
__Ltext20                                text20       000000
__Ltext21                                text21       000000
__Ltext22                                text22       000000
__Ltext23                                text23       000000
__Ltext24                                text24       000000
__Ltext25                                text25       000000
__Ltext26                                text26       000000
__Ltext27                                text27       000000
__Ltext28                                text28       000000
__Ltext29                                text29       000000
__Ltext3                                 text3        000000
__Ltext30                                text30       000000
__Ltext31                                text31       000000
__Ltext32                                text32       000000
__Ltext33                                text33       000000
__Ltext34                                text34       000000
__Ltext35                                text35       000000
__Ltext36                                text36       000000
__Ltext37                                text37       000000
__Ltext38                                text38       000000
__Ltext39                                text39       000000
__Ltext4                                 text4        000000
__Ltext40                                text40       000000
__Ltext41                                text41       000000
__Ltext42                                text42       000000
__Ltext43                                text43       000000
__Ltext44                                text44       000000
__Ltext45                                text45       000000
__Ltext5                                 text5        000000
__Ltext6                                 text6        000000
__Ltext7                                 text7        000000
__Ltext8                                 text8        000000
__Ltext9                                 text9        000000
__S0                                     (abs)        30000E
__S1                                     (abs)        000093
__S2                                     (abs)        000000
___altoft                                text22       00244A
___altoft@c                              cstackCOMRAM 000009
___altoft@exp                            cstackCOMRAM 000011
___altoft@sign                           cstackCOMRAM 000012
___awdiv                                 text7        0021D0
___awdiv@counter                         cstackCOMRAM 00000B
___awdiv@dividend                        cstackCOMRAM 000007
___awdiv@divisor                         cstackCOMRAM 000009
___awdiv@quotient                        cstackCOMRAM 00000D
___awdiv@sign                            cstackCOMRAM 00000C
___awmod                                 text6        0024C2
___awmod@counter                         cstackCOMRAM 000005
___awmod@dividend                        cstackCOMRAM 000001
___awmod@divisor                         cstackCOMRAM 000003
___awmod@sign                            cstackCOMRAM 000006
___awtoft                                text23       0026DA
___awtoft@c                              cstackCOMRAM 000009
___awtoft@sign                           cstackCOMRAM 00000C
___ftadd                                 text21       00175E
___ftadd@exp1                            cstackCOMRAM 000039
___ftadd@exp2                            cstackCOMRAM 000038
___ftadd@f1                              cstackCOMRAM 00002E
___ftadd@f2                              cstackCOMRAM 000031
___ftadd@sign                            cstackCOMRAM 000037
___ftdiv                                 text20       001F26
___ftdiv@cntr                            cstackCOMRAM 00001C
___ftdiv@exp                             cstackCOMRAM 000020
___ftdiv@f1                              cstackCOMRAM 000013
___ftdiv@f2                              cstackCOMRAM 000016
___ftdiv@f3                              cstackCOMRAM 00001D
___ftdiv@sign                            cstackCOMRAM 000021
___ftge                                  text15       0020BA
___ftge@ff1                              cstackCOMRAM 000001
___ftge@ff2                              cstackCOMRAM 000004
___ftmul                                 text5        001B64
___ftmul@cntr                            cstackCOMRAM 000022
___ftmul@exp                             cstackCOMRAM 00001E
___ftmul@f1                              cstackCOMRAM 000015
___ftmul@f2                              cstackCOMRAM 000018
___ftmul@f3_as_product                   cstackCOMRAM 00001F
___ftmul@sign                            cstackCOMRAM 000023
___ftneg                                 text14       002738
___ftneg@f1                              cstackCOMRAM 000001
___ftpack                                text24       00200C
___ftpack@arg                            cstackCOMRAM 000001
___ftpack@exp                            cstackCOMRAM 000004
___ftpack@sign                           cstackCOMRAM 000005
___ftsub                                 text13       00269A
___ftsub@f1                              cstackCOMRAM 00003A
___ftsub@f2                              cstackCOMRAM 00003D
___fttol                                 text19       001C58
___fttol@exp1                            cstackCOMRAM 000039
___fttol@f1                              cstackCOMRAM 00002B
___fttol@lval                            cstackCOMRAM 000035
___fttol@sign1                           cstackCOMRAM 000034
___inthi_sp                              stack        000000
___intlo_sp                              stack        000000
___lldiv                                 text12       002254
___lldiv@counter                         cstackCOMRAM 00000D
___lldiv@dividend                        cstackCOMRAM 000001
___lldiv@divisor                         cstackCOMRAM 000005
___lldiv@quotient                        cstackCOMRAM 000009
___llmod                                 text11       002532
___llmod@counter                         cstackCOMRAM 000009
___llmod@dividend                        cstackCOMRAM 000001
___llmod@divisor                         cstackCOMRAM 000005
___lltoft                                text10       002598
___lltoft@c                              cstackCOMRAM 000009
___lltoft@exp                            cstackCOMRAM 000011
___param_bank                            (abs)        000000
___rparam_used                           (abs)        000001
___sp                                    stack        000000
___wmul                                  text41       002712
___wmul@multiplicand                     cstackCOMRAM 000011
___wmul@multiplier                       cstackCOMRAM 00000F
___wmul@product                          cstackCOMRAM 000013
__accesstop                              (abs)        000060
__activetblptr                           (abs)        000002
__div_to_l_                              text9        001A3C
__div_to_l_@cntr                         cstackCOMRAM 00000B
__div_to_l_@exp1                         cstackCOMRAM 00000C
__div_to_l_@f1                           cstackCOMRAM 000001
__div_to_l_@f2                           cstackCOMRAM 000004
__div_to_l_@quot                         cstackCOMRAM 000007
__end_of_I2Cdev_readBits                 text28       0023D0
__end_of_I2Cdev_readByte                 text38       0028B6
__end_of_I2Cdev_readBytes                text40       001F26
__end_of_I2Cdev_writeBit                 text31       002354
__end_of_I2Cdev_writeBits                text35       0021D0
__end_of_I2Cdev_writeByte                text36       00289C
__end_of_I2Cdev_writeBytes               text37       00264E
__end_of_IdleI2C                         text43       002906
__end_of_MPU6050                         text45       00290E
__end_of_MPU6050_getDeviceID             text27       0027FE
__end_of_MPU6050_getMotion6              text39       001E3C
__end_of_MPU6050_initialize              text29       002834
__end_of_MPU6050_setClockSource          text34       002882
__end_of_MPU6050_setFullScaleAccelRange  text33       002868
__end_of_MPU6050_setFullScaleGyroRange   text32       00284E
__end_of_MPU6050_setSleepEnabled         text30       0028E2
__end_of_MPU6050_testConnection          text26       0028F4
__end_of_OpenI2C                         text25       0027E0
__end_of_ReadI2C                         text44       00281A
__end_of_USART_Init                      text18       00244A
__end_of_WriteI2C                        text42       00269A
__end_of___altoft                        text22       0024C2
__end_of___awdiv                         text7        002254
__end_of___awmod                         text6        002532
__end_of___awtoft                        text23       002712
__end_of___ftadd                         text21       00190A
__end_of___ftdiv                         text20       00200C
__end_of___ftge                          text15       00214A
__end_of___ftmul                         text5        001C58
__end_of___ftneg                         text14       00275C
__end_of___ftpack                        text24       0020BA
__end_of___ftsub                         text13       0026DA
__end_of___fttol                         text19       001D4C
__end_of___lldiv                         text12       0022D6
__end_of___llmod                         text11       002598
__end_of___lltoft                        text10       0025F4
__end_of___wmul                          text41       002738
__end_of__div_to_l_                      text9        001B64
__end_of__initialization                 cinit        0028C2
__end_of__npowers_                       smallconst   000877
__end_of__powers_                        smallconst   000850
__end_of__tdiv_to_l_                     text8        001A3C
__end_of_dpowers                         smallconst   000829
__end_of_fround                          text4        00175E
__end_of_initBT                          text17       002780
__end_of_initIO                          text16       0027A2
__end_of_main                            text0        00150C
__end_of_printf                          text1        000E9A
__end_of_putch                           text3        0027C2
__end_of_scale                           text2        0012A2
__initialization                         cinit        0028B6
__mediumconst                            mediumconst  000000
__npowers_                               smallconst   000850
__pbssCOMRAM                             bssCOMRAM    00004C
__pcinit                                 cinit        0028B6
__pcstackBANK0                           cstackBANK0  000060
__pcstackCOMRAM                          cstackCOMRAM 000001
__powers_                                smallconst   000829
__psmallconst                            smallconst   000800
__ptext0                                 text0        0012A2
__ptext1                                 text1        0008AA
__ptext10                                text10       002598
__ptext11                                text11       002532
__ptext12                                text12       002254
__ptext13                                text13       00269A
__ptext14                                text14       002738
__ptext15                                text15       0020BA
__ptext16                                text16       002780
__ptext17                                text17       00275C
__ptext18                                text18       0023D0
__ptext19                                text19       001C58
__ptext2                                 text2        000E9A
__ptext20                                text20       001F26
__ptext21                                text21       00175E
__ptext22                                text22       00244A
__ptext23                                text23       0026DA
__ptext24                                text24       00200C
__ptext25                                text25       0027C2
__ptext26                                text26       0028E2
__ptext27                                text27       0027E0
__ptext28                                text28       002354
__ptext29                                text29       00281A
__ptext3                                 text3        0027A2
__ptext30                                text30       0028CC
__ptext31                                text31       0022D6
__ptext32                                text32       002834
__ptext33                                text33       00284E
__ptext34                                text34       002868
__ptext35                                text35       00214A
__ptext36                                text36       002882
__ptext37                                text37       0025F4
__ptext38                                text38       00289C
__ptext39                                text39       001D4C
__ptext4                                 text4        00150C
__ptext40                                text40       001E3C
__ptext41                                text41       002712
__ptext42                                text42       00264E
__ptext43                                text43       0028F4
__ptext44                                text44       0027FE
__ptext45                                text45       002906
__ptext5                                 text5        001B64
__ptext6                                 text6        0024C2
__ptext7                                 text7        0021D0
__ptext8                                 text8        00190A
__ptext9                                 text9        001A3C
__ramtop                                 ramtop       000800
__size_of_I2Cdev_readBits                (abs)        000000
__size_of_I2Cdev_readByte                (abs)        000000
__size_of_I2Cdev_readBytes               (abs)        000000
__size_of_I2Cdev_writeBit                (abs)        000000
__size_of_I2Cdev_writeBits               (abs)        000000
__size_of_I2Cdev_writeByte               (abs)        000000
__size_of_I2Cdev_writeBytes              (abs)        000000
__size_of_IdleI2C                        (abs)        000000
__size_of_MPU6050                        (abs)        000000
__size_of_MPU6050_getDeviceID            (abs)        000000
__size_of_MPU6050_getMotion6             (abs)        000000
__size_of_MPU6050_initialize             (abs)        000000
__size_of_MPU6050_setClockSource         (abs)        000000
__size_of_MPU6050_setFullScaleAccelRange (abs)        000000
__size_of_MPU6050_setFullScaleGyroRange  (abs)        000000
__size_of_MPU6050_setSleepEnabled        (abs)        000000
__size_of_MPU6050_testConnection         (abs)        000000
__size_of_OpenI2C                        (abs)        000000
__size_of_ReadI2C                        (abs)        000000
__size_of_USART_Init                     (abs)        000000
__size_of_WriteI2C                       (abs)        000000
__size_of___altoft                       (abs)        000000
__size_of___awdiv                        (abs)        000000
__size_of___awmod                        (abs)        000000
__size_of___awtoft                       (abs)        000000
__size_of___ftadd                        (abs)        000000
__size_of___ftdiv                        (abs)        000000
__size_of___ftge                         (abs)        000000
__size_of___ftmul                        (abs)        000000
__size_of___ftneg                        (abs)        000000
__size_of___ftpack                       (abs)        000000
__size_of___ftsub                        (abs)        000000
__size_of___fttol                        (abs)        000000
__size_of___lldiv                        (abs)        000000
__size_of___llmod                        (abs)        000000
__size_of___lltoft                       (abs)        000000
__size_of___wmul                         (abs)        000000
__size_of__div_to_l_                     (abs)        000000
__size_of__tdiv_to_l_                    (abs)        000000
__size_of_fround                         (abs)        000000
__size_of_initBT                         (abs)        000000
__size_of_initIO                         (abs)        000000
__size_of_main                           (abs)        000000
__size_of_printf                         (abs)        000000
__size_of_putch                          (abs)        000000
__size_of_scale                          (abs)        000000
__smallconst                             smallconst   000800
__tdiv_to_l_                             text8        00190A
__tdiv_to_l_@cntr                        cstackCOMRAM 00000E
__tdiv_to_l_@exp1                        cstackCOMRAM 00000F
__tdiv_to_l_@f1                          cstackCOMRAM 000001
__tdiv_to_l_@f2                          cstackCOMRAM 000004
__tdiv_to_l_@quot                        cstackCOMRAM 00000A
_dpowers                                 smallconst   000801
_fround                                  text4        00150C
_fround$2835                             cstackCOMRAM 00002A
_fround$2836                             cstackCOMRAM 000027
_initBT                                  text17       00275C
_initIO                                  text16       002780
_main                                    text0        0012A2
_main$2834                               cstackBANK0  000081
_mpu6050                                 bssCOMRAM    00004C
_printf                                  text1        0008AA
_printf$2838                             cstackBANK0  000060
_putch                                   text3        0027A2
_scale                                   text2        000E9A
_scale$2837                              cstackCOMRAM 000027
end_of_initialization                    cinit        0028C2
fround@prec                              cstackCOMRAM 00002D
intlevel0                                text         000000
intlevel1                                text         000000
intlevel2                                text         000000
intlevel3                                text         000000
main@A                                   cstackBANK0  000078
main@angle                               cstackBANK0  000090
main@ax                                  cstackBANK0  00008C
main@ay                                  cstackBANK0  000084
main@az                                  cstackBANK0  000086
main@data_in                             cstackBANK0  000077
main@dt                                  cstackBANK0  00007B
main@error_angle                         cstackBANK0  00007E
main@gx                                  cstackBANK0  00008E
main@gy                                  cstackBANK0  000088
main@gz                                  cstackBANK0  00008A
printf@ap                                cstackBANK0  000063
printf@c                                 cstackBANK0  000076
printf@exp                               cstackBANK0  00006D
printf@f                                 cstackCOMRAM 000040
printf@flag                              cstackBANK0  000065
printf@fval                              cstackBANK0  000073
printf@prec                              cstackBANK0  000067
printf@tmpval                            cstackBANK0  00006F
printf@val                               cstackBANK0  000069
putch@byte                               cstackCOMRAM 000002
putch@trash                              cstackCOMRAM 000001
scale@scl                                cstackCOMRAM 00002A
stackhi                                  (abs)        0007FF
stacklo                                  (abs)        000093
start                                    init         000000
start_initialization                     cinit        0028B6


FUNCTION INFORMATION:

 *************** function _main *****************
 Defined at:
		line 29 in file "main.c"
 Parameters:    Size  Location     Type
		None
 Auto vars:     Size  Location     Type
  angle           3   48[BANK0 ] float 
  error_angle     3   30[BANK0 ] float 
  dt              3   27[BANK0 ] float 
  A               3   24[BANK0 ] float 
  fgx             3    0        float 
  fgy             3    0        float 
  fgz             3    0        float 
  faz             3    0        float 
  fay             3    0        float 
  fax             3    0        float 
  gx              2   46[BANK0 ] int 
  ax              2   44[BANK0 ] int 
  gz              2   42[BANK0 ] int 
  gy              2   40[BANK0 ] int 
  az              2   38[BANK0 ] int 
  ay              2   36[BANK0 ] int 
  data_in         1   23[BANK0 ] unsigned char 
 Return value:  Size  Location     Type
                  2   28[None  ] int 
 Registers used:
		wreg, fsr2l, fsr2h, status,2, status,0, tblptrl, tblptrh, tblptru, prodl, prodh, cstack
 Tracked objects:
		On entry : 
		On exit  : 
		Unchanged: 
 Data sizes:     COMRAM   BANK0   BANK1   BANK2   BANK3   BANK4   BANK5   BANK6   BANK7
      Params:         0       0       0       0       0       0       0       0       0
      Locals:         0      28       0       0       0       0       0       0       0
      Temps:          1       0       0       0       0       0       0       0       0
      Totals:         1      28       0       0       0       0       0       0       0
Total ram usage:       29 bytes
 Hardware stack levels required when called:    7
 This function calls:
		_MPU6050
		_MPU6050_getMotion6
		_MPU6050_initialize
		_MPU6050_testConnection
		_OpenI2C
		___awtoft
		___ftadd
		___ftge
		___ftmul
		___ftneg
		___ftsub
		_initBT
		_initIO
		_printf
 This function is called by:
		Startup code after reset
 This function uses a non-reentrant model


 *************** function _printf *****************
 Defined at:
		line 464 in file "/home/fbuga/opt/microchip/xc8/v1.45/sources/common/doprnt.c"
 Parameters:    Size  Location     Type
  f               2   63[COMRAM] PTR const unsigned char 
		 -> STR_4(5), STR_3(14), STR_2(15), STR_1(15), 
 Auto vars:     Size  Location     Type
  tmpval          4   15[BANK0 ] struct .
  val             4    9[BANK0 ] unsigned long 
  fval            3   19[BANK0 ] unsigned long 
  cp              3    0        PTR const unsigned char 
  exp             2   13[BANK0 ] int 
  prec            2    7[BANK0 ] int 
  flag            2    5[BANK0 ] unsigned short 
  ap              2    3[BANK0 ] PTR void [1]
		 -> ?_printf(2), 
  len             2    0        unsigned int 
  width           2    0        int 
  c               1   22[BANK0 ] char 
  d               1    0        unsigned char 
 Return value:  Size  Location     Type
                  2   63[COMRAM] int 
 Registers used:
		wreg, fsr2l, fsr2h, status,2, status,0, tblptrl, tblptrh, tblptru, prodl, prodh, cstack
 Tracked objects:
		On entry : 
		On exit  : 
		Unchanged: 
 Data sizes:     COMRAM   BANK0   BANK1   BANK2   BANK3   BANK4   BANK5   BANK6   BANK7
      Params:         5       0       0       0       0       0       0       0       0
      Locals:         0      23       0       0       0       0       0       0       0
      Temps:          6       0       0       0       0       0       0       0       0
      Totals:        11      23       0       0       0       0       0       0       0
Total ram usage:       34 bytes
 Hardware stack levels used:    1
 Hardware stack levels required when called:    3
 This function calls:
		___awdiv
		___ftadd
		___ftge
		___ftmul
		___ftneg
		___ftsub
		___fttol
		___lldiv
		___llmod
		___lltoft
		___wmul
		__div_to_l_
		__tdiv_to_l_
		_fround
		_putch
		_scale
 This function is called by:
		_main
 This function uses a non-reentrant model


 *************** function _scale *****************
 Defined at:
		line 425 in file "/home/fbuga/opt/microchip/xc8/v1.45/sources/common/doprnt.c"
 Parameters:    Size  Location     Type
  scl             1    wreg     char 
 Auto vars:     Size  Location     Type
  scl             1   41[COMRAM] char 
 Return value:  Size  Location     Type
                  3   35[COMRAM] char 
 Registers used:
		wreg, status,2, status,0, tblptrl, tblptrh, tblptru, prodl, prodh, cstack
 Tracked objects:
		On entry : 
		On exit  : 
		Unchanged: 
 Data sizes:     COMRAM   BANK0   BANK1   BANK2   BANK3   BANK4   BANK5   BANK6   BANK7
      Params:         3       0       0       0       0       0       0       0       0
      Locals:         4       0       0       0       0       0       0       0       0
      Temps:          0       0       0       0       0       0       0       0       0
      Totals:         7       0       0       0       0       0       0       0       0
Total ram usage:        7 bytes
 Hardware stack levels used:    1
 Hardware stack levels required when called:    2
 This function calls:
		___awdiv
		___awmod
		___ftmul
		___wmul
 This function is called by:
		_printf
 This function uses a non-reentrant model


 *************** function _putch *****************
 Defined at:
		line 19 in file "USART_Source_File.c"
 Parameters:    Size  Location     Type
  byte            1    wreg     unsigned char 
 Auto vars:     Size  Location     Type
  byte            1    1[COMRAM] unsigned char 
  trash           1    0[COMRAM] unsigned char 
 Return value:  Size  Location     Type
                  1    wreg      void 
 Registers used:
		wreg
 Tracked objects:
		On entry : 
		On exit  : 
		Unchanged: 
 Data sizes:     COMRAM   BANK0   BANK1   BANK2   BANK3   BANK4   BANK5   BANK6   BANK7
      Params:         0       0       0       0       0       0       0       0       0
      Locals:         2       0       0       0       0       0       0       0       0
      Temps:          0       0       0       0       0       0       0       0       0
      Totals:         2       0       0       0       0       0       0       0       0
Total ram usage:        2 bytes
 Hardware stack levels used:    1
 This function calls:
		Nothing
 This function is called by:
		_printf
 This function uses a non-reentrant model


 *************** function _fround *****************
 Defined at:
		line 409 in file "/home/fbuga/opt/microchip/xc8/v1.45/sources/common/doprnt.c"
 Parameters:    Size  Location     Type
  prec            1    wreg     unsigned char 
 Auto vars:     Size  Location     Type
  prec            1   44[COMRAM] unsigned char 
 Return value:  Size  Location     Type
                  3   35[COMRAM] unsigned char 
 Registers used:
		wreg, status,2, status,0, tblptrl, tblptrh, tblptru, prodl, prodh, cstack
 Tracked objects:
		On entry : 
		On exit  : 
		Unchanged: 
 Data sizes:     COMRAM   BANK0   BANK1   BANK2   BANK3   BANK4   BANK5   BANK6   BANK7
      Params:         3       0       0       0       0       0       0       0       0
      Locals:         7       0       0       0       0       0       0       0       0
      Temps:          0       0       0       0       0       0       0       0       0
      Totals:        10       0       0       0       0       0       0       0       0
Total ram usage:       10 bytes
 Hardware stack levels used:    1
 Hardware stack levels required when called:    2
 This function calls:
		___awdiv
		___awmod
		___ftmul
		___wmul
 This function is called by:
		_printf
 This function uses a non-reentrant model


 *************** function ___ftmul *****************
 Defined at:
		line 62 in file "/home/fbuga/opt/microchip/xc8/v1.45/sources/common/ftmul.c"
 Parameters:    Size  Location     Type
  f1              3   20[COMRAM] float 
  f2              3   23[COMRAM] float 
 Auto vars:     Size  Location     Type
  f3_as_produc    3   30[COMRAM] unsigned um
  sign            1   34[COMRAM] unsigned char 
  cntr            1   33[COMRAM] unsigned char 
  exp             1   29[COMRAM] unsigned char 
 Return value:  Size  Location     Type
                  3   20[COMRAM] float 
 Registers used:
		wreg, status,2, status,0, cstack
 Tracked objects:
		On entry : 
		On exit  : 
		Unchanged: 
 Data sizes:     COMRAM   BANK0   BANK1   BANK2   BANK3   BANK4   BANK5   BANK6   BANK7
      Params:         6       0       0       0       0       0       0       0       0
      Locals:         6       0       0       0       0       0       0       0       0
      Temps:          3       0       0       0       0       0       0       0       0
      Totals:        15       0       0       0       0       0       0       0       0
Total ram usage:       15 bytes
 Hardware stack levels used:    1
 Hardware stack levels required when called:    1
 This function calls:
		___ftpack
 This function is called by:
		_main
		_fround
		_scale
		_printf
 This function uses a non-reentrant model


 *************** function ___awmod *****************
 Defined at:
		line 8 in file "/home/fbuga/opt/microchip/xc8/v1.45/sources/common/awmod.c"
 Parameters:    Size  Location     Type
  dividend        2    0[COMRAM] int 
  divisor         2    2[COMRAM] int 
 Auto vars:     Size  Location     Type
  sign            1    5[COMRAM] unsigned char 
  counter         1    4[COMRAM] unsigned char 
 Return value:  Size  Location     Type
                  2    0[COMRAM] int 
 Registers used:
		wreg, status,2, status,0
 Tracked objects:
		On entry : 
		On exit  : 
		Unchanged: 
 Data sizes:     COMRAM   BANK0   BANK1   BANK2   BANK3   BANK4   BANK5   BANK6   BANK7
      Params:         4       0       0       0       0       0       0       0       0
      Locals:         2       0       0       0       0       0       0       0       0
      Temps:          0       0       0       0       0       0       0       0       0
      Totals:         6       0       0       0       0       0       0       0       0
Total ram usage:        6 bytes
 Hardware stack levels used:    1
 This function calls:
		Nothing
 This function is called by:
		_fround
		_scale
 This function uses a non-reentrant model


 *************** function ___awdiv *****************
 Defined at:
		line 8 in file "/home/fbuga/opt/microchip/xc8/v1.45/sources/common/awdiv.c"
 Parameters:    Size  Location     Type
  dividend        2    6[COMRAM] int 
  divisor         2    8[COMRAM] int 
 Auto vars:     Size  Location     Type
  quotient        2   12[COMRAM] int 
  sign            1   11[COMRAM] unsigned char 
  counter         1   10[COMRAM] unsigned char 
 Return value:  Size  Location     Type
                  2    6[COMRAM] int 
 Registers used:
		wreg, status,2, status,0
 Tracked objects:
		On entry : 
		On exit  : 
		Unchanged: 
 Data sizes:     COMRAM   BANK0   BANK1   BANK2   BANK3   BANK4   BANK5   BANK6   BANK7
      Params:         4       0       0       0       0       0       0       0       0
      Locals:         4       0       0       0       0       0       0       0       0
      Temps:          0       0       0       0       0       0       0       0       0
      Totals:         8       0       0       0       0       0       0       0       0
Total ram usage:        8 bytes
 Hardware stack levels used:    1
 This function calls:
		Nothing
 This function is called by:
		_fround
		_scale
		_printf
 This function uses a non-reentrant model


 *************** function __tdiv_to_l_ *****************
 Defined at:
		line 60 in file "/home/fbuga/opt/microchip/xc8/v1.45/sources/common/ftdivl.c"
 Parameters:    Size  Location     Type
  f1              3    0[COMRAM] float 
  f2              3    3[COMRAM] float 
 Auto vars:     Size  Location     Type
  quot            4    9[COMRAM] unsigned long 
  exp1            1   14[COMRAM] unsigned char 
  cntr            1   13[COMRAM] unsigned char 
 Return value:  Size  Location     Type
                  4    0[COMRAM] unsigned long 
 Registers used:
		wreg, status,2, status,0
 Tracked objects:
		On entry : 
		On exit  : 
		Unchanged: 
 Data sizes:     COMRAM   BANK0   BANK1   BANK2   BANK3   BANK4   BANK5   BANK6   BANK7
      Params:         6       0       0       0       0       0       0       0       0
      Locals:         6       0       0       0       0       0       0       0       0
      Temps:          3       0       0       0       0       0       0       0       0
      Totals:        15       0       0       0       0       0       0       0       0
Total ram usage:       15 bytes
 Hardware stack levels used:    1
 This function calls:
		Nothing
 This function is called by:
		_printf
 This function uses a non-reentrant model


 *************** function __div_to_l_ *****************
 Defined at:
		line 60 in file "/home/fbuga/opt/microchip/xc8/v1.45/sources/common/fldivl.c"
 Parameters:    Size  Location     Type
  f1              3    0[COMRAM] unsigned long 
  f2              3    3[COMRAM] unsigned long 
 Auto vars:     Size  Location     Type
  quot            4    6[COMRAM] unsigned long 
  exp1            1   11[COMRAM] unsigned char 
  cntr            1   10[COMRAM] unsigned char 
 Return value:  Size  Location     Type
                  4    0[COMRAM] unsigned long 
 Registers used:
		wreg, status,2, status,0
 Tracked objects:
		On entry : 
		On exit  : 
		Unchanged: 
 Data sizes:     COMRAM   BANK0   BANK1   BANK2   BANK3   BANK4   BANK5   BANK6   BANK7
      Params:         6       0       0       0       0       0       0       0       0
      Locals:         6       0       0       0       0       0       0       0       0
      Temps:          0       0       0       0       0       0       0       0       0
      Totals:        12       0       0       0       0       0       0       0       0
Total ram usage:       12 bytes
 Hardware stack levels used:    1
 This function calls:
		Nothing
 This function is called by:
		_printf
 This function uses a non-reentrant model


 *************** function ___lltoft *****************
 Defined at:
		line 35 in file "/home/fbuga/opt/microchip/xc8/v1.45/sources/common/lltoft.c"
 Parameters:    Size  Location     Type
  c               4    8[COMRAM] unsigned long 
 Auto vars:     Size  Location     Type
  exp             1   16[COMRAM] unsigned char 
 Return value:  Size  Location     Type
                  3    8[COMRAM] float 
 Registers used:
		wreg, status,2, status,0, cstack
 Tracked objects:
		On entry : 
		On exit  : 
		Unchanged: 
 Data sizes:     COMRAM   BANK0   BANK1   BANK2   BANK3   BANK4   BANK5   BANK6   BANK7
      Params:         4       0       0       0       0       0       0       0       0
      Locals:         1       0       0       0       0       0       0       0       0
      Temps:          4       0       0       0       0       0       0       0       0
      Totals:         9       0       0       0       0       0       0       0       0
Total ram usage:        9 bytes
 Hardware stack levels used:    1
 Hardware stack levels required when called:    1
 This function calls:
		___ftpack
 This function is called by:
		_printf
 This function uses a non-reentrant model


 *************** function ___llmod *****************
 Defined at:
		line 8 in file "/home/fbuga/opt/microchip/xc8/v1.45/sources/common/llmod.c"
 Parameters:    Size  Location     Type
  dividend        4    0[COMRAM] unsigned long 
  divisor         4    4[COMRAM] unsigned long 
 Auto vars:     Size  Location     Type
  counter         1    8[COMRAM] unsigned char 
 Return value:  Size  Location     Type
                  4    0[COMRAM] unsigned long 
 Registers used:
		wreg, status,2, status,0
 Tracked objects:
		On entry : 
		On exit  : 
		Unchanged: 
 Data sizes:     COMRAM   BANK0   BANK1   BANK2   BANK3   BANK4   BANK5   BANK6   BANK7
      Params:         8       0       0       0       0       0       0       0       0
      Locals:         1       0       0       0       0       0       0       0       0
      Temps:          0       0       0       0       0       0       0       0       0
      Totals:         9       0       0       0       0       0       0       0       0
Total ram usage:        9 bytes
 Hardware stack levels used:    1
 This function calls:
		Nothing
 This function is called by:
		_printf
 This function uses a non-reentrant model


 *************** function ___lldiv *****************
 Defined at:
		line 8 in file "/home/fbuga/opt/microchip/xc8/v1.45/sources/common/lldiv.c"
 Parameters:    Size  Location     Type
  dividend        4    0[COMRAM] unsigned long 
  divisor         4    4[COMRAM] unsigned long 
 Auto vars:     Size  Location     Type
  quotient        4    8[COMRAM] unsigned long 
  counter         1   12[COMRAM] unsigned char 
 Return value:  Size  Location     Type
                  4    0[COMRAM] unsigned long 
 Registers used:
		wreg, status,2, status,0
 Tracked objects:
		On entry : 
		On exit  : 
		Unchanged: 
 Data sizes:     COMRAM   BANK0   BANK1   BANK2   BANK3   BANK4   BANK5   BANK6   BANK7
      Params:         8       0       0       0       0       0       0       0       0
      Locals:         5       0       0       0       0       0       0       0       0
      Temps:          0       0       0       0       0       0       0       0       0
      Totals:        13       0       0       0       0       0       0       0       0
Total ram usage:       13 bytes
 Hardware stack levels used:    1
 This function calls:
		Nothing
 This function is called by:
		_printf
 This function uses a non-reentrant model


 *************** function ___ftsub *****************
 Defined at:
		line 20 in file "/home/fbuga/opt/microchip/xc8/v1.45/sources/common/ftsub.c"
 Parameters:    Size  Location     Type
  f1              3   57[COMRAM] float 
  f2              3   60[COMRAM] float 
 Auto vars:     Size  Location     Type
		None
 Return value:  Size  Location     Type
                  3   57[COMRAM] float 
 Registers used:
		wreg, status,2, status,0, cstack
 Tracked objects:
		On entry : 
		On exit  : 
		Unchanged: 
 Data sizes:     COMRAM   BANK0   BANK1   BANK2   BANK3   BANK4   BANK5   BANK6   BANK7
      Params:         6       0       0       0       0       0       0       0       0
      Locals:         0       0       0       0       0       0       0       0       0
      Temps:          0       0       0       0       0       0       0       0       0
      Totals:         6       0       0       0       0       0       0       0       0
Total ram usage:        6 bytes
 Hardware stack levels used:    1
 Hardware stack levels required when called:    2
 This function calls:
		___ftadd
 This function is called by:
		_main
		_printf
 This function uses a non-reentrant model


 *************** function ___ftneg *****************
 Defined at:
		line 15 in file "/home/fbuga/opt/microchip/xc8/v1.45/sources/common/ftneg.c"
 Parameters:    Size  Location     Type
  f1              3    0[COMRAM] float 
 Auto vars:     Size  Location     Type
		None
 Return value:  Size  Location     Type
                  3    0[COMRAM] float 
 Registers used:
		wreg, status,2, status,0
 Tracked objects:
		On entry : 
		On exit  : 
		Unchanged: 
 Data sizes:     COMRAM   BANK0   BANK1   BANK2   BANK3   BANK4   BANK5   BANK6   BANK7
      Params:         3       0       0       0       0       0       0       0       0
      Locals:         0       0       0       0       0       0       0       0       0
      Temps:          0       0       0       0       0       0       0       0       0
      Totals:         3       0       0       0       0       0       0       0       0
Total ram usage:        3 bytes
 Hardware stack levels used:    1
 This function calls:
		Nothing
 This function is called by:
		_main
		_printf
 This function uses a non-reentrant model


 *************** function ___ftge *****************
 Defined at:
		line 4 in file "/home/fbuga/opt/microchip/xc8/v1.45/sources/common/ftge.c"
 Parameters:    Size  Location     Type
  ff1             3    0[COMRAM] float 
  ff2             3    3[COMRAM] float 
 Auto vars:     Size  Location     Type
		None
 Return value:  Size  Location     Type
		None               void
 Registers used:
		wreg, status,2, status,0
 Tracked objects:
		On entry : 
		On exit  : 
		Unchanged: 
 Data sizes:     COMRAM   BANK0   BANK1   BANK2   BANK3   BANK4   BANK5   BANK6   BANK7
      Params:         6       0       0       0       0       0       0       0       0
      Locals:         0       0       0       0       0       0       0       0       0
      Temps:          3       0       0       0       0       0       0       0       0
      Totals:         9       0       0       0       0       0       0       0       0
Total ram usage:        9 bytes
 Hardware stack levels used:    1
 This function calls:
		Nothing
 This function is called by:
		_main
		_printf
 This function uses a non-reentrant model


 *************** function _initIO *****************
 Defined at:
		line 14 in file "Inits.c"
 Parameters:    Size  Location     Type
		None
 Auto vars:     Size  Location     Type
		None
 Return value:  Size  Location     Type
                  1    wreg      void 
 Registers used:
		wreg, status,2
 Tracked objects:
		On entry : 
		On exit  : 
		Unchanged: 
 Data sizes:     COMRAM   BANK0   BANK1   BANK2   BANK3   BANK4   BANK5   BANK6   BANK7
      Params:         0       0       0       0       0       0       0       0       0
      Locals:         0       0       0       0       0       0       0       0       0
      Temps:          0       0       0       0       0       0       0       0       0
      Totals:         0       0       0       0       0       0       0       0       0
Total ram usage:        0 bytes
 Hardware stack levels used:    1
 This function calls:
		Nothing
 This function is called by:
		_main
 This function uses a non-reentrant model


 *************** function _initBT *****************
 Defined at:
		line 22 in file "Inits.c"
 Parameters:    Size  Location     Type
		None
 Auto vars:     Size  Location     Type
		None
 Return value:  Size  Location     Type
                  1    wreg      void 
 Registers used:
		wreg, status,2, status,0, cstack
 Tracked objects:
		On entry : 
		On exit  : 
		Unchanged: 
 Data sizes:     COMRAM   BANK0   BANK1   BANK2   BANK3   BANK4   BANK5   BANK6   BANK7
      Params:         0       0       0       0       0       0       0       0       0
      Locals:         0       0       0       0       0       0       0       0       0
      Temps:          1       0       0       0       0       0       0       0       0
      Totals:         1       0       0       0       0       0       0       0       0
Total ram usage:        1 bytes
 Hardware stack levels used:    1
 Hardware stack levels required when called:    3
 This function calls:
		_USART_Init
 This function is called by:
		_main
 This function uses a non-reentrant model


 *************** function _USART_Init *****************
 Defined at:
		line 8 in file "USART_Source_File.c"
 Parameters:    Size  Location     Type
  baud_rate       4   57[COMRAM] long 
 Auto vars:     Size  Location     Type
  temp            3   61[COMRAM] float 
 Return value:  Size  Location     Type
                  1    wreg      void 
 Registers used:
		wreg, status,2, status,0, cstack
 Tracked objects:
		On entry : 
		On exit  : 
		Unchanged: 
 Data sizes:     COMRAM   BANK0   BANK1   BANK2   BANK3   BANK4   BANK5   BANK6   BANK7
      Params:         4       0       0       0       0       0       0       0       0
      Locals:         3       0       0       0       0       0       0       0       0
      Temps:          0       0       0       0       0       0       0       0       0
      Totals:         7       0       0       0       0       0       0       0       0
Total ram usage:        7 bytes
 Hardware stack levels used:    1
 Hardware stack levels required when called:    2
 This function calls:
		___altoft
		___ftadd
		___ftdiv
		___fttol
 This function is called by:
		_initBT
 This function uses a non-reentrant model


 *************** function ___fttol *****************
 Defined at:
		line 44 in file "/home/fbuga/opt/microchip/xc8/v1.45/sources/common/fttol.c"
 Parameters:    Size  Location     Type
  f1              3   42[COMRAM] float 
 Auto vars:     Size  Location     Type
  lval            4   52[COMRAM] unsigned long 
  exp1            1   56[COMRAM] unsigned char 
  sign1           1   51[COMRAM] unsigned char 
 Return value:  Size  Location     Type
                  4   42[COMRAM] long 
 Registers used:
		wreg, status,2, status,0
 Tracked objects:
		On entry : 
		On exit  : 
		Unchanged: 
 Data sizes:     COMRAM   BANK0   BANK1   BANK2   BANK3   BANK4   BANK5   BANK6   BANK7
      Params:         4       0       0       0       0       0       0       0       0
      Locals:         6       0       0       0       0       0       0       0       0
      Temps:          5       0       0       0       0       0       0       0       0
      Totals:        15       0       0       0       0       0       0       0       0
Total ram usage:       15 bytes
 Hardware stack levels used:    1
 This function calls:
		Nothing
 This function is called by:
		_USART_Init
		_printf
 This function uses a non-reentrant model


 *************** function ___ftdiv *****************
 Defined at:
		line 54 in file "/home/fbuga/opt/microchip/xc8/v1.45/sources/common/ftdiv.c"
 Parameters:    Size  Location     Type
  f1              3   18[COMRAM] float 
  f2              3   21[COMRAM] float 
 Auto vars:     Size  Location     Type
  f3              3   28[COMRAM] float 
  sign            1   32[COMRAM] unsigned char 
  exp             1   31[COMRAM] unsigned char 
  cntr            1   27[COMRAM] unsigned char 
 Return value:  Size  Location     Type
                  3   18[COMRAM] float 
 Registers used:
		wreg, status,2, status,0, cstack
 Tracked objects:
		On entry : 
		On exit  : 
		Unchanged: 
 Data sizes:     COMRAM   BANK0   BANK1   BANK2   BANK3   BANK4   BANK5   BANK6   BANK7
      Params:         6       0       0       0       0       0       0       0       0
      Locals:         6       0       0       0       0       0       0       0       0
      Temps:          3       0       0       0       0       0       0       0       0
      Totals:        15       0       0       0       0       0       0       0       0
Total ram usage:       15 bytes
 Hardware stack levels used:    1
[...]
Total ram usage:        3 bytes
 Hardware stack levels used:    1
 Hardware stack levels required when called:    3
 This function calls:
		_I2Cdev_writeBytes
 This function is called by:
		_I2Cdev_writeBit
		_I2Cdev_writeBits
		_MPU6050_setRate
		_MPU6050_setFreefallDetectionThreshold
		_MPU6050_setFreefallDetectionDuration
		_MPU6050_setMotionDetectionThreshold
		_MPU6050_setMotionDetectionDuration
		_MPU6050_setZeroMotionDetectionThreshold
		_MPU6050_setZeroMotionDetectionDuration
		_MPU6050_setSlaveAddress
		_MPU6050_setSlaveRegister
		_MPU6050_setSlave4Address
		_MPU6050_setSlave4Register
		_MPU6050_setSlave4OutputByte
		_MPU6050_setIntEnabled
		_MPU6050_setSlaveOutputByte
		_MPU6050_setFIFOByte
		_MPU6050_setXFineGain
		_MPU6050_setYFineGain
		_MPU6050_setZFineGain
		_MPU6050_setMemoryBank
		_MPU6050_setMemoryStartAddress
		_MPU6050_writeMemoryByte
		_MPU6050_setDMPConfig1
		_MPU6050_setDMPConfig2
 This function uses a non-reentrant model


 *************** function _I2Cdev_writeBytes *****************
 Defined at:
		line 254 in file "I2Cdev.c"
 Parameters:    Size  Location     Type
  devAddr         1    wreg     unsigned char 
  regAddr         1    2[COMRAM] unsigned char 
  length          1    3[COMRAM] unsigned char 
  data            2    4[COMRAM] PTR unsigned char 
		 -> I2Cdev_writeByte@data(1), 
 Auto vars:     Size  Location     Type
  devAddr         1    6[COMRAM] unsigned char 
  i               1    7[COMRAM] unsigned char 
 Return value:  Size  Location     Type
                  1    wreg      unsigned char 
 Registers used:
		wreg, fsr2l, fsr2h, status,2, status,0, prodl, prodh, cstack
 Tracked objects:
		On entry : 
		On exit  : 
		Unchanged: 
 Data sizes:     COMRAM   BANK0   BANK1   BANK2   BANK3   BANK4   BANK5   BANK6   BANK7
      Params:         4       0       0       0       0       0       0       0       0
      Locals:         2       0       0       0       0       0       0       0       0
      Temps:          0       0       0       0       0       0       0       0       0
      Totals:         6       0       0       0       0       0       0       0       0
Total ram usage:        6 bytes
 Hardware stack levels used:    1
 Hardware stack levels required when called:    2
 This function calls:
		_IdleI2C
		_WriteI2C
 This function is called by:
		_I2Cdev_writeByte
 This function uses a non-reentrant model


 *************** function _I2Cdev_readByte *****************
 Defined at:
		line 95 in file "I2Cdev.c"
 Parameters:    Size  Location     Type
  devAddr         1    wreg     unsigned char 
  regAddr         1   32[COMRAM] unsigned char 
  data            2   33[COMRAM] PTR unsigned char 
		 -> mpu6050(15), I2Cdev_writeBits@b(1), I2Cdev_writeBit@b(1), I2Cdev_readBits@b(1), 
		 -> I2Cdev_readBit@b(1), 
 Auto vars:     Size  Location     Type
  devAddr         1   35[COMRAM] unsigned char 
 Return value:  Size  Location     Type
                  1    wreg      char 
 Registers used:
		wreg, fsr2l, fsr2h, status,2, status,0, prodl, prodh, cstack
 Tracked objects:
		On entry : 
		On exit  : 
		Unchanged: 
 Data sizes:     COMRAM   BANK0   BANK1   BANK2   BANK3   BANK4   BANK5   BANK6   BANK7
      Params:         3       0       0       0       0       0       0       0       0
      Locals:         1       0       0       0       0       0       0       0       0
      Temps:          0       0       0       0       0       0       0       0       0
      Totals:         4       0       0       0       0       0       0       0       0
Total ram usage:        4 bytes
 Hardware stack levels used:    1
 Hardware stack levels required when called:    3
 This function calls:
		_I2Cdev_readBytes
 This function is called by:
		_I2Cdev_readBits
		_I2Cdev_writeBit
		_I2Cdev_writeBits
		_I2Cdev_readBit
		_MPU6050_getRate
		_MPU6050_getFreefallDetectionThreshold
		_MPU6050_getFreefallDetectionDuration
		_MPU6050_getMotionDetectionThreshold
		_MPU6050_getMotionDetectionDuration
		_MPU6050_getZeroMotionDetectionThreshold
		_MPU6050_getZeroMotionDetectionDuration
		_MPU6050_getSlaveAddress
		_MPU6050_getSlaveRegister
		_MPU6050_getSlave4Address
		_MPU6050_getSlave4Register
		_MPU6050_getSlate4InputByte
		_MPU6050_getIntEnabled
		_MPU6050_getIntStatus
		_MPU6050_getExternalSensorByte
		_MPU6050_getFIFOByte
		_MPU6050_getXFineGain
		_MPU6050_getYFineGain
		_MPU6050_getZFineGain
		_MPU6050_readMemoryByte
		_MPU6050_getDMPConfig1
		_MPU6050_getDMPConfig2
 This function uses a non-reentrant model


 *************** function _MPU6050_getMotion6 *****************
 Defined at:
		line 1733 in file "MPU6050.c"
 Parameters:    Size  Location     Type
  ax              2   32[COMRAM] PTR int 
		 -> main@ax(2), 
  ay              2   34[COMRAM] PTR int 
		 -> main@ay(2), 
  az              2   36[COMRAM] PTR int 
		 -> main@az(2), 
  gx              2   38[COMRAM] PTR int 
		 -> main@gx(2), 
  gy              2   40[COMRAM] PTR int 
		 -> main@gy(2), 
  gz              2   42[COMRAM] PTR int 
		 -> main@gz(2), 
 Auto vars:     Size  Location     Type
		None
 Return value:  Size  Location     Type
                  1    wreg      void 
 Registers used:
		wreg, fsr2l, fsr2h, status,2, status,0, prodl, prodh, cstack
 Tracked objects:
		On entry : 
		On exit  : 
		Unchanged: 
 Data sizes:     COMRAM   BANK0   BANK1   BANK2   BANK3   BANK4   BANK5   BANK6   BANK7
      Params:        12       0       0       0       0       0       0       0       0
      Locals:         0       0       0       0       0       0       0       0       0
      Temps:          2       0       0       0       0       0       0       0       0
      Totals:        14       0       0       0       0       0       0       0       0
Total ram usage:       14 bytes
 Hardware stack levels used:    1
 Hardware stack levels required when called:    3
 This function calls:
		_I2Cdev_readBytes
 This function is called by:
		_main
		_MPU6050_getMotion9
 This function uses a non-reentrant model


 *************** function _I2Cdev_readBytes *****************
 Defined at:
		line 43 in file "I2Cdev.c"
 Parameters:    Size  Location     Type
  devAddr         1    wreg     unsigned char 
  regAddr         1   20[COMRAM] unsigned char 
  length          1   21[COMRAM] unsigned char 
  data            2   22[COMRAM] PTR unsigned char 
		 -> mpu6050(15), I2Cdev_writeBits@b(1), I2Cdev_writeBit@b(1), I2Cdev_readBits@b(1), 
		 -> I2Cdev_readBit@b(1), 
 Auto vars:     Size  Location     Type
  devAddr         1   30[COMRAM] unsigned char 
  count           1   31[COMRAM] char 
 Return value:  Size  Location     Type
                  1    wreg      char 
 Registers used:
		wreg, fsr2l, fsr2h, status,2, status,0, prodl, prodh, cstack
 Tracked objects:
		On entry : 
		On exit  : 
		Unchanged: 
 Data sizes:     COMRAM   BANK0   BANK1   BANK2   BANK3   BANK4   BANK5   BANK6   BANK7
      Params:         4       0       0       0       0       0       0       0       0
      Locals:         2       0       0       0       0       0       0       0       0
      Temps:          6       0       0       0       0       0       0       0       0
      Totals:        12       0       0       0       0       0       0       0       0
Total ram usage:       12 bytes
 Hardware stack levels used:    1
 Hardware stack levels required when called:    2
 This function calls:
		_IdleI2C
		_ReadI2C
		_WriteI2C
		___wmul
 This function is called by:
		_I2Cdev_readByte
		_MPU6050_getMotion6
		_MPU6050_getAcceleration
		_MPU6050_getAccelerationX
		_MPU6050_getAccelerationY
		_MPU6050_getAccelerationZ
		_MPU6050_getTemperature
		_MPU6050_getRotation
		_MPU6050_getRotationX
		_MPU6050_getRotationY
		_MPU6050_getRotationZ
		_MPU6050_getExternalSensorWord
		_MPU6050_getExternalSensorDWord
		_MPU6050_getFIFOCount
		_MPU6050_getFIFOBytes
		_MPU6050_getXAccelOffset
		_MPU6050_getYAccelOffset
		_MPU6050_getZAccelOffset
		_MPU6050_getXGyroOffset
		_MPU6050_getYGyroOffset
		_MPU6050_getZGyroOffset
		_MPU6050_readMemoryBlock
 This function uses a non-reentrant model


 *************** function ___wmul *****************
 Defined at:
		line 15 in file "/home/fbuga/opt/microchip/xc8/v1.45/sources/common/Umul16.c"
 Parameters:    Size  Location     Type
  multiplier      2   14[COMRAM] unsigned int 
  multiplicand    2   16[COMRAM] unsigned int 
 Auto vars:     Size  Location     Type
  product         2   18[COMRAM] unsigned int 
 Return value:  Size  Location     Type
                  2   14[COMRAM] unsigned int 
 Registers used:
		wreg, status,2, status,0, prodl, prodh
 Tracked objects:
		On entry : 
		On exit  : 
		Unchanged: 
 Data sizes:     COMRAM   BANK0   BANK1   BANK2   BANK3   BANK4   BANK5   BANK6   BANK7
      Params:         4       0       0       0       0       0       0       0       0
      Locals:         2       0       0       0       0       0       0       0       0
      Temps:          0       0       0       0       0       0       0       0       0
      Totals:         6       0       0       0       0       0       0       0       0
Total ram usage:        6 bytes
 Hardware stack levels used:    1
 This function calls:
		Nothing
 This function is called by:
		_I2Cdev_readBytes
		_fround
		_scale
		_printf
		_I2Cdev_readWords
 This function uses a non-reentrant model


 *************** function _WriteI2C *****************
 Defined at:
		line 12 in file "/home/fbuga/opt/microchip/xc8/v1.45/sources/pic18/plib/i2c/i2c_writ.c"
 Parameters:    Size  Location     Type
  data_out        1    wreg     unsigned char 
 Auto vars:     Size  Location     Type
  data_out        1    1[COMRAM] unsigned char 
 Return value:  Size  Location     Type
                  1    wreg      char 
 Registers used:
		wreg, status,2, status,0, cstack
 Tracked objects:
		On entry : 
		On exit  : 
		Unchanged: 
 Data sizes:     COMRAM   BANK0   BANK1   BANK2   BANK3   BANK4   BANK5   BANK6   BANK7
      Params:         0       0       0       0       0       0       0       0       0
      Locals:         1       0       0       0       0       0       0       0       0
      Temps:          0       0       0       0       0       0       0       0       0
      Totals:         1       0       0       0       0       0       0       0       0
Total ram usage:        1 bytes
 Hardware stack levels used:    1
 Hardware stack levels required when called:    1
 This function calls:
		_IdleI2C
 This function is called by:
		_I2Cdev_readBytes
		_I2Cdev_writeBytes
		_I2Cdev_readWords
		_I2Cdev_writeWords
 This function uses a non-reentrant model


 *************** function _IdleI2C *****************
 Defined at:
		line 24 in file "/home/fbuga/opt/microchip/xc8/v1.45/sources/pic18/plib/i2c/i2c_idle.c"
 Parameters:    Size  Location     Type
		None
 Auto vars:     Size  Location     Type
		None
 Return value:  Size  Location     Type
                  1    wreg      void 
 Registers used:
		wreg, status,2, status,0
 Tracked objects:
		On entry : 
		On exit  : 
		Unchanged: 
 Data sizes:     COMRAM   BANK0   BANK1   BANK2   BANK3   BANK4   BANK5   BANK6   BANK7
      Params:         0       0       0       0       0       0       0       0       0
      Locals:         0       0       0       0       0       0       0       0       0
      Temps:          1       0       0       0       0       0       0       0       0
      Totals:         1       0       0       0       0       0       0       0       0
Total ram usage:        1 bytes
 Hardware stack levels used:    1
 This function calls:
		Nothing
 This function is called by:
		_I2Cdev_readBytes
		_I2Cdev_writeBytes
		_WriteI2C
		_I2Cdev_readWords
		_I2Cdev_writeWords
 This function uses a non-reentrant model


 *************** function _ReadI2C *****************
 Defined at:
		line 11 in file "/home/fbuga/opt/microchip/xc8/v1.45/sources/pic18/plib/i2c/i2c_read.c"
 Parameters:    Size  Location     Type
		None
 Auto vars:     Size  Location     Type
		None
 Return value:  Size  Location     Type
                  1    wreg      unsigned char 
 Registers used:
		wreg, status,2, status,0
 Tracked objects:
		On entry : 
		On exit  : 
		Unchanged: 
 Data sizes:     COMRAM   BANK0   BANK1   BANK2   BANK3   BANK4   BANK5   BANK6   BANK7
      Params:         0       0       0       0       0       0       0       0       0
      Locals:         0       0       0       0       0       0       0       0       0
      Temps:          0       0       0       0       0       0       0       0       0
      Totals:         0       0       0       0       0       0       0       0       0
Total ram usage:        0 bytes
 Hardware stack levels used:    1
 This function calls:
		Nothing
 This function is called by:
		_I2Cdev_readBytes
		_I2Cdev_readWords
 This function uses a non-reentrant model


 *************** function _MPU6050 *****************
 Defined at:
		line 51 in file "MPU6050.c"
 Parameters:    Size  Location     Type
  address         1    wreg     unsigned char 
 Auto vars:     Size  Location     Type
  address         1    0[COMRAM] unsigned char 
 Return value:  Size  Location     Type
                  1    wreg      void 
 Registers used:
		wreg
 Tracked objects:
		On entry : 
		On exit  : 
		Unchanged: 
 Data sizes:     COMRAM   BANK0   BANK1   BANK2   BANK3   BANK4   BANK5   BANK6   BANK7
      Params:         0       0       0       0       0       0       0       0       0
      Locals:         1       0       0       0       0       0       0       0       0
      Temps:          0       0       0       0       0       0       0       0       0
      Totals:         1       0       0       0       0       0       0       0       0
Total ram usage:        1 bytes
 Hardware stack levels used:    1
 This function calls:
		Nothing
 This function is called by:
		_main
 This function uses a non-reentrant model



MODULE INFORMATION

Module		Function		Class		Link	Load	Size
/home/fbuga/opt/microchip/xc8/v1.45/sources/common/doprnt.c
		_scale         		CODE           	0E9A	0000	1033
		_printf        		CODE           	08AA	0000	1521
		_fround        		CODE           	150C	0000	595

/home/fbuga/opt/microchip/xc8/v1.45/sources/common/doprnt.c estimated size: 3149

/home/fbuga/opt/microchip/xc8/v1.45/sources/common/fttol.c
		___fttol       		CODE           	1C58	0000	245

/home/fbuga/opt/microchip/xc8/v1.45/sources/common/fttol.c estimated size: 245

/home/fbuga/opt/microchip/xc8/v1.45/sources/common/ftdivl.c
		__tdiv_to_l_   		CODE           	190A	0000	307

/home/fbuga/opt/microchip/xc8/v1.45/sources/common/ftdivl.c estimated size: 307

MPU6050.c
		_MPU6050_initialize		CODE           	281A	0000	27
		_MPU6050_getDeviceID		CODE           	27E0	0000	31
		_MPU6050_setFullScaleGyroRange		CODE           	2834	0000	27
		_MPU6050_setSleepEnabled		CODE           	28CC	0000	23
		_MPU6050       		CODE           	2906	0000	9
		_MPU6050_setClockSource		CODE           	2868	0000	27
		_MPU6050_setFullScaleAccelRange		CODE           	284E	0000	27
		_MPU6050_testConnection		CODE           	28E2	0000	19
		_MPU6050_getMotion6		CODE           	1D4C	0000	241

MPU6050.c estimated size: 431

/home/fbuga/opt/microchip/xc8/v1.45/sources/common/Umul16.c
		___wmul        		CODE           	2712	0000	39

/home/fbuga/opt/microchip/xc8/v1.45/sources/common/Umul16.c estimated size: 39

/home/fbuga/opt/microchip/xc8/v1.45/sources/common/ftadd.c
		___ftadd       		CODE           	175E	0000	429

/home/fbuga/opt/microchip/xc8/v1.45/sources/common/ftadd.c estimated size: 429

/home/fbuga/opt/microchip/xc8/v1.45/sources/common/ftge.c
		___ftge        		CODE           	20BA	0000	145

/home/fbuga/opt/microchip/xc8/v1.45/sources/common/ftge.c estimated size: 145

USART_Source_File.c
		_putch         		CODE           	27A2	0000	33
		_USART_Init    		CODE           	23D0	0000	123

USART_Source_File.c estimated size: 156

Inits.c
		_initBT        		CODE           	275C	0000	37
		_initIO        		CODE           	2780	0000	35

Inits.c estimated size: 72

/home/fbuga/opt/microchip/xc8/v1.45/sources/common/ftneg.c
		___ftneg       		CODE           	2738	0000	37

/home/fbuga/opt/microchip/xc8/v1.45/sources/common/ftneg.c estimated size: 37

/home/fbuga/opt/microchip/xc8/v1.45/sources/pic18/plib/i2c/i2c_writ.c
		_WriteI2C      		CODE           	264E	0000	77

/home/fbuga/opt/microchip/xc8/v1.45/sources/pic18/plib/i2c/i2c_writ.c estimated size: 77

/home/fbuga/opt/microchip/xc8/v1.45/sources/common/fldivl.c
		__div_to_l_    		CODE           	1A3C	0000	297

/home/fbuga/opt/microchip/xc8/v1.45/sources/common/fldivl.c estimated size: 297

/home/fbuga/opt/microchip/xc8/v1.45/sources/common/ftsub.c
		___ftsub       		CODE           	269A	0000	65

/home/fbuga/opt/microchip/xc8/v1.45/sources/common/ftsub.c estimated size: 65

/home/fbuga/opt/microchip/xc8/v1.45/sources/common/float.c
		___ftpack      		CODE           	200C	0000	175

/home/fbuga/opt/microchip/xc8/v1.45/sources/common/float.c estimated size: 175

/home/fbuga/opt/microchip/xc8/v1.45/sources/common/awmod.c
		___awmod       		CODE           	24C2	0000	113

/home/fbuga/opt/microchip/xc8/v1.45/sources/common/awmod.c estimated size: 113

/home/fbuga/opt/microchip/xc8/v1.45/sources/pic18/plib/i2c/i2c_open.c
		_OpenI2C       		CODE           	27C2	0000	31

/home/fbuga/opt/microchip/xc8/v1.45/sources/pic18/plib/i2c/i2c_open.c estimated size: 31

/home/fbuga/opt/microchip/xc8/v1.45/sources/common/llmod.c
		___llmod       		CODE           	2532	0000	103

/home/fbuga/opt/microchip/xc8/v1.45/sources/common/llmod.c estimated size: 103

/home/fbuga/opt/microchip/xc8/v1.45/sources/common/awtoft.c
		___awtoft      		CODE           	26DA	0000	57

/home/fbuga/opt/microchip/xc8/v1.45/sources/common/awtoft.c estimated size: 57

/home/fbuga/opt/microchip/xc8/v1.45/sources/common/altoft.c
		___altoft      		CODE           	244A	0000	121

/home/fbuga/opt/microchip/xc8/v1.45/sources/common/altoft.c estimated size: 121

shared
		__powers_      		SMALLCONST     	0829	0000	40
		_dpowers       		SMALLCONST     	0801	0000	41
		__npowers_     		SMALLCONST     	0850	0000	40
		__initialization		CODE           	28B6	0000	13

shared estimated size: 134

/home/fbuga/opt/microchip/xc8/v1.45/sources/common/ftmul.c
		___ftmul       		CODE           	1B64	0000	245

/home/fbuga/opt/microchip/xc8/v1.45/sources/common/ftmul.c estimated size: 245

/home/fbuga/opt/microchip/xc8/v1.45/sources/common/ftdiv.c
		___ftdiv       		CODE           	1F26	0000	231

/home/fbuga/opt/microchip/xc8/v1.45/sources/common/ftdiv.c estimated size: 231

/home/fbuga/opt/microchip/xc8/v1.45/sources/common/lltoft.c
		___lltoft      		CODE           	2598	0000	93

/home/fbuga/opt/microchip/xc8/v1.45/sources/common/lltoft.c estimated size: 93

/home/fbuga/opt/microchip/xc8/v1.45/sources/pic18/plib/i2c/i2c_read.c
		_ReadI2C       		CODE           	27FE	0000	29

/home/fbuga/opt/microchip/xc8/v1.45/sources/pic18/plib/i2c/i2c_read.c estimated size: 29

/home/fbuga/opt/microchip/xc8/v1.45/sources/common/awdiv.c
		___awdiv       		CODE           	21D0	0000	133

/home/fbuga/opt/microchip/xc8/v1.45/sources/common/awdiv.c estimated size: 133

main.c
		_main          		CODE           	12A2	0000	619

main.c estimated size: 619

/home/fbuga/opt/microchip/xc8/v1.45/sources/common/lldiv.c
		___lldiv       		CODE           	2254	0000	131

/home/fbuga/opt/microchip/xc8/v1.45/sources/common/lldiv.c estimated size: 131

I2Cdev.c
		_I2Cdev_writeBytes		CODE           	25F4	0000	91
		_I2Cdev_readByte		CODE           	289C	0000	27
		_I2Cdev_writeBit		CODE           	22D6	0000	127
		_I2Cdev_readBits		CODE           	2354	0000	125
		_I2Cdev_writeByte		CODE           	2882	0000	27
		_I2Cdev_readBytes		CODE           	1E3C	0000	235
		_I2Cdev_writeBits		CODE           	214A	0000	135

I2Cdev.c estimated size: 767

/home/fbuga/opt/microchip/xc8/v1.45/sources/pic18/plib/i2c/i2c_idle.c
		_IdleI2C       		CODE           	28F4	0000	19

/home/fbuga/opt/microchip/xc8/v1.45/sources/pic18/plib/i2c/i2c_idle.c estimated size: 19

